8.8.4.4 - - [08/Nov/2024:09:17:51 +0000] "GET /index.php HTTP/1.1" 200 12317 "-" "Mozilla/5.0 (Windows NT 10.0; Win64; x64) AppleWebKit/537.36 (KHTML, like Gecko) Chrome/124.0.0.0 Safari/537.36"
8.8.4.4 - - [08/Nov/2024:09:18:10 +0000] "GET /favicon.ico HTTP/1.1" 200 953 "https://bing.com/" "Mozilla/5.0 (Windows NT 10.0; Win64; x64; rv:125.0) Gecko/20100101 Firefox/125.0"
103.21.244.10 - - [08/Nov/2024:09:18:15 +0000] "GET /profile.php HTTP/1.1" 200 6888 "https://corpx.local/" "Mozilla/5.0 (Windows NT 10.0; Win64; x64) AppleWebKit/537.36 (KHTML, like Gecko) Chrome/124.0.0.0 Safari/537.36"
99.83.231.61 - - [08/Nov/2024:09:18:20 +0000] "GET /login.php HTTP/1.1" 200 5135 "https://bing.com/" "Mozilla/5.0 (Windows NT 10.0; Win64; x64) AppleWebKit/537.36 (KHTML, like Gecko) Chrome/124.0.0.0 Safari/537.36 Edg/124.0.0.0"
165.227.88.12 - - [08/Nov/2024:09:18:36 +0000] "GET /docs/ HTTP/1.1" 200 5203 "-" "Mozilla/5.0 (Windows NT 10.0; Win64; x64) AppleWebKit/537.36 (KHTML, like Gecko) Chrome/124.0.0.0 Safari/537.36 Edg/124.0.0.0"
2.56.57.100 - - [08/Nov/2024:09:18:37 +0000] "GET /search?q=linux HTTP/1.1" 200 7847 "-" "Mozilla/5.0 (Linux; Android 14; Pixel 8) AppleWebKit/537.36 (KHTML, like Gecko) Chrome/124.0.0.0 Mobile Safari/537.36"
54.230.123.44 - - [08/Nov/2024:09:18:56 +0000] "GET /profile.php HTTP/1.1" 200 6799 "https://bing.com/" "Mozilla/5.0 (X11; Linux x86_64; rv:125.0) Gecko/20100101 Firefox/125.0"
185.220.101.9 - - [08/Nov/2024:09:18:58 +0000] "POST /contact.php HTTP/1.1" 200 938 "-" "Mozilla/5.0 (X11; Linux x86_64; rv:125.0) Gecko/20100101 Firefox/125.0"
162.158.92.14 - - [08/Nov/2024:09:19:13 +0000] "GET /blog/post-2 HTTP/1.1" 200 5312 "-" "Mozilla/5.0 (Linux; Android 14; Pixel 8) AppleWebKit/537.36 (KHTML, like Gecko) Chrome/124.0.0.0 Mobile Safari/537.36"
104.244.42.65 - - [08/Nov/2024:09:19:26 +0000] "GET /404.html HTTP/1.1" 404 2444 "-" "Mozilla/5.0 (X11; Linux x86_64; rv:125.0) Gecko/20100101 Firefox/125.0"
54.230.123.44 - - [08/Nov/2024:09:19:47 +0000] "GET /about.html HTTP/1.1" 200 4468 "-" "Mozilla/5.0 (Windows NT 10.0; Win64; x64) AppleWebKit/537.36 (KHTML, like Gecko) Chrome/124.0.0.0 Safari/537.36 Edg/124.0.0.0"
203.0.113.45 - - [08/Nov/2024:09:19:52 +0000] "GET / HTTP/1.1" 200 12487 "https://bing.com/" "Mozilla/5.0 (Macintosh; Intel Mac OS X 10_15_7) AppleWebKit/605.1.15 (KHTML, like Gecko) Version/17.4 Safari/605.1.15"
192.0.2.88 - - [08/Nov/2024:09:20:05 +0000] "POST /contact.php HTTP/1.1" 200 905 "https://bing.com/" "Mozilla/5.0 (Windows NT 10.0; Win64; x64; rv:125.0) Gecko/20100101 Firefox/125.0"
66.249.66.1 - - [08/Nov/2024:09:20:23 +0000] "GET / HTTP/1.1" 200 12280 "https://corpx.local/" "Mozilla/5.0 (compatible; Googlebot/2.1; +http://www.google.com/bot.html)"
99.83.231.61 - - [08/Nov/2024:09:20:25 +0000] "GET /wp-login.php HTTP/1.1" 404 0 "-" "Mozilla/5.0 (Windows NT 10.0; Win64; x64; rv:125.0) Gecko/20100101 Firefox/125.0"
91.108.4.22 - - [08/Nov/2024:09:20:38 +0000] "GET /search?q=security HTTP/1.1" 200 7889 "https://bing.com/" "Mozilla/5.0 (Macintosh; Intel Mac OS X 10_15_7) AppleWebKit/605.1.15 (KHTML, like Gecko) Version/17.4 Safari/605.1.15"
142.250.80.1 - - [08/Nov/2024:09:21:00 +0000] "GET /login.php HTTP/1.1" 200 5370 "-" "Mozilla/5.0 (Linux; Android 14; Pixel 8) AppleWebKit/537.36 (KHTML, like Gecko) Chrome/124.0.0.0 Mobile Safari/537.36"
142.250.80.1 - - [08/Nov/2024:09:21:02 +0000] "GET /dashboard.php HTTP/1.1" 200 9595 "https://bing.com/" "Mozilla/5.0 (Windows NT 10.0; Win64; x64) AppleWebKit/537.36 (KHTML, like Gecko) Chrome/124.0.0.0 Safari/537.36 Edg/124.0.0.0"
203.0.113.45 - - [08/Nov/2024:09:21:22 +0000] "GET /404.html HTTP/1.1" 404 2178 "-" "Mozilla/5.0 (Macintosh; Intel Mac OS X 10_15_7) AppleWebKit/605.1.15 (KHTML, like Gecko) Version/17.4 Safari/605.1.15"
172.16.254.1 - - [08/Nov/2024:09:21:28 +0000] "GET /search?q=linux HTTP/1.1" 200 7453 "https://bing.com/" "Mozilla/5.0 (X11; Linux x86_64; rv:125.0) Gecko/20100101 Firefox/125.0"
157.240.22.35 - - [08/Nov/2024:09:21:48 +0000] "GET /login.php HTTP/1.1" 200 5197 "-" "Mozilla/5.0 (Windows NT 10.0; Win64; x64; rv:125.0) Gecko/20100101 Firefox/125.0"
40.77.167.80 - - [08/Nov/2024:09:21:52 +0000] "POST /login.php HTTP/1.1" 302 0 "-" "Mozilla/5.0 (compatible; Googlebot/2.1; +http://www.google.com/bot.html)"
104.244.42.65 - - [08/Nov/2024:09:21:55 +0000] "GET /css/style.css HTTP/1.1" 200 23567 "https://corpx.local/" "Mozilla/5.0 (Windows NT 10.0; Win64; x64) AppleWebKit/537.36 (KHTML, like Gecko) Chrome/124.0.0.0 Safari/537.36 Edg/124.0.0.0"
77.88.55.66 - - [08/Nov/2024:09:21:59 +0000] "GET /search?q=linux HTTP/1.1" 200 7572 "-" "Mozilla/5.0 (X11; Linux x86_64; rv:125.0) Gecko/20100101 Firefox/125.0"
52.26.198.20 - - [08/Nov/2024:09:22:18 +0000] "GET /about.html HTTP/1.1" 200 4143 "https://corpx.local/" "Mozilla/5.0 (X11; Linux x86_64; rv:125.0) Gecko/20100101 Firefox/125.0"
139.162.100.5 - - [08/Nov/2024:09:22:23 +0000] "GET /404.html HTTP/1.1" 404 2423 "-" "Mozilla/5.0 (Macintosh; Intel Mac OS X 10_15_7) AppleWebKit/605.1.15 (KHTML, like Gecko) Version/17.4 Safari/605.1.15"
13.107.42.14 - - [08/Nov/2024:09:22:38 +0000] "GET /index.php HTTP/1.1" 200 12379 "-" "Mozilla/5.0 (iPhone; CPU iPhone OS 17_4 like Mac OS X) AppleWebKit/605.1.15 (KHTML, like Gecko) Version/17.4 Mobile/15E148 Safari/604.1"
2.56.57.100 - - [08/Nov/2024:09:22:59 +0000] "GET /blog/post-1 HTTP/1.1" 200 6259 "https://bing.com/" "Mozilla/5.0 (Windows NT 10.0; Win64; x64; rv:125.0) Gecko/20100101 Firefox/125.0"
103.21.244.10 - - [08/Nov/2024:09:23:02 +0000] "GET /blog/post-1 HTTP/1.1" 200 6334 "https://corpx.local/" "Mozilla/5.0 (Windows NT 10.0; Win64; x64) AppleWebKit/537.36 (KHTML, like Gecko) Chrome/124.0.0.0 Safari/537.36"
17.58.99.83 - - [08/Nov/2024:09:23:16 +0000] "GET /404.html HTTP/1.1" 404 2174 "-" "Mozilla/5.0 (compatible; Googlebot/2.1; +http://www.google.com/bot.html)"
93.184.216.34 - - [08/Nov/2024:09:23:21 +0000] "GET /favicon.ico HTTP/1.1" 200 1355 "-" "Mozilla/5.0 (iPhone; CPU iPhone OS 17_4 like Mac OS X) AppleWebKit/605.1.15 (KHTML, like Gecko) Version/17.4 Mobile/15E148 Safari/604.1"
203.0.113.45 - - [08/Nov/2024:09:23:27 +0000] "GET /blog/post-1 HTTP/1.1" 200 6754 "-" "Mozilla/5.0 (iPhone; CPU iPhone OS 17_4 like Mac OS X) AppleWebKit/605.1.15 (KHTML, like Gecko) Version/17.4 Mobile/15E148 Safari/604.1"
108.162.236.1 - - [08/Nov/2024:09:23:48 +0000] "GET /images/hero.jpg HTTP/1.1" 200 98469 "-" "Mozilla/5.0 (X11; Linux x86_64; rv:125.0) Gecko/20100101 Firefox/125.0"
91.108.4.22 - - [08/Nov/2024:09:23:55 +0000] "GET /contact.html HTTP/1.1" 200 3280 "-" "Mozilla/5.0 (iPhone; CPU iPhone OS 17_4 like Mac OS X) AppleWebKit/605.1.15 (KHTML, like Gecko) Version/17.4 Mobile/15E148 Safari/604.1"
151.101.1.69 - - [08/Nov/2024:09:24:10 +0000] "GET /index.php HTTP/1.1" 200 12441 "-" "Mozilla/5.0 (X11; Linux x86_64; rv:125.0) Gecko/20100101 Firefox/125.0"
17.58.99.83 - - [08/Nov/2024:09:24:15 +0000] "GET /robots.txt HTTP/1.1" 200 136 "-" "Mozilla/5.0 (compatible; Googlebot/2.1; +http://www.google.com/bot.html)"
203.0.113.45 - - [08/Nov/2024:09:24:37 +0000] "GET /dashboard.php HTTP/1.1" 200 9948 "https://corpx.local/" "Mozilla/5.0 (Windows NT 10.0; Win64; x64) AppleWebKit/537.36 (KHTML, like Gecko) Chrome/124.0.0.0 Safari/537.36"
165.227.88.12 - - [08/Nov/2024:09:24:44 +0000] "GET /css/style.css HTTP/1.1" 200 23620 "-" "Mozilla/5.0 (X11; Linux x86_64; rv:125.0) Gecko/20100101 Firefox/125.0"
172.16.254.1 - - [08/Nov/2024:09:24:48 +0000] "GET /blog/post-1 HTTP/1.1" 200 6404 "-" "Mozilla/5.0 (iPhone; CPU iPhone OS 17_4 like Mac OS X) AppleWebKit/605.1.15 (KHTML, like Gecko) Version/17.4 Mobile/15E148 Safari/604.1"
91.108.4.22 - - [08/Nov/2024:09:25:04 +0000] "GET /api/status HTTP/1.1" 200 285 "https://bing.com/" "Mozilla/5.0 (Windows NT 10.0; Win64; x64) AppleWebKit/537.36 (KHTML, like Gecko) Chrome/124.0.0.0 Safari/537.36"
172.67.13.249 - - [08/Nov/2024:09:25:23 +0000] "GET /blog/post-2 HTTP/1.1" 200 5465 "-" "Mozilla/5.0 (Windows NT 10.0; Win64; x64) AppleWebKit/537.36 (KHTML, like Gecko) Chrome/124.0.0.0 Safari/537.36 Edg/124.0.0.0"
172.67.13.249 - - [08/Nov/2024:09:25:27 +0000] "GET /contact.html HTTP/1.1" 200 3152 "https://bing.com/" "Mozilla/5.0 (Macintosh; Intel Mac OS X 10_15_7) AppleWebKit/605.1.15 (KHTML, like Gecko) Version/17.4 Safari/605.1.15"
2.56.57.100 - - [08/Nov/2024:09:25:34 +0000] "GET /about.html HTTP/1.1" 200 4502 "https://bing.com/" "Mozilla/5.0 (Macintosh; Intel Mac OS X 10_15_7) AppleWebKit/605.1.15 (KHTML, like Gecko) Version/17.4 Safari/605.1.15"
165.227.88.12 - - [08/Nov/2024:09:25:36 +0000] "GET /blog/post-2 HTTP/1.1" 200 5597 "-" "Mozilla/5.0 (Macintosh; Intel Mac OS X 10_15_7) AppleWebKit/605.1.15 (KHTML, like Gecko) Version/17.4 Safari/605.1.15"
185.107.56.90 - - [08/Nov/2024:09:25:49 +0000] "GET /favicon.ico HTTP/1.1" 200 1132 "https://corpx.local/" "Mozilla/5.0 (Macintosh; Intel Mac OS X 10_15_7) AppleWebKit/605.1.15 (KHTML, like Gecko) Version/17.4 Safari/605.1.15"
104.244.42.65 - - [08/Nov/2024:09:25:58 +0000] "GET /blog/ HTTP/1.1" 200 8497 "-" "Mozilla/5.0 (X11; Linux x86_64; rv:125.0) Gecko/20100101 Firefox/125.0"
77.88.55.66 - - [08/Nov/2024:09:26:07 +0000] "GET /docs/ HTTP/1.1" 200 5608 "https://bing.com/" "Mozilla/5.0 (Windows NT 10.0; Win64; x64) AppleWebKit/537.36 (KHTML, like Gecko) Chrome/124.0.0.0 Safari/537.36"
157.240.22.35 - - [08/Nov/2024:09:26:21 +0000] "GET /css/style.css HTTP/1.1" 200 23381 "https://corpx.local/" "Mozilla/5.0 (Windows NT 10.0; Win64; x64; rv:125.0) Gecko/20100101 Firefox/125.0"
157.240.22.35 - - [08/Nov/2024:09:26:41 +0000] "GET /search?q=security HTTP/1.1" 200 7528 "-" "Mozilla/5.0 (Windows NT 10.0; Win64; x64; rv:125.0) Gecko/20100101 Firefox/125.0"
139.162.100.5 - - [08/Nov/2024:09:26:44 +0000] "GET /sitemap.xml HTTP/1.1" 200 4521 "-" "Mozilla/5.0 (Windows NT 10.0; Win64; x64; rv:125.0) Gecko/20100101 Firefox/125.0"
17.58.99.83 - - [08/Nov/2024:09:27:03 +0000] "GET /search?q=linux HTTP/1.1" 200 7827 "https://corpx.local/" "Mozilla/5.0 (compatible; Googlebot/2.1; +http://www.google.com/bot.html)"
165.227.88.12 - - [08/Nov/2024:09:27:04 +0000] "GET /docs/ HTTP/1.1" 200 5384 "-" "Mozilla/5.0 (Linux; Android 14; Pixel 8) AppleWebKit/537.36 (KHTML, like Gecko) Chrome/124.0.0.0 Mobile Safari/537.36"
165.227.88.12 - - [08/Nov/2024:09:27:15 +0000] "GET /blog/post-3 HTTP/1.1" 200 4742 "-" "Mozilla/5.0 (iPhone; CPU iPhone OS 17_4 like Mac OS X) AppleWebKit/605.1.15 (KHTML, like Gecko) Version/17.4 Mobile/15E148 Safari/604.1"
203.0.113.45 - - [08/Nov/2024:09:27:29 +0000] "GET /robots.txt HTTP/1.1" 200 472 "-" "Mozilla/5.0 (Windows NT 10.0; Win64; x64) AppleWebKit/537.36 (KHTML, like Gecko) Chrome/124.0.0.0 Safari/537.36"
46.101.45.200 - - [08/Nov/2024:09:27:43 +0000] "GET /search?q=security HTTP/1.1" 200 7454 "https://bing.com/" "Mozilla/5.0 (Windows NT 10.0; Win64; x64) AppleWebKit/537.36 (KHTML, like Gecko) Chrome/124.0.0.0 Safari/537.36 Edg/124.0.0.0"
13.107.42.14 - - [08/Nov/2024:09:27:59 +0000] "POST /contact.php HTTP/1.1" 200 602 "https://bing.com/" "Mozilla/5.0 (Windows NT 10.0; Win64; x64) AppleWebKit/537.36 (KHTML, like Gecko) Chrome/124.0.0.0 Safari/537.36"
77.88.55.66 - - [08/Nov/2024:09:28:06 +0000] "GET /team.html HTTP/1.1" 200 4511 "-" "Mozilla/5.0 (X11; Linux x86_64; rv:125.0) Gecko/20100101 Firefox/125.0"
17.58.99.83 - - [08/Nov/2024:09:28:07 +0000] "GET /profile.php HTTP/1.1" 200 6801 "-" "Mozilla/5.0 (compatible; Googlebot/2.1; +http://www.google.com/bot.html)"
198.51.100.23 - - [08/Nov/2024:09:28:22 +0000] "GET /favicon.ico HTTP/1.1" 200 1075 "https://bing.com/" "Mozilla/5.0 (Windows NT 10.0; Win64; x64) AppleWebKit/537.36 (KHTML, like Gecko) Chrome/124.0.0.0 Safari/537.36 Edg/124.0.0.0"
185.107.56.90 - - [08/Nov/2024:09:28:28 +0000] "GET /favicon.ico HTTP/1.1" 200 935 "-" "Mozilla/5.0 (Linux; Android 14; Pixel 8) AppleWebKit/537.36 (KHTML, like Gecko) Chrome/124.0.0.0 Mobile Safari/537.36"
99.83.231.61 - - [08/Nov/2024:09:28:41 +0000] "GET /index.php HTTP/1.1" 200 12546 "https://bing.com/" "Mozilla/5.0 (iPhone; CPU iPhone OS 17_4 like Mac OS X) AppleWebKit/605.1.15 (KHTML, like Gecko) Version/17.4 Mobile/15E148 Safari/604.1"
151.101.1.69 - - [08/Nov/2024:09:28:50 +0000] "GET /profile.php HTTP/1.1" 200 6571 "https://corpx.local/" "Mozilla/5.0 (Windows NT 10.0; Win64; x64; rv:125.0) Gecko/20100101 Firefox/125.0"
185.107.56.90 - - [08/Nov/2024:09:28:52 +0000] "GET /contact.html HTTP/1.1" 200 3302 "https://corpx.local/" "Mozilla/5.0 (Windows NT 10.0; Win64; x64) AppleWebKit/537.36 (KHTML, like Gecko) Chrome/124.0.0.0 Safari/537.36"
203.0.113.45 - - [08/Nov/2024:09:29:07 +0000] "GET /js/main.js HTTP/1.1" 200 15311 "-" "Mozilla/5.0 (X11; Linux x86_64; rv:125.0) Gecko/20100101 Firefox/125.0"
151.101.1.69 - - [08/Nov/2024:09:29:25 +0000] "GET /css/style.css HTTP/1.1" 200 23400 "-" "Mozilla/5.0 (Macintosh; Intel Mac OS X 10_15_7) AppleWebKit/605.1.15 (KHTML, like Gecko) Version/17.4 Safari/605.1.15"
17.58.99.83 - - [08/Nov/2024:09:29:46 +0000] "GET /wp-login.php HTTP/1.1" 404 0 "-" "Mozilla/5.0 (compatible; Googlebot/2.1; +http://www.google.com/bot.html)"
172.67.13.249 - - [08/Nov/2024:09:29:54 +0000] "GET /api/status HTTP/1.1" 200 318 "https://bing.com/" "Mozilla/5.0 (X11; Linux x86_64; rv:125.0) Gecko/20100101 Firefox/125.0"
172.16.254.1 - - [08/Nov/2024:09:30:03 +0000] "GET /js/main.js HTTP/1.1" 200 15485 "https://bing.com/" "Mozilla/5.0 (Windows NT 10.0; Win64; x64) AppleWebKit/537.36 (KHTML, like Gecko) Chrome/124.0.0.0 Safari/537.36"
91.108.4.22 - - [08/Nov/2024:09:30:19 +0000] "GET /404.html HTTP/1.1" 404 2589 "https://corpx.local/" "Mozilla/5.0 (Windows NT 10.0; Win64; x64) AppleWebKit/537.36 (KHTML, like Gecko) Chrome/124.0.0.0 Safari/537.36 Edg/124.0.0.0"
185.107.56.90 - - [08/Nov/2024:09:30:34 +0000] "GET /profile.php HTTP/1.1" 200 6556 "-" "Mozilla/5.0 (Windows NT 10.0; Win64; x64; rv:125.0) Gecko/20100101 Firefox/125.0"
185.220.101.9 - - [08/Nov/2024:09:30:49 +0000] "GET /images/logo.png HTTP/1.1" 200 34450 "https://corpx.local/" "Mozilla/5.0 (Windows NT 10.0; Win64; x64) AppleWebKit/537.36 (KHTML, like Gecko) Chrome/124.0.0.0 Safari/537.36"
194.165.16.11 - - [08/Nov/2024:09:30:52 +0000] "GET /services.html HTTP/1.1" 200 5492 "-" "Mozilla/5.0 (Macintosh; Intel Mac OS X 10_15_7) AppleWebKit/605.1.15 (KHTML, like Gecko) Version/17.4 Safari/605.1.15"
142.250.80.1 - - [08/Nov/2024:09:31:08 +0000] "GET /blog/post-2 HTTP/1.1" 200 5665 "-" "Mozilla/5.0 (Windows NT 10.0; Win64; x64; rv:125.0) Gecko/20100101 Firefox/125.0"
139.162.100.5 - - [08/Nov/2024:09:31:18 +0000] "POST /contact.php HTTP/1.1" 200 725 "https://bing.com/" "Mozilla/5.0 (Linux; Android 14; Pixel 8) AppleWebKit/537.36 (KHTML, like Gecko) Chrome/124.0.0.0 Mobile Safari/537.36"
139.162.100.5 - - [08/Nov/2024:09:31:30 +0000] "GET /wp-login.php HTTP/1.1" 404 0 "-" "Mozilla/5.0 (Windows NT 10.0; Win64; x64) AppleWebKit/537.36 (KHTML, like Gecko) Chrome/124.0.0.0 Safari/537.36 Edg/124.0.0.0"
104.244.42.65 - - [08/Nov/2024:09:31:40 +0000] "GET / HTTP/1.1" 200 12480 "https://corpx.local/" "Mozilla/5.0 (Windows NT 10.0; Win64; x64) AppleWebKit/537.36 (KHTML, like Gecko) Chrome/124.0.0.0 Safari/537.36"
99.83.231.61 - - [08/Nov/2024:09:31:54 +0000] "GET /dashboard.php HTTP/1.1" 200 9910 "https://bing.com/" "Mozilla/5.0 (Linux; Android 14; Pixel 8) AppleWebKit/537.36 (KHTML, like Gecko) Chrome/124.0.0.0 Mobile Safari/537.36"
66.249.66.1 - - [08/Nov/2024:09:32:13 +0000] "GET /favicon.ico HTTP/1.1" 200 1245 "-" "Mozilla/5.0 (compatible; Googlebot/2.1; +http://www.google.com/bot.html)"
157.240.22.35 - - [08/Nov/2024:09:32:23 +0000] "GET /services.html HTTP/1.1" 200 5610 "https://bing.com/" "Mozilla/5.0 (Windows NT 10.0; Win64; x64; rv:125.0) Gecko/20100101 Firefox/125.0"
162.158.92.14 - - [08/Nov/2024:09:32:35 +0000] "GET /docs/ HTTP/1.1" 200 5180 "-" "Mozilla/5.0 (Windows NT 10.0; Win64; x64; rv:125.0) Gecko/20100101 Firefox/125.0"
162.158.92.14 - - [08/Nov/2024:09:32:47 +0000] "GET /blog/post-1 HTTP/1.1" 200 6407 "https://corpx.local/" "Mozilla/5.0 (Windows NT 10.0; Win64; x64) AppleWebKit/537.36 (KHTML, like Gecko) Chrome/124.0.0.0 Safari/537.36 Edg/124.0.0.0"
52.26.198.20 - - [08/Nov/2024:09:32:53 +0000] "GET /404.html HTTP/1.1" 404 2202 "-" "Mozilla/5.0 (Windows NT 10.0; Win64; x64; rv:125.0) Gecko/20100101 Firefox/125.0"
91.108.4.22 - - [08/Nov/2024:09:33:01 +0000] "GET /css/style.css HTTP/1.1" 200 23744 "-" "Mozilla/5.0 (Windows NT 10.0; Win64; x64) AppleWebKit/537.36 (KHTML, like Gecko) Chrome/124.0.0.0 Safari/537.36"
8.8.4.4 - - [08/Nov/2024:09:33:16 +0000] "GET /blog/post-1 HTTP/1.1" 200 6453 "-" "Mozilla/5.0 (X11; Linux x86_64; rv:125.0) Gecko/20100101 Firefox/125.0"
172.67.13.249 - - [08/Nov/2024:09:33:38 +0000] "GET /blog/ HTTP/1.1" 200 8846 "https://bing.com/" "Mozilla/5.0 (X11; Linux x86_64; rv:125.0) Gecko/20100101 Firefox/125.0"
157.240.22.35 - - [08/Nov/2024:09:33:56 +0000] "GET /team.html HTTP/1.1" 200 4391 "-" "Mozilla/5.0 (iPhone; CPU iPhone OS 17_4 like Mac OS X) AppleWebKit/605.1.15 (KHTML, like Gecko) Version/17.4 Mobile/15E148 Safari/604.1"
40.77.167.80 - - [08/Nov/2024:09:34:09 +0000] "GET /feed/ HTTP/1.1" 200 12193 "https://bing.com/" "Mozilla/5.0 (compatible; Googlebot/2.1; +http://www.google.com/bot.html)"
142.250.80.1 - - [08/Nov/2024:09:34:20 +0000] "GET /wp-login.php HTTP/1.1" 404 0 "https://corpx.local/" "Mozilla/5.0 (Windows NT 10.0; Win64; x64) AppleWebKit/537.36 (KHTML, like Gecko) Chrome/124.0.0.0 Safari/537.36"
162.158.92.14 - - [08/Nov/2024:09:34:41 +0000] "GET /api/status HTTP/1.1" 200 341 "-" "Mozilla/5.0 (Windows NT 10.0; Win64; x64) AppleWebKit/537.36 (KHTML, like Gecko) Chrome/124.0.0.0 Safari/537.36 Edg/124.0.0.0"
66.249.66.1 - - [08/Nov/2024:09:35:00 +0000] "GET /css/style.css HTTP/1.1" 200 23271 "https://bing.com/" "Mozilla/5.0 (compatible; Googlebot/2.1; +http://www.google.com/bot.html)"
77.88.55.66 - - [08/Nov/2024:09:35:02 +0000] "POST /contact.php HTTP/1.1" 200 709 "https://corpx.local/" "Mozilla/5.0 (Linux; Android 14; Pixel 8) AppleWebKit/537.36 (KHTML, like Gecko) Chrome/124.0.0.0 Mobile Safari/537.36"
46.101.45.200 - - [08/Nov/2024:09:35:03 +0000] "GET /search?q=linux HTTP/1.1" 200 7579 "https://bing.com/" "Mozilla/5.0 (iPhone; CPU iPhone OS 17_4 like Mac OS X) AppleWebKit/605.1.15 (KHTML, like Gecko) Version/17.4 Mobile/15E148 Safari/604.1"
185.220.101.9 - - [08/Nov/2024:09:35:15 +0000] "GET /index.php HTTP/1.1" 200 12442 "-" "Mozilla/5.0 (X11; Linux x86_64; rv:125.0) Gecko/20100101 Firefox/125.0"
104.244.42.65 - - [08/Nov/2024:09:35:24 +0000] "GET /about.html HTTP/1.1" 200 4571 "https://bing.com/" "Mozilla/5.0 (Windows NT 10.0; Win64; x64) AppleWebKit/537.36 (KHTML, like Gecko) Chrome/124.0.0.0 Safari/537.36"
185.220.101.9 - - [08/Nov/2024:09:35:46 +0000] "GET /images/logo.png HTTP/1.1" 200 34466 "https://bing.com/" "Mozilla/5.0 (iPhone; CPU iPhone OS 17_4 like Mac OS X) AppleWebKit/605.1.15 (KHTML, like Gecko) Version/17.4 Mobile/15E148 Safari/604.1"
172.16.254.1 - - [08/Nov/2024:09:35:57 +0000] "GET /js/main.js HTTP/1.1" 200 15539 "-" "Mozilla/5.0 (Linux; Android 14; Pixel 8) AppleWebKit/537.36 (KHTML, like Gecko) Chrome/124.0.0.0 Mobile Safari/537.36"
185.107.56.90 - - [08/Nov/2024:09:36:11 +0000] "GET /js/main.js HTTP/1.1" 200 15144 "https://corpx.local/" "Mozilla/5.0 (Windows NT 10.0; Win64; x64) AppleWebKit/537.36 (KHTML, like Gecko) Chrome/124.0.0.0 Safari/537.36 Edg/124.0.0.0"
54.230.123.44 - - [08/Nov/2024:09:36:23 +0000] "GET /favicon.ico HTTP/1.1" 200 1508 "-" "Mozilla/5.0 (X11; Linux x86_64; rv:125.0) Gecko/20100101 Firefox/125.0"
66.249.66.1 - - [08/Nov/2024:09:36:30 +0000] "GET /wp-login.php HTTP/1.1" 404 0 "https://bing.com/" "Mozilla/5.0 (compatible; Googlebot/2.1; +http://www.google.com/bot.html)"
162.158.92.14 - - [08/Nov/2024:09:36:45 +0000] "GET /search?q=security HTTP/1.1" 200 7788 "https://bing.com/" "Mozilla/5.0 (Macintosh; Intel Mac OS X 10_15_7) AppleWebKit/605.1.15 (KHTML, like Gecko) Version/17.4 Safari/605.1.15"
185.220.101.9 - - [08/Nov/2024:09:36:50 +0000] "GET /blog/post-2 HTTP/1.1" 200 5442 "https://bing.com/" "Mozilla/5.0 (Macintosh; Intel Mac OS X 10_15_7) AppleWebKit/605.1.15 (KHTML, like Gecko) Version/17.4 Safari/605.1.15"
99.83.231.61 - - [08/Nov/2024:09:37:07 +0000] "GET /login.php HTTP/1.1" 200 5516 "-" "Mozilla/5.0 (Windows NT 10.0; Win64; x64) AppleWebKit/537.36 (KHTML, like Gecko) Chrome/124.0.0.0 Safari/537.36"
139.162.100.5 - - [08/Nov/2024:09:37:08 +0000] "GET /services.html HTTP/1.1" 200 5802 "-" "Mozilla/5.0 (Linux; Android 14; Pixel 8) AppleWebKit/537.36 (KHTML, like Gecko) Chrome/124.0.0.0 Mobile Safari/537.36"
66.249.64.20 - - [08/Nov/2024:09:37:26 +0000] "GET /404.html HTTP/1.1" 404 2626 "-" "Mozilla/5.0 (compatible; Googlebot/2.1; +http://www.google.com/bot.html)"
52.26.198.20 - - [08/Nov/2024:09:37:33 +0000] "GET /images/logo.png HTTP/1.1" 200 34563 "https://bing.com/" "Mozilla/5.0 (Windows NT 10.0; Win64; x64; rv:125.0) Gecko/20100101 Firefox/125.0"
108.162.236.1 - - [08/Nov/2024:09:37:35 +0000] "GET /login.php HTTP/1.1" 200 5443 "https://bing.com/" "Mozilla/5.0 (Windows NT 10.0; Win64; x64; rv:125.0) Gecko/20100101 Firefox/125.0"
66.249.64.20 - - [08/Nov/2024:09:37:53 +0000] "GET /blog/post-3 HTTP/1.1" 200 4617 "-" "Mozilla/5.0 (compatible; Googlebot/2.1; +http://www.google.com/bot.html)"
8.8.4.4 - - [08/Nov/2024:09:37:58 +0000] "GET /dashboard.php HTTP/1.1" 200 10059 "-" "Mozilla/5.0 (X11; Linux x86_64; rv:125.0) Gecko/20100101 Firefox/125.0"
162.158.92.14 - - [08/Nov/2024:09:38:19 +0000] "GET /blog/post-1 HTTP/1.1" 200 6746 "-" "Mozilla/5.0 (Windows NT 10.0; Win64; x64) AppleWebKit/537.36 (KHTML, like Gecko) Chrome/124.0.0.0 Safari/537.36 Edg/124.0.0.0"
91.108.4.22 - - [08/Nov/2024:09:38:20 +0000] "GET /services.html HTTP/1.1" 200 5882 "-" "Mozilla/5.0 (Windows NT 10.0; Win64; x64; rv:125.0) Gecko/20100101 Firefox/125.0"
185.107.56.90 - - [08/Nov/2024:09:38:40 +0000] "GET /robots.txt HTTP/1.1" 200 535 "https://bing.com/" "Mozilla/5.0 (iPhone; CPU iPhone OS 17_4 like Mac OS X) AppleWebKit/605.1.15 (KHTML, like Gecko) Version/17.4 Mobile/15E148 Safari/604.1"
17.58.99.83 - - [08/Nov/2024:09:38:49 +0000] "GET /404.html HTTP/1.1" 404 2167 "https://corpx.local/" "Mozilla/5.0 (compatible; Googlebot/2.1; +http://www.google.com/bot.html)"
198.51.100.23 - - [08/Nov/2024:09:39:06 +0000] "GET /services.html HTTP/1.1" 200 5544 "-" "Mozilla/5.0 (Windows NT 10.0; Win64; x64; rv:125.0) Gecko/20100101 Firefox/125.0"
172.67.13.249 - - [08/Nov/2024:09:39:11 +0000] "GET /api/status HTTP/1.1" 200 183 "https://corpx.local/" "Mozilla/5.0 (Windows NT 10.0; Win64; x64) AppleWebKit/537.36 (KHTML, like Gecko) Chrome/124.0.0.0 Safari/537.36 Edg/124.0.0.0"
172.16.254.1 - - [08/Nov/2024:09:39:17 +0000] "GET /js/main.js HTTP/1.1" 200 15561 "https://corpx.local/" "Mozilla/5.0 (X11; Linux x86_64; rv:125.0) Gecko/20100101 Firefox/125.0"
162.158.92.14 - - [08/Nov/2024:09:39:19 +0000] "GET /sitemap.xml HTTP/1.1" 200 4099 "-" "Mozilla/5.0 (X11; Linux x86_64; rv:125.0) Gecko/20100101 Firefox/125.0"
52.26.198.20 - - [08/Nov/2024:09:39:40 +0000] "GET /contact.html HTTP/1.1" 200 3081 "https://corpx.local/" "Mozilla/5.0 (Windows NT 10.0; Win64; x64; rv:125.0) Gecko/20100101 Firefox/125.0"
108.162.236.1 - - [08/Nov/2024:09:39:51 +0000] "GET /profile.php HTTP/1.1" 200 6860 "-" "Mozilla/5.0 (X11; Linux x86_64; rv:125.0) Gecko/20100101 Firefox/125.0"
54.230.123.44 - - [08/Nov/2024:09:40:09 +0000] "GET /blog/ HTTP/1.1" 200 8478 "-" "Mozilla/5.0 (Windows NT 10.0; Win64; x64; rv:125.0) Gecko/20100101 Firefox/125.0"
162.158.92.14 - - [08/Nov/2024:09:40:26 +0000] "GET /feed/ HTTP/1.1" 200 12541 "https://bing.com/" "Mozilla/5.0 (X11; Linux x86_64; rv:125.0) Gecko/20100101 Firefox/125.0"
157.240.22.35 - - [08/Nov/2024:09:40:37 +0000] "GET /blog/post-2 HTTP/1.1" 200 5290 "-" "Mozilla/5.0 (Windows NT 10.0; Win64; x64) AppleWebKit/537.36 (KHTML, like Gecko) Chrome/124.0.0.0 Safari/537.36"
91.108.4.22 - - [08/Nov/2024:09:40:44 +0000] "GET /favicon.ico HTTP/1.1" 200 1012 "-" "Mozilla/5.0 (Windows NT 10.0; Win64; x64) AppleWebKit/537.36 (KHTML, like Gecko) Chrome/124.0.0.0 Safari/537.36 Edg/124.0.0.0"
198.51.100.23 - - [08/Nov/2024:09:40:49 +0000] "GET /js/main.js HTTP/1.1" 200 15451 "https://corpx.local/" "Mozilla/5.0 (Windows NT 10.0; Win64; x64) AppleWebKit/537.36 (KHTML, like Gecko) Chrome/124.0.0.0 Safari/537.36 Edg/124.0.0.0"
66.249.66.1 - - [08/Nov/2024:09:40:54 +0000] "GET /api/status HTTP/1.1" 200 580 "https://corpx.local/" "Mozilla/5.0 (compatible; Googlebot/2.1; +http://www.google.com/bot.html)"
108.162.236.1 - - [08/Nov/2024:09:41:00 +0000] "GET /wp-login.php HTTP/1.1" 404 0 "-" "Mozilla/5.0 (Windows NT 10.0; Win64; x64) AppleWebKit/537.36 (KHTML, like Gecko) Chrome/124.0.0.0 Safari/537.36"
77.88.55.66 - - [08/Nov/2024:09:41:08 +0000] "GET /404.html HTTP/1.1" 404 2190 "-" "Mozilla/5.0 (Windows NT 10.0; Win64; x64; rv:125.0) Gecko/20100101 Firefox/125.0"
77.88.55.66 - - [08/Nov/2024:09:41:18 +0000] "GET /blog/ HTTP/1.1" 200 8545 "https://bing.com/" "Mozilla/5.0 (Macintosh; Intel Mac OS X 10_15_7) AppleWebKit/605.1.15 (KHTML, like Gecko) Version/17.4 Safari/605.1.15"
192.0.2.88 - - [08/Nov/2024:09:41:22 +0000] "GET /feed/ HTTP/1.1" 200 12540 "https://bing.com/" "Mozilla/5.0 (Windows NT 10.0; Win64; x64) AppleWebKit/537.36 (KHTML, like Gecko) Chrome/124.0.0.0 Safari/537.36"
104.244.42.65 - - [08/Nov/2024:09:41:24 +0000] "GET /index.php HTTP/1.1" 200 12768 "-" "Mozilla/5.0 (Windows NT 10.0; Win64; x64) AppleWebKit/537.36 (KHTML, like Gecko) Chrome/124.0.0.0 Safari/537.36"
91.108.4.22 - - [08/Nov/2024:09:41:40 +0000] "GET /index.php HTTP/1.1" 200 12310 "https://corpx.local/" "Mozilla/5.0 (X11; Linux x86_64; rv:125.0) Gecko/20100101 Firefox/125.0"
103.21.244.10 - - [08/Nov/2024:09:42:02 +0000] "GET /contact.html HTTP/1.1" 200 3036 "-" "Mozilla/5.0 (Windows NT 10.0; Win64; x64; rv:125.0) Gecko/20100101 Firefox/125.0"
104.244.42.65 - - [08/Nov/2024:09:42:21 +0000] "GET /profile.php HTTP/1.1" 200 6848 "-" "Mozilla/5.0 (Macintosh; Intel Mac OS X 10_15_7) AppleWebKit/605.1.15 (KHTML, like Gecko) Version/17.4 Safari/605.1.15"
142.250.80.1 - - [08/Nov/2024:09:42:24 +0000] "GET /wp-login.php HTTP/1.1" 404 0 "https://corpx.local/" "Mozilla/5.0 (Windows NT 10.0; Win64; x64; rv:125.0) Gecko/20100101 Firefox/125.0"
54.230.123.44 - - [08/Nov/2024:09:42:43 +0000] "GET /blog/post-1 HTTP/1.1" 200 6755 "-" "Mozilla/5.0 (X11; Linux x86_64; rv:125.0) Gecko/20100101 Firefox/125.0"
192.0.2.88 - - [08/Nov/2024:09:43:00 +0000] "GET /search?q=linux HTTP/1.1" 200 7946 "-" "Mozilla/5.0 (Windows NT 10.0; Win64; x64) AppleWebKit/537.36 (KHTML, like Gecko) Chrome/124.0.0.0 Safari/537.36"
151.101.1.69 - - [08/Nov/2024:09:43:17 +0000] "GET /blog/post-2 HTTP/1.1" 200 5420 "-" "Mozilla/5.0 (Linux; Android 14; Pixel 8) AppleWebKit/537.36 (KHTML, like Gecko) Chrome/124.0.0.0 Mobile Safari/537.36"
103.21.244.10 - - [08/Nov/2024:09:43:35 +0000] "GET /contact.html HTTP/1.1" 200 3129 "https://bing.com/" "Mozilla/5.0 (Linux; Android 14; Pixel 8) AppleWebKit/537.36 (KHTML, like Gecko) Chrome/124.0.0.0 Mobile Safari/537.36"
52.26.198.20 - - [08/Nov/2024:09:43:47 +0000] "GET /profile.php HTTP/1.1" 200 6598 "-" "Mozilla/5.0 (Windows NT 10.0; Win64; x64) AppleWebKit/537.36 (KHTML, like Gecko) Chrome/124.0.0.0 Safari/537.36 Edg/124.0.0.0"
2.56.57.100 - - [08/Nov/2024:09:43:59 +0000] "GET /blog/post-2 HTTP/1.1" 200 5658 "-" "Mozilla/5.0 (Windows NT 10.0; Win64; x64) AppleWebKit/537.36 (KHTML, like Gecko) Chrome/124.0.0.0 Safari/537.36 Edg/124.0.0.0"
91.108.4.22 - - [08/Nov/2024:09:44:13 +0000] "GET /css/style.css HTTP/1.1" 200 23282 "https://bing.com/" "Mozilla/5.0 (Windows NT 10.0; Win64; x64; rv:125.0) Gecko/20100101 Firefox/125.0"
77.88.55.66 - - [08/Nov/2024:09:44:17 +0000] "GET /feed/ HTTP/1.1" 200 12414 "https://corpx.local/" "Mozilla/5.0 (Windows NT 10.0; Win64; x64) AppleWebKit/537.36 (KHTML, like Gecko) Chrome/124.0.0.0 Safari/537.36 Edg/124.0.0.0"
203.0.113.45 - - [08/Nov/2024:09:44:35 +0000] "GET /css/style.css HTTP/1.1" 200 23661 "-" "Mozilla/5.0 (Windows NT 10.0; Win64; x64) AppleWebKit/537.36 (KHTML, like Gecko) Chrome/124.0.0.0 Safari/537.36"
162.158.92.14 - - [08/Nov/2024:09:44:48 +0000] "POST /login.php HTTP/1.1" 302 0 "https://corpx.local/" "Mozilla/5.0 (Windows NT 10.0; Win64; x64) AppleWebKit/537.36 (KHTML, like Gecko) Chrome/124.0.0.0 Safari/537.36 Edg/124.0.0.0"
66.249.66.1 - - [08/Nov/2024:09:45:10 +0000] "GET /blog/post-3 HTTP/1.1" 200 5157 "https://bing.com/" "Mozilla/5.0 (compatible; Googlebot/2.1; +http://www.google.com/bot.html)"
165.227.88.12 - - [08/Nov/2024:09:45:20 +0000] "GET /docs/ HTTP/1.1" 200 5203 "https://bing.com/" "Mozilla/5.0 (Macintosh; Intel Mac OS X 10_15_7) AppleWebKit/605.1.15 (KHTML, like Gecko) Version/17.4 Safari/605.1.15"
185.107.56.90 - - [08/Nov/2024:09:45:42 +0000] "GET / HTTP/1.1" 200 12746 "-" "Mozilla/5.0 (Macintosh; Intel Mac OS X 10_15_7) AppleWebKit/605.1.15 (KHTML, like Gecko) Version/17.4 Safari/605.1.15"
66.249.66.1 - - [08/Nov/2024:09:45:55 +0000] "GET /sitemap.xml HTTP/1.1" 200 4108 "-" "Mozilla/5.0 (compatible; Googlebot/2.1; +http://www.google.com/bot.html)"
46.101.45.200 - - [08/Nov/2024:09:46:00 +0000] "GET /404.html HTTP/1.1" 404 2149 "-" "Mozilla/5.0 (Windows NT 10.0; Win64; x64) AppleWebKit/537.36 (KHTML, like Gecko) Chrome/124.0.0.0 Safari/537.36 Edg/124.0.0.0"
185.107.56.90 - - [08/Nov/2024:09:46:03 +0000] "GET /css/style.css HTTP/1.1" 200 23361 "https://bing.com/" "Mozilla/5.0 (Macintosh; Intel Mac OS X 10_15_7) AppleWebKit/605.1.15 (KHTML, like Gecko) Version/17.4 Safari/605.1.15"
216.58.214.46 - - [08/Nov/2024:09:46:07 +0000] "GET /images/hero.jpg HTTP/1.1" 200 98976 "https://corpx.local/" "Mozilla/5.0 (Windows NT 10.0; Win64; x64; rv:125.0) Gecko/20100101 Firefox/125.0"
93.184.216.34 - - [08/Nov/2024:09:46:26 +0000] "GET /search?q=security HTTP/1.1" 200 7763 "https://corpx.local/" "Mozilla/5.0 (Windows NT 10.0; Win64; x64; rv:125.0) Gecko/20100101 Firefox/125.0"
46.101.45.200 - - [08/Nov/2024:09:46:42 +0000] "GET /sitemap.xml HTTP/1.1" 200 4306 "-" "Mozilla/5.0 (Windows NT 10.0; Win64; x64) AppleWebKit/537.36 (KHTML, like Gecko) Chrome/124.0.0.0 Safari/537.36 Edg/124.0.0.0"
194.165.16.11 - - [08/Nov/2024:09:46:57 +0000] "GET /services.html HTTP/1.1" 200 5879 "https://bing.com/" "Mozilla/5.0 (Windows NT 10.0; Win64; x64) AppleWebKit/537.36 (KHTML, like Gecko) Chrome/124.0.0.0 Safari/537.36"
77.88.55.66 - - [08/Nov/2024:09:47:05 +0000] "GET /contact.html HTTP/1.1" 200 2964 "-" "Mozilla/5.0 (Windows NT 10.0; Win64; x64) AppleWebKit/537.36 (KHTML, like Gecko) Chrome/124.0.0.0 Safari/537.36"
198.51.100.23 - - [08/Nov/2024:09:47:21 +0000] "GET /images/logo.png HTTP/1.1" 200 34601 "-" "Mozilla/5.0 (Macintosh; Intel Mac OS X 10_15_7) AppleWebKit/605.1.15 (KHTML, like Gecko) Version/17.4 Safari/605.1.15"
194.165.16.11 - - [08/Nov/2024:09:47:31 +0000] "GET /about.html HTTP/1.1" 200 4552 "https://bing.com/" "Mozilla/5.0 (Windows NT 10.0; Win64; x64; rv:125.0) Gecko/20100101 Firefox/125.0"
104.244.42.65 - - [08/Nov/2024:09:47:46 +0000] "GET /profile.php HTTP/1.1" 200 6998 "https://bing.com/" "Mozilla/5.0 (X11; Linux x86_64; rv:125.0) Gecko/20100101 Firefox/125.0"
8.8.4.4 - - [08/Nov/2024:09:48:03 +0000] "GET /css/style.css HTTP/1.1" 200 23709 "-" "Mozilla/5.0 (iPhone; CPU iPhone OS 17_4 like Mac OS X) AppleWebKit/605.1.15 (KHTML, like Gecko) Version/17.4 Mobile/15E148 Safari/604.1"
165.227.88.12 - - [08/Nov/2024:09:48:05 +0000] "GET /images/logo.png HTTP/1.1" 200 34727 "https://corpx.local/" "Mozilla/5.0 (Windows NT 10.0; Win64; x64) AppleWebKit/537.36 (KHTML, like Gecko) Chrome/124.0.0.0 Safari/537.36"
66.249.66.1 - - [08/Nov/2024:09:48:18 +0000] "GET /favicon.ico HTTP/1.1" 200 970 "-" "Mozilla/5.0 (compatible; Googlebot/2.1; +http://www.google.com/bot.html)"
108.162.236.1 - - [08/Nov/2024:09:48:24 +0000] "GET /blog/post-1 HTTP/1.1" 200 6746 "https://bing.com/" "Mozilla/5.0 (Linux; Android 14; Pixel 8) AppleWebKit/537.36 (KHTML, like Gecko) Chrome/124.0.0.0 Mobile Safari/537.36"
108.162.236.1 - - [08/Nov/2024:09:48:29 +0000] "GET /images/logo.png HTTP/1.1" 200 34766 "-" "Mozilla/5.0 (Linux; Android 14; Pixel 8) AppleWebKit/537.36 (KHTML, like Gecko) Chrome/124.0.0.0 Mobile Safari/537.36"
40.77.167.80 - - [08/Nov/2024:09:48:48 +0000] "GET /profile.php HTTP/1.1" 200 7056 "https://bing.com/" "Mozilla/5.0 (compatible; Googlebot/2.1; +http://www.google.com/bot.html)"
157.240.22.35 - - [08/Nov/2024:09:49:04 +0000] "GET /index.php HTTP/1.1" 200 12643 "https://corpx.local/" "Mozilla/5.0 (iPhone; CPU iPhone OS 17_4 like Mac OS X) AppleWebKit/605.1.15 (KHTML, like Gecko) Version/17.4 Mobile/15E148 Safari/604.1"
2.56.57.100 - - [08/Nov/2024:09:49:20 +0000] "GET /profile.php HTTP/1.1" 200 6850 "https://corpx.local/" "Mozilla/5.0 (iPhone; CPU iPhone OS 17_4 like Mac OS X) AppleWebKit/605.1.15 (KHTML, like Gecko) Version/17.4 Mobile/15E148 Safari/604.1"
172.16.254.1 - - [08/Nov/2024:09:49:31 +0000] "GET /login.php HTTP/1.1" 200 5178 "-" "Mozilla/5.0 (Windows NT 10.0; Win64; x64) AppleWebKit/537.36 (KHTML, like Gecko) Chrome/124.0.0.0 Safari/537.36"
54.230.123.44 - - [08/Nov/2024:09:49:43 +0000] "GET /wp-login.php HTTP/1.1" 404 0 "-" "Mozilla/5.0 (Windows NT 10.0; Win64; x64; rv:125.0) Gecko/20100101 Firefox/125.0"
99.83.231.61 - - [08/Nov/2024:09:50:04 +0000] "GET /contact.html HTTP/1.1" 200 3348 "https://corpx.local/" "Mozilla/5.0 (Windows NT 10.0; Win64; x64) AppleWebKit/537.36 (KHTML, like Gecko) Chrome/124.0.0.0 Safari/537.36 Edg/124.0.0.0"
139.162.100.5 - - [08/Nov/2024:09:50:16 +0000] "GET /index.php HTTP/1.1" 200 12493 "-" "Mozilla/5.0 (X11; Linux x86_64; rv:125.0) Gecko/20100101 Firefox/125.0"
108.162.236.1 - - [08/Nov/2024:09:50:24 +0000] "GET /about.html HTTP/1.1" 200 4087 "https://corpx.local/" "Mozilla/5.0 (iPhone; CPU iPhone OS 17_4 like Mac OS X) AppleWebKit/605.1.15 (KHTML, like Gecko) Version/17.4 Mobile/15E148 Safari/604.1"
99.83.231.61 - - [08/Nov/2024:09:50:28 +0000] "GET / HTTP/1.1" 200 12794 "https://corpx.local/" "Mozilla/5.0 (Macintosh; Intel Mac OS X 10_15_7) AppleWebKit/605.1.15 (KHTML, like Gecko) Version/17.4 Safari/605.1.15"
66.249.64.20 - - [08/Nov/2024:09:50:30 +0000] "GET /profile.php HTTP/1.1" 200 6921 "https://bing.com/" "Mozilla/5.0 (compatible; Googlebot/2.1; +http://www.google.com/bot.html)"
198.51.100.23 - - [08/Nov/2024:09:50:39 +0000] "GET /robots.txt HTTP/1.1" 200 0 "https://corpx.local/" "Mozilla/5.0 (Linux; Android 14; Pixel 8) AppleWebKit/537.36 (KHTML, like Gecko) Chrome/124.0.0.0 Mobile Safari/537.36"
2.56.57.100 - - [08/Nov/2024:09:50:52 +0000] "GET /login.php HTTP/1.1" 200 5232 "https://bing.com/" "Mozilla/5.0 (X11; Linux x86_64; rv:125.0) Gecko/20100101 Firefox/125.0"
151.101.1.69 - - [08/Nov/2024:09:50:56 +0000] "GET /robots.txt HTTP/1.1" 200 470 "https://corpx.local/" "Mozilla/5.0 (X11; Linux x86_64; rv:125.0) Gecko/20100101 Firefox/125.0"
108.162.236.1 - - [08/Nov/2024:09:51:02 +0000] "GET /images/hero.jpg HTTP/1.1" 200 98671 "https://bing.com/" "Mozilla/5.0 (X11; Linux x86_64; rv:125.0) Gecko/20100101 Firefox/125.0"
192.0.2.88 - - [08/Nov/2024:09:51:23 +0000] "GET /docs/ HTTP/1.1" 200 5680 "-" "Mozilla/5.0 (Windows NT 10.0; Win64; x64; rv:125.0) Gecko/20100101 Firefox/125.0"
8.8.4.4 - - [08/Nov/2024:09:51:33 +0000] "GET /team.html HTTP/1.1" 200 4854 "https://bing.com/" "Mozilla/5.0 (Windows NT 10.0; Win64; x64) AppleWebKit/537.36 (KHTML, like Gecko) Chrome/124.0.0.0 Safari/537.36"
185.220.101.9 - - [08/Nov/2024:09:51:41 +0000] "GET /docs/ HTTP/1.1" 200 5724 "-" "Mozilla/5.0 (Linux; Android 14; Pixel 8) AppleWebKit/537.36 (KHTML, like Gecko) Chrome/124.0.0.0 Mobile Safari/537.36"
99.83.231.61 - - [08/Nov/2024:09:52:00 +0000] "GET /about.html HTTP/1.1" 200 4600 "https://bing.com/" "Mozilla/5.0 (X11; Linux x86_64; rv:125.0) Gecko/20100101 Firefox/125.0"
151.101.1.69 - - [08/Nov/2024:09:52:14 +0000] "GET /search?q=security HTTP/1.1" 200 7432 "https://corpx.local/" "Mozilla/5.0 (X11; Linux x86_64; rv:125.0) Gecko/20100101 Firefox/125.0"
108.162.236.1 - - [08/Nov/2024:09:52:31 +0000] "GET /profile.php HTTP/1.1" 200 7041 "https://corpx.local/" "Mozilla/5.0 (Windows NT 10.0; Win64; x64) AppleWebKit/537.36 (KHTML, like Gecko) Chrome/124.0.0.0 Safari/537.36 Edg/124.0.0.0"
139.162.100.5 - - [08/Nov/2024:09:52:38 +0000] "GET /services.html HTTP/1.1" 200 5905 "https://bing.com/" "Mozilla/5.0 (Windows NT 10.0; Win64; x64) AppleWebKit/537.36 (KHTML, like Gecko) Chrome/124.0.0.0 Safari/537.36 Edg/124.0.0.0"
52.26.198.20 - - [08/Nov/2024:09:53:00 +0000] "GET /dashboard.php HTTP/1.1" 200 10104 "-" "Mozilla/5.0 (Windows NT 10.0; Win64; x64) AppleWebKit/537.36 (KHTML, like Gecko) Chrome/124.0.0.0 Safari/537.36"
40.77.167.80 - - [08/Nov/2024:09:53:19 +0000] "GET /blog/post-2 HTTP/1.1" 200 5610 "https://corpx.local/" "Mozilla/5.0 (compatible; Googlebot/2.1; +http://www.google.com/bot.html)"
165.227.88.12 - - [08/Nov/2024:09:53:40 +0000] "GET /wp-login.php HTTP/1.1" 404 0 "-" "Mozilla/5.0 (iPhone; CPU iPhone OS 17_4 like Mac OS X) AppleWebKit/605.1.15 (KHTML, like Gecko) Version/17.4 Mobile/15E148 Safari/604.1"
104.244.42.65 - - [08/Nov/2024:09:53:57 +0000] "GET /favicon.ico HTTP/1.1" 200 1085 "-" "Mozilla/5.0 (X11; Linux x86_64; rv:125.0) Gecko/20100101 Firefox/125.0"
108.162.236.1 - - [08/Nov/2024:09:54:02 +0000] "GET /images/hero.jpg HTTP/1.1" 200 98885 "https://corpx.local/" "Mozilla/5.0 (Windows NT 10.0; Win64; x64; rv:125.0) Gecko/20100101 Firefox/125.0"
151.101.1.69 - - [08/Nov/2024:09:54:05 +0000] "GET /images/hero.jpg HTTP/1.1" 200 98738 "https://corpx.local/" "Mozilla/5.0 (Windows NT 10.0; Win64; x64; rv:125.0) Gecko/20100101 Firefox/125.0"
157.240.22.35 - - [08/Nov/2024:09:54:26 +0000] "GET /profile.php HTTP/1.1" 200 6730 "https://bing.com/" "Mozilla/5.0 (X11; Linux x86_64; rv:125.0) Gecko/20100101 Firefox/125.0"
91.108.4.22 - - [08/Nov/2024:09:54:34 +0000] "GET /blog/post-2 HTTP/1.1" 200 5160 "-" "Mozilla/5.0 (Macintosh; Intel Mac OS X 10_15_7) AppleWebKit/605.1.15 (KHTML, like Gecko) Version/17.4 Safari/605.1.15"
66.249.64.20 - - [08/Nov/2024:09:54:44 +0000] "GET /robots.txt HTTP/1.1" 200 529 "https://bing.com/" "Mozilla/5.0 (compatible; Googlebot/2.1; +http://www.google.com/bot.html)"
203.0.113.45 - - [08/Nov/2024:09:54:58 +0000] "GET /blog/post-1 HTTP/1.1" 200 6522 "-" "Mozilla/5.0 (Macintosh; Intel Mac OS X 10_15_7) AppleWebKit/605.1.15 (KHTML, like Gecko) Version/17.4 Safari/605.1.15"
8.8.4.4 - - [08/Nov/2024:09:54:59 +0000] "GET /search?q=security HTTP/1.1" 200 7638 "-" "Mozilla/5.0 (Windows NT 10.0; Win64; x64; rv:125.0) Gecko/20100101 Firefox/125.0"
203.0.113.45 - - [08/Nov/2024:09:55:20 +0000] "GET /robots.txt HTTP/1.1" 200 0 "-" "Mozilla/5.0 (Linux; Android 14; Pixel 8) AppleWebKit/537.36 (KHTML, like Gecko) Chrome/124.0.0.0 Mobile Safari/537.36"
172.67.13.249 - - [08/Nov/2024:09:55:23 +0000] "GET /team.html HTTP/1.1" 200 4332 "https://bing.com/" "Mozilla/5.0 (iPhone; CPU iPhone OS 17_4 like Mac OS X) AppleWebKit/605.1.15 (KHTML, like Gecko) Version/17.4 Mobile/15E148 Safari/604.1"
185.220.101.9 - - [08/Nov/2024:09:55:35 +0000] "GET /search?q=linux HTTP/1.1" 200 7497 "-" "Mozilla/5.0 (Windows NT 10.0; Win64; x64) AppleWebKit/537.36 (KHTML, like Gecko) Chrome/124.0.0.0 Safari/537.36 Edg/124.0.0.0"
91.108.4.22 - - [08/Nov/2024:09:55:39 +0000] "GET /profile.php HTTP/1.1" 200 7083 "https://corpx.local/" "Mozilla/5.0 (iPhone; CPU iPhone OS 17_4 like Mac OS X) AppleWebKit/605.1.15 (KHTML, like Gecko) Version/17.4 Mobile/15E148 Safari/604.1"
185.220.101.9 - - [08/Nov/2024:09:55:55 +0000] "POST /login.php HTTP/1.1" 302 0 "-" "Mozilla/5.0 (Macintosh; Intel Mac OS X 10_15_7) AppleWebKit/605.1.15 (KHTML, like Gecko) Version/17.4 Safari/605.1.15"
99.83.231.61 - - [08/Nov/2024:09:56:06 +0000] "GET /login.php HTTP/1.1" 200 5531 "-" "Mozilla/5.0 (Windows NT 10.0; Win64; x64; rv:125.0) Gecko/20100101 Firefox/125.0"
151.101.1.69 - - [08/Nov/2024:09:56:20 +0000] "GET /contact.html HTTP/1.1" 200 3089 "-" "Mozilla/5.0 (Macintosh; Intel Mac OS X 10_15_7) AppleWebKit/605.1.15 (KHTML, like Gecko) Version/17.4 Safari/605.1.15"
66.249.66.1 - - [08/Nov/2024:09:56:29 +0000] "GET /images/hero.jpg HTTP/1.1" 200 98725 "-" "Mozilla/5.0 (compatible; Googlebot/2.1; +http://www.google.com/bot.html)"
185.107.56.90 - - [08/Nov/2024:09:56:45 +0000] "GET /contact.html HTTP/1.1" 200 3234 "https://bing.com/" "Mozilla/5.0 (Linux; Android 14; Pixel 8) AppleWebKit/537.36 (KHTML, like Gecko) Chrome/124.0.0.0 Mobile Safari/537.36"
13.107.42.14 - - [08/Nov/2024:09:57:01 +0000] "GET /api/status HTTP/1.1" 200 193 "https://corpx.local/" "Mozilla/5.0 (X11; Linux x86_64; rv:125.0) Gecko/20100101 Firefox/125.0"
185.107.56.90 - - [08/Nov/2024:09:57:17 +0000] "GET /team.html HTTP/1.1" 200 4288 "-" "Mozilla/5.0 (Windows NT 10.0; Win64; x64; rv:125.0) Gecko/20100101 Firefox/125.0"
172.16.254.1 - - [08/Nov/2024:09:57:39 +0000] "GET /search?q=security HTTP/1.1" 200 7599 "https://corpx.local/" "Mozilla/5.0 (Linux; Android 14; Pixel 8) AppleWebKit/537.36 (KHTML, like Gecko) Chrome/124.0.0.0 Mobile Safari/537.36"
2.56.57.100 - - [08/Nov/2024:09:57:57 +0000] "GET /dashboard.php HTTP/1.1" 200 9947 "-" "Mozilla/5.0 (X11; Linux x86_64; rv:125.0) Gecko/20100101 Firefox/125.0"
13.107.42.14 - - [08/Nov/2024:09:58:15 +0000] "GET /favicon.ico HTTP/1.1" 200 1331 "-" "Mozilla/5.0 (Windows NT 10.0; Win64; x64; rv:125.0) Gecko/20100101 Firefox/125.0"
8.8.4.4 - - [08/Nov/2024:09:58:28 +0000] "GET /about.html HTTP/1.1" 200 4261 "https://corpx.local/" "Mozilla/5.0 (X11; Linux x86_64; rv:125.0) Gecko/20100101 Firefox/125.0"
157.240.22.35 - - [08/Nov/2024:09:58:35 +0000] "GET /dashboard.php HTTP/1.1" 200 9900 "https://bing.com/" "Mozilla/5.0 (Windows NT 10.0; Win64; x64) AppleWebKit/537.36 (KHTML, like Gecko) Chrome/124.0.0.0 Safari/537.36 Edg/124.0.0.0"
93.184.216.34 - - [08/Nov/2024:09:58:37 +0000] "GET /about.html HTTP/1.1" 200 4523 "https://bing.com/" "Mozilla/5.0 (Windows NT 10.0; Win64; x64; rv:125.0) Gecko/20100101 Firefox/125.0"
99.83.231.61 - - [08/Nov/2024:09:58:51 +0000] "GET /images/hero.jpg HTTP/1.1" 200 98567 "-" "Mozilla/5.0 (Linux; Android 14; Pixel 8) AppleWebKit/537.36 (KHTML, like Gecko) Chrome/124.0.0.0 Mobile Safari/537.36"
192.0.2.88 - - [08/Nov/2024:09:59:00 +0000] "GET /images/hero.jpg HTTP/1.1" 200 99025 "https://corpx.local/" "Mozilla/5.0 (X11; Linux x86_64; rv:125.0) Gecko/20100101 Firefox/125.0"
198.51.100.23 - - [08/Nov/2024:09:59:15 +0000] "GET /index.php HTTP/1.1" 200 12431 "https://bing.com/" "Mozilla/5.0 (Windows NT 10.0; Win64; x64; rv:125.0) Gecko/20100101 Firefox/125.0"
77.88.55.66 - - [08/Nov/2024:09:59:36 +0000] "GET /images/logo.png HTTP/1.1" 200 34471 "https://corpx.local/" "Mozilla/5.0 (Windows NT 10.0; Win64; x64) AppleWebKit/537.36 (KHTML, like Gecko) Chrome/124.0.0.0 Safari/537.36"
185.220.101.9 - - [08/Nov/2024:09:59:47 +0000] "GET /blog/post-1 HTTP/1.1" 200 6498 "-" "Mozilla/5.0 (Windows NT 10.0; Win64; x64) AppleWebKit/537.36 (KHTML, like Gecko) Chrome/124.0.0.0 Safari/537.36"
139.162.100.5 - - [08/Nov/2024:10:00:07 +0000] "GET /css/style.css HTTP/1.1" 200 23618 "https://bing.com/" "Mozilla/5.0 (Windows NT 10.0; Win64; x64; rv:125.0) Gecko/20100101 Firefox/125.0"
8.8.4.4 - - [08/Nov/2024:10:00:12 +0000] "GET /profile.php HTTP/1.1" 200 6824 "https://corpx.local/" "Mozilla/5.0 (Macintosh; Intel Mac OS X 10_15_7) AppleWebKit/605.1.15 (KHTML, like Gecko) Version/17.4 Safari/605.1.15"
185.220.101.9 - - [08/Nov/2024:10:00:19 +0000] "GET /js/main.js HTTP/1.1" 200 15318 "https://bing.com/" "Mozilla/5.0 (Windows NT 10.0; Win64; x64) AppleWebKit/537.36 (KHTML, like Gecko) Chrome/124.0.0.0 Safari/537.36 Edg/124.0.0.0"
216.58.214.46 - - [08/Nov/2024:10:00:32 +0000] "GET / HTTP/1.1" 200 12814 "-" "Mozilla/5.0 (Windows NT 10.0; Win64; x64) AppleWebKit/537.36 (KHTML, like Gecko) Chrome/124.0.0.0 Safari/537.36"
66.249.64.20 - - [08/Nov/2024:10:00:35 +0000] "GET /blog/post-2 HTTP/1.1" 200 5400 "-" "Mozilla/5.0 (compatible; Googlebot/2.1; +http://www.google.com/bot.html)"
46.101.45.200 - - [08/Nov/2024:10:00:37 +0000] "GET /images/hero.jpg HTTP/1.1" 200 98731 "-" "Mozilla/5.0 (iPhone; CPU iPhone OS 17_4 like Mac OS X) AppleWebKit/605.1.15 (KHTML, like Gecko) Version/17.4 Mobile/15E148 Safari/604.1"
185.107.56.90 - - [08/Nov/2024:10:00:40 +0000] "GET /login.php HTTP/1.1" 200 5252 "-" "Mozilla/5.0 (Macintosh; Intel Mac OS X 10_15_7) AppleWebKit/605.1.15 (KHTML, like Gecko) Version/17.4 Safari/605.1.15"
165.227.88.12 - - [08/Nov/2024:10:00:57 +0000] "GET /favicon.ico HTTP/1.1" 200 1440 "-" "Mozilla/5.0 (Windows NT 10.0; Win64; x64; rv:125.0) Gecko/20100101 Firefox/125.0"
151.101.1.69 - - [08/Nov/2024:10:01:05 +0000] "GET /docs/ HTTP/1.1" 200 5404 "https://corpx.local/" "Mozilla/5.0 (Macintosh; Intel Mac OS X 10_15_7) AppleWebKit/605.1.15 (KHTML, like Gecko) Version/17.4 Safari/605.1.15"
2.56.57.100 - - [08/Nov/2024:10:01:21 +0000] "GET /images/hero.jpg HTTP/1.1" 200 98676 "-" "Mozilla/5.0 (Macintosh; Intel Mac OS X 10_15_7) AppleWebKit/605.1.15 (KHTML, like Gecko) Version/17.4 Safari/605.1.15"
104.244.42.65 - - [08/Nov/2024:10:01:31 +0000] "GET /blog/post-1 HTTP/1.1" 200 6661 "-" "Mozilla/5.0 (Windows NT 10.0; Win64; x64) AppleWebKit/537.36 (KHTML, like Gecko) Chrome/124.0.0.0 Safari/537.36 Edg/124.0.0.0"
162.158.92.14 - - [08/Nov/2024:10:01:32 +0000] "GET /blog/post-3 HTTP/1.1" 200 5051 "-" "Mozilla/5.0 (X11; Linux x86_64; rv:125.0) Gecko/20100101 Firefox/125.0"
66.249.64.20 - - [08/Nov/2024:10:01:44 +0000] "GET /about.html HTTP/1.1" 200 4030 "https://bing.com/" "Mozilla/5.0 (compatible; Googlebot/2.1; +http://www.google.com/bot.html)"
172.67.13.249 - - [08/Nov/2024:10:01:49 +0000] "GET /images/logo.png HTTP/1.1" 200 34484 "https://bing.com/" "Mozilla/5.0 (Linux; Android 14; Pixel 8) AppleWebKit/537.36 (KHTML, like Gecko) Chrome/124.0.0.0 Mobile Safari/537.36"
8.8.4.4 - - [08/Nov/2024:10:02:03 +0000] "GET /contact.html HTTP/1.1" 200 3480 "-" "Mozilla/5.0 (Windows NT 10.0; Win64; x64) AppleWebKit/537.36 (KHTML, like Gecko) Chrome/124.0.0.0 Safari/537.36"
99.83.231.61 - - [08/Nov/2024:10:02:05 +0000] "GET /robots.txt HTTP/1.1" 200 318 "-" "Mozilla/5.0 (Macintosh; Intel Mac OS X 10_15_7) AppleWebKit/605.1.15 (KHTML, like Gecko) Version/17.4 Safari/605.1.15"
8.8.4.4 - - [08/Nov/2024:10:02:06 +0000] "POST /login.php HTTP/1.1" 302 0 "https://bing.com/" "Mozilla/5.0 (iPhone; CPU iPhone OS 17_4 like Mac OS X) AppleWebKit/605.1.15 (KHTML, like Gecko) Version/17.4 Mobile/15E148 Safari/604.1"
46.101.45.200 - - [08/Nov/2024:10:02:16 +0000] "GET /js/main.js HTTP/1.1" 200 15267 "-" "Mozilla/5.0 (Linux; Android 14; Pixel 8) AppleWebKit/537.36 (KHTML, like Gecko) Chrome/124.0.0.0 Mobile Safari/537.36"
52.26.198.20 - - [08/Nov/2024:10:02:35 +0000] "GET /blog/post-1 HTTP/1.1" 200 6758 "https://bing.com/" "Mozilla/5.0 (X11; Linux x86_64; rv:125.0) Gecko/20100101 Firefox/125.0"
66.249.64.20 - - [08/Nov/2024:10:02:46 +0000] "GET /blog/ HTTP/1.1" 200 8556 "https://corpx.local/" "Mozilla/5.0 (compatible; Googlebot/2.1; +http://www.google.com/bot.html)"
165.227.88.12 - - [08/Nov/2024:10:03:03 +0000] "GET /services.html HTTP/1.1" 200 5497 "https://corpx.local/" "Mozilla/5.0 (Macintosh; Intel Mac OS X 10_15_7) AppleWebKit/605.1.15 (KHTML, like Gecko) Version/17.4 Safari/605.1.15"
77.88.55.66 - - [08/Nov/2024:10:03:05 +0000] "GET /docs/ HTTP/1.1" 200 5419 "https://corpx.local/" "Mozilla/5.0 (Windows NT 10.0; Win64; x64) AppleWebKit/537.36 (KHTML, like Gecko) Chrome/124.0.0.0 Safari/537.36 Edg/124.0.0.0"
162.158.92.14 - - [08/Nov/2024:10:03:19 +0000] "POST /login.php HTTP/1.1" 302 0 "https://corpx.local/" "Mozilla/5.0 (X11; Linux x86_64; rv:125.0) Gecko/20100101 Firefox/125.0"
172.67.13.249 - - [08/Nov/2024:10:03:36 +0000] "GET /api/status HTTP/1.1" 200 213 "https://corpx.local/" "Mozilla/5.0 (Windows NT 10.0; Win64; x64) AppleWebKit/537.36 (KHTML, like Gecko) Chrome/124.0.0.0 Safari/537.36 Edg/124.0.0.0"
142.250.80.1 - - [08/Nov/2024:10:03:52 +0000] "GET /docs/ HTTP/1.1" 200 5582 "-" "Mozilla/5.0 (iPhone; CPU iPhone OS 17_4 like Mac OS X) AppleWebKit/605.1.15 (KHTML, like Gecko) Version/17.4 Mobile/15E148 Safari/604.1"
142.250.80.1 - - [08/Nov/2024:10:03:59 +0000] "GET /blog/post-3 HTTP/1.1" 200 4777 "-" "Mozilla/5.0 (Windows NT 10.0; Win64; x64) AppleWebKit/537.36 (KHTML, like Gecko) Chrome/124.0.0.0 Safari/537.36"
8.8.4.4 - - [08/Nov/2024:10:04:15 +0000] "GET /404.html HTTP/1.1" 404 2523 "https://bing.com/" "Mozilla/5.0 (Macintosh; Intel Mac OS X 10_15_7) AppleWebKit/605.1.15 (KHTML, like Gecko) Version/17.4 Safari/605.1.15"
40.77.167.80 - - [08/Nov/2024:10:04:19 +0000] "GET /index.php HTTP/1.1" 200 12695 "https://corpx.local/" "Mozilla/5.0 (compatible; Googlebot/2.1; +http://www.google.com/bot.html)"
40.77.167.80 - - [08/Nov/2024:10:04:37 +0000] "GET /favicon.ico HTTP/1.1" 200 1438 "-" "Mozilla/5.0 (compatible; Googlebot/2.1; +http://www.google.com/bot.html)"
91.108.4.22 - - [08/Nov/2024:10:04:42 +0000] "GET /about.html HTTP/1.1" 200 4228 "https://corpx.local/" "Mozilla/5.0 (X11; Linux x86_64; rv:125.0) Gecko/20100101 Firefox/125.0"
157.240.22.35 - - [08/Nov/2024:10:04:48 +0000] "GET /sitemap.xml HTTP/1.1" 200 4300 "-" "Mozilla/5.0 (Linux; Android 14; Pixel 8) AppleWebKit/537.36 (KHTML, like Gecko) Chrome/124.0.0.0 Mobile Safari/537.36"
103.21.244.10 - - [08/Nov/2024:10:05:07 +0000] "GET /feed/ HTTP/1.1" 200 12629 "-" "Mozilla/5.0 (iPhone; CPU iPhone OS 17_4 like Mac OS X) AppleWebKit/605.1.15 (KHTML, like Gecko) Version/17.4 Mobile/15E148 Safari/604.1"
192.0.2.88 - - [08/Nov/2024:10:05:21 +0000] "GET /feed/ HTTP/1.1" 200 12555 "-" "Mozilla/5.0 (Macintosh; Intel Mac OS X 10_15_7) AppleWebKit/605.1.15 (KHTML, like Gecko) Version/17.4 Safari/605.1.15"
198.51.100.23 - - [08/Nov/2024:10:05:32 +0000] "GET /profile.php HTTP/1.1" 200 6613 "https://bing.com/" "Mozilla/5.0 (X11; Linux x86_64; rv:125.0) Gecko/20100101 Firefox/125.0"
194.165.16.11 - - [08/Nov/2024:10:05:44 +0000] "GET /css/style.css HTTP/1.1" 200 23313 "-" "Mozilla/5.0 (Windows NT 10.0; Win64; x64; rv:125.0) Gecko/20100101 Firefox/125.0"
66.249.64.20 - - [08/Nov/2024:10:05:47 +0000] "GET /search?q=linux HTTP/1.1" 200 7845 "https://bing.com/" "Mozilla/5.0 (compatible; Googlebot/2.1; +http://www.google.com/bot.html)"
