203.0.113.45 - - [08/Nov/2024:10:52:36 +0000] "GET /sitemap.xml HTTP/1.1" 200 4131 "https://corpx.local/" "Mozilla/5.0 (Windows NT 10.0; Win64; x64) AppleWebKit/537.36 (KHTML, like Gecko) Chrome/124.0.0.0 Safari/537.36 Edg/124.0.0.0"
104.244.42.65 - - [08/Nov/2024:10:52:47 +0000] "GET /blog/post-2 HTTP/1.1" 200 5686 "https://bing.com/" "Mozilla/5.0 (iPhone; CPU iPhone OS 17_4 like Mac OS X) AppleWebKit/605.1.15 (KHTML, like Gecko) Version/17.4 Mobile/15E148 Safari/604.1"
91.108.4.22 - - [08/Nov/2024:10:53:01 +0000] "GET /blog/post-2 HTTP/1.1" 200 5240 "https://corpx.local/" "Mozilla/5.0 (Macintosh; Intel Mac OS X 10_15_7) AppleWebKit/605.1.15 (KHTML, like Gecko) Version/17.4 Safari/605.1.15"
52.26.198.20 - - [08/Nov/2024:10:53:12 +0000] "GET /images/logo.png HTTP/1.1" 200 34590 "-" "Mozilla/5.0 (Windows NT 10.0; Win64; x64) AppleWebKit/537.36 (KHTML, like Gecko) Chrome/124.0.0.0 Safari/537.36"
151.101.1.69 - - [08/Nov/2024:10:53:25 +0000] "GET /blog/post-3 HTTP/1.1" 200 4657 "https://corpx.local/" "Mozilla/5.0 (Windows NT 10.0; Win64; x64) AppleWebKit/537.36 (KHTML, like Gecko) Chrome/124.0.0.0 Safari/537.36 Edg/124.0.0.0"
185.107.56.90 - - [08/Nov/2024:10:53:46 +0000] "GET /about.html HTTP/1.1" 200 4243 "https://bing.com/" "Mozilla/5.0 (Windows NT 10.0; Win64; x64) AppleWebKit/537.36 (KHTML, like Gecko) Chrome/124.0.0.0 Safari/537.36"
40.77.167.80 - - [08/Nov/2024:10:53:56 +0000] "GET /contact.html HTTP/1.1" 200 3459 "-" "Mozilla/5.0 (compatible; Googlebot/2.1; +http://www.google.com/bot.html)"
194.165.16.11 - - [08/Nov/2024:10:54:05 +0000] "GET /css/style.css HTTP/1.1" 200 23553 "-" "Mozilla/5.0 (iPhone; CPU iPhone OS 17_4 like Mac OS X) AppleWebKit/605.1.15 (KHTML, like Gecko) Version/17.4 Mobile/15E148 Safari/604.1"
52.26.198.20 - - [08/Nov/2024:10:54:16 +0000] "GET /feed/ HTTP/1.1" 200 12370 "https://bing.com/" "Mozilla/5.0 (Linux; Android 14; Pixel 8) AppleWebKit/537.36 (KHTML, like Gecko) Chrome/124.0.0.0 Mobile Safari/537.36"
99.83.231.61 - - [08/Nov/2024:10:54:19 +0000] "POST /login.php HTTP/1.1" 302 0 "https://bing.com/" "Mozilla/5.0 (Windows NT 10.0; Win64; x64) AppleWebKit/537.36 (KHTML, like Gecko) Chrome/124.0.0.0 Safari/537.36"
216.58.214.46 - - [08/Nov/2024:10:54:32 +0000] "GET /login.php HTTP/1.1" 200 5145 "-" "Mozilla/5.0 (iPhone; CPU iPhone OS 17_4 like Mac OS X) AppleWebKit/605.1.15 (KHTML, like Gecko) Version/17.4 Mobile/15E148 Safari/604.1"
91.108.4.22 - - [08/Nov/2024:10:54:33 +0000] "GET /blog/post-3 HTTP/1.1" 200 5028 "-" "Mozilla/5.0 (X11; Linux x86_64; rv:125.0) Gecko/20100101 Firefox/125.0"
185.220.101.9 - - [08/Nov/2024:10:54:53 +0000] "GET /blog/ HTTP/1.1" 200 8848 "https://bing.com/" "Mozilla/5.0 (Windows NT 10.0; Win64; x64) AppleWebKit/537.36 (KHTML, like Gecko) Chrome/124.0.0.0 Safari/537.36"
104.244.42.65 - - [08/Nov/2024:10:55:03 +0000] "GET /images/logo.png HTTP/1.1" 200 34476 "-" "Mozilla/5.0 (Macintosh; Intel Mac OS X 10_15_7) AppleWebKit/605.1.15 (KHTML, like Gecko) Version/17.4 Safari/605.1.15"
66.249.66.1 - - [08/Nov/2024:10:55:11 +0000] "GET /wp-login.php HTTP/1.1" 404 0 "https://corpx.local/" "Mozilla/5.0 (compatible; Googlebot/2.1; +http://www.google.com/bot.html)"
93.184.216.34 - - [08/Nov/2024:10:55:16 +0000] "GET /dashboard.php HTTP/1.1" 200 9616 "https://bing.com/" "Mozilla/5.0 (X11; Linux x86_64; rv:125.0) Gecko/20100101 Firefox/125.0"
162.158.92.14 - - [08/Nov/2024:10:55:37 +0000] "GET / HTTP/1.1" 200 12477 "https://corpx.local/" "Mozilla/5.0 (Windows NT 10.0; Win64; x64; rv:125.0) Gecko/20100101 Firefox/125.0"
13.107.42.14 - - [08/Nov/2024:10:55:48 +0000] "POST /contact.php HTTP/1.1" 200 645 "-" "Mozilla/5.0 (Macintosh; Intel Mac OS X 10_15_7) AppleWebKit/605.1.15 (KHTML, like Gecko) Version/17.4 Safari/605.1.15"
216.58.214.46 - - [08/Nov/2024:10:56:10 +0000] "GET /docs/ HTTP/1.1" 200 5522 "https://corpx.local/" "Mozilla/5.0 (iPhone; CPU iPhone OS 17_4 like Mac OS X) AppleWebKit/605.1.15 (KHTML, like Gecko) Version/17.4 Mobile/15E148 Safari/604.1"
66.249.66.1 - - [08/Nov/2024:10:56:16 +0000] "GET /dashboard.php HTTP/1.1" 200 9582 "-" "Mozilla/5.0 (compatible; Googlebot/2.1; +http://www.google.com/bot.html)"
192.0.2.88 - - [08/Nov/2024:10:56:32 +0000] "GET /index.php HTTP/1.1" 200 12387 "-" "Mozilla/5.0 (Macintosh; Intel Mac OS X 10_15_7) AppleWebKit/605.1.15 (KHTML, like Gecko) Version/17.4 Safari/605.1.15"
185.220.101.9 - - [08/Nov/2024:10:56:37 +0000] "GET /login.php HTTP/1.1" 200 5694 "-" "Mozilla/5.0 (Macintosh; Intel Mac OS X 10_15_7) AppleWebKit/605.1.15 (KHTML, like Gecko) Version/17.4 Safari/605.1.15"
185.220.101.9 - - [08/Nov/2024:10:56:45 +0000] "GET /wp-login.php HTTP/1.1" 404 0 "https://bing.com/" "Mozilla/5.0 (Windows NT 10.0; Win64; x64) AppleWebKit/537.36 (KHTML, like Gecko) Chrome/124.0.0.0 Safari/537.36 Edg/124.0.0.0"
157.240.22.35 - - [08/Nov/2024:10:56:55 +0000] "GET /blog/post-2 HTTP/1.1" 200 5382 "https://bing.com/" "Mozilla/5.0 (Linux; Android 14; Pixel 8) AppleWebKit/537.36 (KHTML, like Gecko) Chrome/124.0.0.0 Mobile Safari/537.36"
13.107.42.14 - - [08/Nov/2024:10:57:01 +0000] "GET /team.html HTTP/1.1" 200 4857 "https://bing.com/" "Mozilla/5.0 (X11; Linux x86_64; rv:125.0) Gecko/20100101 Firefox/125.0"
104.244.42.65 - - [08/Nov/2024:10:57:22 +0000] "GET /docs/ HTTP/1.1" 200 5624 "-" "Mozilla/5.0 (X11; Linux x86_64; rv:125.0) Gecko/20100101 Firefox/125.0"
46.101.45.200 - - [08/Nov/2024:10:57:34 +0000] "GET /blog/post-1 HTTP/1.1" 200 6725 "https://bing.com/" "Mozilla/5.0 (Windows NT 10.0; Win64; x64) AppleWebKit/537.36 (KHTML, like Gecko) Chrome/124.0.0.0 Safari/537.36 Edg/124.0.0.0"
165.227.88.12 - - [08/Nov/2024:10:57:48 +0000] "GET /blog/ HTTP/1.1" 200 8958 "-" "Mozilla/5.0 (Windows NT 10.0; Win64; x64; rv:125.0) Gecko/20100101 Firefox/125.0"
165.227.88.12 - - [08/Nov/2024:10:58:01 +0000] "GET /about.html HTTP/1.1" 200 4327 "-" "Mozilla/5.0 (Windows NT 10.0; Win64; x64; rv:125.0) Gecko/20100101 Firefox/125.0"
52.26.198.20 - - [08/Nov/2024:10:58:19 +0000] "GET /images/logo.png HTTP/1.1" 200 34741 "https://corpx.local/" "Mozilla/5.0 (X11; Linux x86_64; rv:125.0) Gecko/20100101 Firefox/125.0"
162.158.92.14 - - [08/Nov/2024:10:58:34 +0000] "POST /contact.php HTTP/1.1" 200 1082 "-" "Mozilla/5.0 (Windows NT 10.0; Win64; x64) AppleWebKit/537.36 (KHTML, like Gecko) Chrome/124.0.0.0 Safari/537.36 Edg/124.0.0.0"
77.88.55.66 - - [08/Nov/2024:10:58:45 +0000] "GET /robots.txt HTTP/1.1" 200 156 "-" "Mozilla/5.0 (Linux; Android 14; Pixel 8) AppleWebKit/537.36 (KHTML, like Gecko) Chrome/124.0.0.0 Mobile Safari/537.36"
103.21.244.10 - - [08/Nov/2024:10:58:52 +0000] "GET /docs/ HTTP/1.1" 200 5644 "https://corpx.local/" "Mozilla/5.0 (Windows NT 10.0; Win64; x64) AppleWebKit/537.36 (KHTML, like Gecko) Chrome/124.0.0.0 Safari/537.36"
46.101.45.200 - - [08/Nov/2024:10:59:08 +0000] "GET /images/logo.png HTTP/1.1" 200 34649 "https://bing.com/" "Mozilla/5.0 (Windows NT 10.0; Win64; x64) AppleWebKit/537.36 (KHTML, like Gecko) Chrome/124.0.0.0 Safari/537.36 Edg/124.0.0.0"
108.162.236.1 - - [08/Nov/2024:10:59:24 +0000] "GET /login.php HTTP/1.1" 200 5204 "https://bing.com/" "Mozilla/5.0 (Linux; Android 14; Pixel 8) AppleWebKit/537.36 (KHTML, like Gecko) Chrome/124.0.0.0 Mobile Safari/537.36"
91.108.4.22 - - [08/Nov/2024:10:59:26 +0000] "GET /login.php HTTP/1.1" 200 5298 "-" "Mozilla/5.0 (Windows NT 10.0; Win64; x64) AppleWebKit/537.36 (KHTML, like Gecko) Chrome/124.0.0.0 Safari/537.36 Edg/124.0.0.0"
8.8.4.4 - - [08/Nov/2024:10:59:40 +0000] "GET /feed/ HTTP/1.1" 200 12401 "https://bing.com/" "Mozilla/5.0 (Windows NT 10.0; Win64; x64; rv:125.0) Gecko/20100101 Firefox/125.0"
185.107.56.90 - - [08/Nov/2024:11:00:01 +0000] "GET /index.php HTTP/1.1" 200 12637 "https://bing.com/" "Mozilla/5.0 (Linux; Android 14; Pixel 8) AppleWebKit/537.36 (KHTML, like Gecko) Chrome/124.0.0.0 Mobile Safari/537.36"
13.107.42.14 - - [08/Nov/2024:11:00:09 +0000] "GET /index.php HTTP/1.1" 200 12613 "-" "Mozilla/5.0 (Windows NT 10.0; Win64; x64) AppleWebKit/537.36 (KHTML, like Gecko) Chrome/124.0.0.0 Safari/537.36 Edg/124.0.0.0"
142.250.80.1 - - [08/Nov/2024:11:00:31 +0000] "POST /login.php HTTP/1.1" 302 0 "https://bing.com/" "Mozilla/5.0 (X11; Linux x86_64; rv:125.0) Gecko/20100101 Firefox/125.0"
142.250.80.1 - - [08/Nov/2024:11:00:53 +0000] "GET /blog/post-3 HTTP/1.1" 200 5182 "-" "Mozilla/5.0 (X11; Linux x86_64; rv:125.0) Gecko/20100101 Firefox/125.0"
91.108.4.22 - - [08/Nov/2024:11:00:54 +0000] "GET /about.html HTTP/1.1" 200 4413 "https://bing.com/" "Mozilla/5.0 (Windows NT 10.0; Win64; x64; rv:125.0) Gecko/20100101 Firefox/125.0"
185.220.101.9 - - [08/Nov/2024:11:01:13 +0000] "GET /blog/post-2 HTTP/1.1" 200 5565 "-" "Mozilla/5.0 (iPhone; CPU iPhone OS 17_4 like Mac OS X) AppleWebKit/605.1.15 (KHTML, like Gecko) Version/17.4 Mobile/15E148 Safari/604.1"
8.8.4.4 - - [08/Nov/2024:11:01:27 +0000] "GET /team.html HTTP/1.1" 200 4779 "https://bing.com/" "Mozilla/5.0 (Linux; Android 14; Pixel 8) AppleWebKit/537.36 (KHTML, like Gecko) Chrome/124.0.0.0 Mobile Safari/537.36"
108.162.236.1 - - [08/Nov/2024:11:01:46 +0000] "GET /images/hero.jpg HTTP/1.1" 200 98556 "-" "Mozilla/5.0 (Linux; Android 14; Pixel 8) AppleWebKit/537.36 (KHTML, like Gecko) Chrome/124.0.0.0 Mobile Safari/537.36"
54.230.123.44 - - [08/Nov/2024:11:02:07 +0000] "GET /blog/ HTTP/1.1" 200 8740 "-" "Mozilla/5.0 (Windows NT 10.0; Win64; x64; rv:125.0) Gecko/20100101 Firefox/125.0"
108.162.236.1 - - [08/Nov/2024:11:02:20 +0000] "GET /blog/post-1 HTTP/1.1" 200 6746 "-" "Mozilla/5.0 (Windows NT 10.0; Win64; x64) AppleWebKit/537.36 (KHTML, like Gecko) Chrome/124.0.0.0 Safari/537.36"
192.0.2.88 - - [08/Nov/2024:11:02:24 +0000] "GET /404.html HTTP/1.1" 404 2472 "https://bing.com/" "Mozilla/5.0 (Windows NT 10.0; Win64; x64; rv:125.0) Gecko/20100101 Firefox/125.0"
162.158.92.14 - - [08/Nov/2024:11:02:45 +0000] "GET /images/hero.jpg HTTP/1.1" 200 98639 "-" "Mozilla/5.0 (Linux; Android 14; Pixel 8) AppleWebKit/537.36 (KHTML, like Gecko) Chrome/124.0.0.0 Mobile Safari/537.36"
52.26.198.20 - - [08/Nov/2024:11:02:57 +0000] "GET /blog/ HTTP/1.1" 200 8667 "https://bing.com/" "Mozilla/5.0 (Linux; Android 14; Pixel 8) AppleWebKit/537.36 (KHTML, like Gecko) Chrome/124.0.0.0 Mobile Safari/537.36"
91.108.4.22 - - [08/Nov/2024:11:03:03 +0000] "GET /login.php HTTP/1.1" 200 5349 "-" "Mozilla/5.0 (Windows NT 10.0; Win64; x64) AppleWebKit/537.36 (KHTML, like Gecko) Chrome/124.0.0.0 Safari/537.36 Edg/124.0.0.0"
172.16.254.1 - - [08/Nov/2024:11:03:10 +0000] "GET /blog/post-1 HTTP/1.1" 200 6439 "https://corpx.local/" "Mozilla/5.0 (Linux; Android 14; Pixel 8) AppleWebKit/537.36 (KHTML, like Gecko) Chrome/124.0.0.0 Mobile Safari/537.36"
66.249.66.1 - - [08/Nov/2024:11:03:24 +0000] "GET /dashboard.php HTTP/1.1" 200 9687 "-" "Mozilla/5.0 (compatible; Googlebot/2.1; +http://www.google.com/bot.html)"
162.158.92.14 - - [08/Nov/2024:11:03:27 +0000] "GET /images/logo.png HTTP/1.1" 200 34394 "https://corpx.local/" "Mozilla/5.0 (Windows NT 10.0; Win64; x64) AppleWebKit/537.36 (KHTML, like Gecko) Chrome/124.0.0.0 Safari/537.36"
99.83.231.61 - - [08/Nov/2024:11:03:30 +0000] "GET /login.php HTTP/1.1" 200 5372 "https://bing.com/" "Mozilla/5.0 (Windows NT 10.0; Win64; x64) AppleWebKit/537.36 (KHTML, like Gecko) Chrome/124.0.0.0 Safari/537.36"
194.165.16.11 - - [08/Nov/2024:11:03:46 +0000] "GET /index.php HTTP/1.1" 200 12515 "-" "Mozilla/5.0 (Windows NT 10.0; Win64; x64) AppleWebKit/537.36 (KHTML, like Gecko) Chrome/124.0.0.0 Safari/537.36"
203.0.113.45 - - [08/Nov/2024:11:04:08 +0000] "GET /blog/post-2 HTTP/1.1" 200 5666 "-" "Mozilla/5.0 (Windows NT 10.0; Win64; x64) AppleWebKit/537.36 (KHTML, like Gecko) Chrome/124.0.0.0 Safari/537.36"
93.184.216.34 - - [08/Nov/2024:11:04:21 +0000] "GET /robots.txt HTTP/1.1" 200 301 "https://bing.com/" "Mozilla/5.0 (Windows NT 10.0; Win64; x64) AppleWebKit/537.36 (KHTML, like Gecko) Chrome/124.0.0.0 Safari/537.36 Edg/124.0.0.0"
185.107.56.90 - - [08/Nov/2024:11:04:32 +0000] "GET /api/status HTTP/1.1" 200 396 "https://corpx.local/" "Mozilla/5.0 (Linux; Android 14; Pixel 8) AppleWebKit/537.36 (KHTML, like Gecko) Chrome/124.0.0.0 Mobile Safari/537.36"
185.107.56.90 - - [08/Nov/2024:11:04:40 +0000] "GET /images/logo.png HTTP/1.1" 200 34654 "-" "Mozilla/5.0 (Linux; Android 14; Pixel 8) AppleWebKit/537.36 (KHTML, like Gecko) Chrome/124.0.0.0 Mobile Safari/537.36"
99.83.231.61 - - [08/Nov/2024:11:04:52 +0000] "GET /contact.html HTTP/1.1" 200 2913 "https://bing.com/" "Mozilla/5.0 (Windows NT 10.0; Win64; x64; rv:125.0) Gecko/20100101 Firefox/125.0"
77.88.55.66 - - [08/Nov/2024:11:05:05 +0000] "POST /login.php HTTP/1.1" 302 0 "-" "Mozilla/5.0 (Windows NT 10.0; Win64; x64) AppleWebKit/537.36 (KHTML, like Gecko) Chrome/124.0.0.0 Safari/537.36"
93.184.216.34 - - [08/Nov/2024:11:05:22 +0000] "GET /feed/ HTTP/1.1" 200 12299 "https://corpx.local/" "Mozilla/5.0 (Linux; Android 14; Pixel 8) AppleWebKit/537.36 (KHTML, like Gecko) Chrome/124.0.0.0 Mobile Safari/537.36"
17.58.99.83 - - [08/Nov/2024:11:05:37 +0000] "GET /sitemap.xml HTTP/1.1" 200 4444 "-" "Mozilla/5.0 (compatible; Googlebot/2.1; +http://www.google.com/bot.html)"
172.67.13.249 - - [08/Nov/2024:11:05:38 +0000] "GET /dashboard.php HTTP/1.1" 200 9944 "-" "Mozilla/5.0 (Windows NT 10.0; Win64; x64) AppleWebKit/537.36 (KHTML, like Gecko) Chrome/124.0.0.0 Safari/537.36"
66.249.66.1 - - [08/Nov/2024:11:05:49 +0000] "GET /blog/post-3 HTTP/1.1" 200 5086 "https://bing.com/" "Mozilla/5.0 (compatible; Googlebot/2.1; +http://www.google.com/bot.html)"
185.220.101.9 - - [08/Nov/2024:11:06:09 +0000] "GET /images/hero.jpg HTTP/1.1" 200 98952 "-" "Mozilla/5.0 (X11; Linux x86_64; rv:125.0) Gecko/20100101 Firefox/125.0"
162.158.92.14 - - [08/Nov/2024:11:06:22 +0000] "GET /blog/post-2 HTTP/1.1" 200 5278 "-" "Mozilla/5.0 (iPhone; CPU iPhone OS 17_4 like Mac OS X) AppleWebKit/605.1.15 (KHTML, like Gecko) Version/17.4 Mobile/15E148 Safari/604.1"
40.77.167.80 - - [08/Nov/2024:11:06:27 +0000] "GET /search?q=security HTTP/1.1" 200 7443 "https://corpx.local/" "Mozilla/5.0 (compatible; Googlebot/2.1; +http://www.google.com/bot.html)"
66.249.64.20 - - [08/Nov/2024:11:06:49 +0000] "GET /blog/post-1 HTTP/1.1" 200 6699 "-" "Mozilla/5.0 (compatible; Googlebot/2.1; +http://www.google.com/bot.html)"
13.107.42.14 - - [08/Nov/2024:11:07:05 +0000] "GET /blog/post-2 HTTP/1.1" 200 5306 "-" "Mozilla/5.0 (Macintosh; Intel Mac OS X 10_15_7) AppleWebKit/605.1.15 (KHTML, like Gecko) Version/17.4 Safari/605.1.15"
165.227.88.12 - - [08/Nov/2024:11:07:09 +0000] "GET / HTTP/1.1" 200 12407 "https://corpx.local/" "Mozilla/5.0 (Linux; Android 14; Pixel 8) AppleWebKit/537.36 (KHTML, like Gecko) Chrome/124.0.0.0 Mobile Safari/537.36"
93.184.216.34 - - [08/Nov/2024:11:07:22 +0000] "GET /wp-login.php HTTP/1.1" 404 0 "https://corpx.local/" "Mozilla/5.0 (Macintosh; Intel Mac OS X 10_15_7) AppleWebKit/605.1.15 (KHTML, like Gecko) Version/17.4 Safari/605.1.15"
17.58.99.83 - - [08/Nov/2024:11:07:44 +0000] "GET /api/status HTTP/1.1" 200 171 "-" "Mozilla/5.0 (compatible; Googlebot/2.1; +http://www.google.com/bot.html)"
40.77.167.80 - - [08/Nov/2024:11:08:02 +0000] "GET /about.html HTTP/1.1" 200 4360 "-" "Mozilla/5.0 (compatible; Googlebot/2.1; +http://www.google.com/bot.html)"
192.0.2.88 - - [08/Nov/2024:11:08:21 +0000] "GET /css/style.css HTTP/1.1" 200 23542 "https://bing.com/" "Mozilla/5.0 (Linux; Android 14; Pixel 8) AppleWebKit/537.36 (KHTML, like Gecko) Chrome/124.0.0.0 Mobile Safari/537.36"
165.227.88.12 - - [08/Nov/2024:11:08:42 +0000] "GET /blog/post-3 HTTP/1.1" 200 4818 "https://corpx.local/" "Mozilla/5.0 (Windows NT 10.0; Win64; x64; rv:125.0) Gecko/20100101 Firefox/125.0"
162.158.92.14 - - [08/Nov/2024:11:08:46 +0000] "GET /contact.html HTTP/1.1" 200 3001 "https://corpx.local/" "Mozilla/5.0 (Windows NT 10.0; Win64; x64) AppleWebKit/537.36 (KHTML, like Gecko) Chrome/124.0.0.0 Safari/537.36"
104.244.42.65 - - [08/Nov/2024:11:09:05 +0000] "GET /contact.html HTTP/1.1" 200 3496 "https://corpx.local/" "Mozilla/5.0 (Linux; Android 14; Pixel 8) AppleWebKit/537.36 (KHTML, like Gecko) Chrome/124.0.0.0 Mobile Safari/537.36"
172.67.13.249 - - [08/Nov/2024:11:09:10 +0000] "GET /login.php HTTP/1.1" 200 5133 "https://corpx.local/" "Mozilla/5.0 (Windows NT 10.0; Win64; x64) AppleWebKit/537.36 (KHTML, like Gecko) Chrome/124.0.0.0 Safari/537.36 Edg/124.0.0.0"
104.244.42.65 - - [08/Nov/2024:11:09:12 +0000] "GET /images/logo.png HTTP/1.1" 200 34700 "https://corpx.local/" "Mozilla/5.0 (Windows NT 10.0; Win64; x64; rv:125.0) Gecko/20100101 Firefox/125.0"
77.88.55.66 - - [08/Nov/2024:11:09:24 +0000] "GET /profile.php HTTP/1.1" 200 6716 "-" "Mozilla/5.0 (iPhone; CPU iPhone OS 17_4 like Mac OS X) AppleWebKit/605.1.15 (KHTML, like Gecko) Version/17.4 Mobile/15E148 Safari/604.1"
103.21.244.10 - - [08/Nov/2024:11:09:37 +0000] "GET /docs/ HTTP/1.1" 200 5603 "https://corpx.local/" "Mozilla/5.0 (iPhone; CPU iPhone OS 17_4 like Mac OS X) AppleWebKit/605.1.15 (KHTML, like Gecko) Version/17.4 Mobile/15E148 Safari/604.1"
162.158.92.14 - - [08/Nov/2024:11:09:42 +0000] "GET /blog/post-3 HTTP/1.1" 200 5101 "https://bing.com/" "Mozilla/5.0 (Windows NT 10.0; Win64; x64; rv:125.0) Gecko/20100101 Firefox/125.0"
162.158.92.14 - - [08/Nov/2024:11:09:47 +0000] "GET /wp-login.php HTTP/1.1" 404 0 "-" "Mozilla/5.0 (Macintosh; Intel Mac OS X 10_15_7) AppleWebKit/605.1.15 (KHTML, like Gecko) Version/17.4 Safari/605.1.15"
172.67.13.249 - - [08/Nov/2024:11:10:07 +0000] "GET /sitemap.xml HTTP/1.1" 200 4147 "https://corpx.local/" "Mozilla/5.0 (X11; Linux x86_64; rv:125.0) Gecko/20100101 Firefox/125.0"
17.58.99.83 - - [08/Nov/2024:11:10:26 +0000] "GET /dashboard.php HTTP/1.1" 200 9796 "https://bing.com/" "Mozilla/5.0 (compatible; Googlebot/2.1; +http://www.google.com/bot.html)"
2.56.57.100 - - [08/Nov/2024:11:10:36 +0000] "GET /search?q=security HTTP/1.1" 200 7695 "-" "Mozilla/5.0 (Windows NT 10.0; Win64; x64) AppleWebKit/537.36 (KHTML, like Gecko) Chrome/124.0.0.0 Safari/537.36"
216.58.214.46 - - [08/Nov/2024:11:10:43 +0000] "GET /wp-login.php HTTP/1.1" 404 0 "-" "Mozilla/5.0 (Linux; Android 14; Pixel 8) AppleWebKit/537.36 (KHTML, like Gecko) Chrome/124.0.0.0 Mobile Safari/537.36"
40.77.167.80 - - [08/Nov/2024:11:10:49 +0000] "GET /wp-login.php HTTP/1.1" 404 0 "https://bing.com/" "Mozilla/5.0 (compatible; Googlebot/2.1; +http://www.google.com/bot.html)"
157.240.22.35 - - [08/Nov/2024:11:10:59 +0000] "POST /contact.php HTTP/1.1" 200 991 "https://corpx.local/" "Mozilla/5.0 (Windows NT 10.0; Win64; x64) AppleWebKit/537.36 (KHTML, like Gecko) Chrome/124.0.0.0 Safari/537.36"
17.58.99.83 - - [08/Nov/2024:11:11:13 +0000] "GET /js/main.js HTTP/1.1" 200 15532 "https://bing.com/" "Mozilla/5.0 (compatible; Googlebot/2.1; +http://www.google.com/bot.html)"
162.158.92.14 - - [08/Nov/2024:11:11:16 +0000] "GET /404.html HTTP/1.1" 404 2244 "https://bing.com/" "Mozilla/5.0 (X11; Linux x86_64; rv:125.0) Gecko/20100101 Firefox/125.0"
77.88.55.66 - - [08/Nov/2024:11:11:20 +0000] "GET /feed/ HTTP/1.1" 200 12639 "-" "Mozilla/5.0 (X11; Linux x86_64; rv:125.0) Gecko/20100101 Firefox/125.0"
66.249.64.20 - - [08/Nov/2024:11:11:30 +0000] "GET /dashboard.php HTTP/1.1" 200 9743 "-" "Mozilla/5.0 (compatible; Googlebot/2.1; +http://www.google.com/bot.html)"
17.58.99.83 - - [08/Nov/2024:11:11:45 +0000] "GET /team.html HTTP/1.1" 200 4415 "-" "Mozilla/5.0 (compatible; Googlebot/2.1; +http://www.google.com/bot.html)"
104.244.42.65 - - [08/Nov/2024:11:11:52 +0000] "GET /dashboard.php HTTP/1.1" 200 9585 "https://corpx.local/" "Mozilla/5.0 (Linux; Android 14; Pixel 8) AppleWebKit/537.36 (KHTML, like Gecko) Chrome/124.0.0.0 Mobile Safari/537.36"
194.165.16.11 - - [08/Nov/2024:11:12:11 +0000] "GET /search?q=security HTTP/1.1" 200 7505 "https://bing.com/" "Mozilla/5.0 (Linux; Android 14; Pixel 8) AppleWebKit/537.36 (KHTML, like Gecko) Chrome/124.0.0.0 Mobile Safari/537.36"
157.240.22.35 - - [08/Nov/2024:11:12:25 +0000] "GET /contact.html HTTP/1.1" 200 3274 "https://bing.com/" "Mozilla/5.0 (Windows NT 10.0; Win64; x64) AppleWebKit/537.36 (KHTML, like Gecko) Chrome/124.0.0.0 Safari/537.36"
172.16.254.1 - - [08/Nov/2024:11:12:31 +0000] "GET /sitemap.xml HTTP/1.1" 200 4367 "https://bing.com/" "Mozilla/5.0 (Windows NT 10.0; Win64; x64) AppleWebKit/537.36 (KHTML, like Gecko) Chrome/124.0.0.0 Safari/537.36"
46.101.45.200 - - [08/Nov/2024:11:12:36 +0000] "GET /index.php HTTP/1.1" 200 12364 "-" "Mozilla/5.0 (Macintosh; Intel Mac OS X 10_15_7) AppleWebKit/605.1.15 (KHTML, like Gecko) Version/17.4 Safari/605.1.15"
40.77.167.80 - - [08/Nov/2024:11:12:49 +0000] "GET /team.html HTTP/1.1" 200 4443 "https://bing.com/" "Mozilla/5.0 (compatible; Googlebot/2.1; +http://www.google.com/bot.html)"
185.220.101.9 - - [08/Nov/2024:11:13:11 +0000] "GET /favicon.ico HTTP/1.1" 200 1325 "https://corpx.local/" "Mozilla/5.0 (Windows NT 10.0; Win64; x64; rv:125.0) Gecko/20100101 Firefox/125.0"
66.249.66.1 - - [08/Nov/2024:11:13:32 +0000] "GET /js/main.js HTTP/1.1" 200 15143 "-" "Mozilla/5.0 (compatible; Googlebot/2.1; +http://www.google.com/bot.html)"
185.220.101.9 - - [08/Nov/2024:11:13:36 +0000] "GET /robots.txt HTTP/1.1" 200 477 "-" "Mozilla/5.0 (Windows NT 10.0; Win64; x64) AppleWebKit/537.36 (KHTML, like Gecko) Chrome/124.0.0.0 Safari/537.36"
17.58.99.83 - - [08/Nov/2024:11:13:37 +0000] "GET /services.html HTTP/1.1" 200 5474 "-" "Mozilla/5.0 (compatible; Googlebot/2.1; +http://www.google.com/bot.html)"
17.58.99.83 - - [08/Nov/2024:11:13:50 +0000] "GET /dashboard.php HTTP/1.1" 200 10020 "https://corpx.local/" "Mozilla/5.0 (compatible; Googlebot/2.1; +http://www.google.com/bot.html)"
77.88.55.66 - - [08/Nov/2024:11:14:09 +0000] "GET /css/style.css HTTP/1.1" 200 23221 "-" "Mozilla/5.0 (Windows NT 10.0; Win64; x64) AppleWebKit/537.36 (KHTML, like Gecko) Chrome/124.0.0.0 Safari/537.36"
198.51.100.23 - - [08/Nov/2024:11:14:22 +0000] "POST /contact.php HTTP/1.1" 200 1139 "https://bing.com/" "Mozilla/5.0 (Windows NT 10.0; Win64; x64) AppleWebKit/537.36 (KHTML, like Gecko) Chrome/124.0.0.0 Safari/537.36 Edg/124.0.0.0"
91.108.4.22 - - [08/Nov/2024:11:14:25 +0000] "GET /feed/ HTTP/1.1" 200 12257 "-" "Mozilla/5.0 (Windows NT 10.0; Win64; x64; rv:125.0) Gecko/20100101 Firefox/125.0"
52.26.198.20 - - [08/Nov/2024:11:14:31 +0000] "POST /contact.php HTTP/1.1" 200 1047 "https://corpx.local/" "Mozilla/5.0 (Windows NT 10.0; Win64; x64) AppleWebKit/537.36 (KHTML, like Gecko) Chrome/124.0.0.0 Safari/537.36"
203.0.113.45 - - [08/Nov/2024:11:14:35 +0000] "GET /login.php HTTP/1.1" 200 5343 "-" "Mozilla/5.0 (Macintosh; Intel Mac OS X 10_15_7) AppleWebKit/605.1.15 (KHTML, like Gecko) Version/17.4 Safari/605.1.15"
8.8.4.4 - - [08/Nov/2024:11:14:38 +0000] "GET /feed/ HTTP/1.1" 200 12080 "-" "Mozilla/5.0 (Windows NT 10.0; Win64; x64; rv:125.0) Gecko/20100101 Firefox/125.0"
108.162.236.1 - - [08/Nov/2024:11:14:42 +0000] "POST /contact.php HTTP/1.1" 200 765 "https://bing.com/" "Mozilla/5.0 (X11; Linux x86_64; rv:125.0) Gecko/20100101 Firefox/125.0"
103.21.244.10 - - [08/Nov/2024:11:15:04 +0000] "GET /team.html HTTP/1.1" 200 4314 "https://corpx.local/" "Mozilla/5.0 (Macintosh; Intel Mac OS X 10_15_7) AppleWebKit/605.1.15 (KHTML, like Gecko) Version/17.4 Safari/605.1.15"
66.249.66.1 - - [08/Nov/2024:11:15:26 +0000] "GET /blog/ HTTP/1.1" 200 9055 "https://bing.com/" "Mozilla/5.0 (compatible; Googlebot/2.1; +http://www.google.com/bot.html)"
54.230.123.44 - - [08/Nov/2024:11:15:37 +0000] "POST /contact.php HTTP/1.1" 200 1112 "-" "Mozilla/5.0 (iPhone; CPU iPhone OS 17_4 like Mac OS X) AppleWebKit/605.1.15 (KHTML, like Gecko) Version/17.4 Mobile/15E148 Safari/604.1"
203.0.113.45 - - [08/Nov/2024:11:15:41 +0000] "GET /index.php HTTP/1.1" 200 12435 "-" "Mozilla/5.0 (Macintosh; Intel Mac OS X 10_15_7) AppleWebKit/605.1.15 (KHTML, like Gecko) Version/17.4 Safari/605.1.15"
151.101.1.69 - - [08/Nov/2024:11:15:51 +0000] "POST /login.php HTTP/1.1" 302 0 "-" "Mozilla/5.0 (Macintosh; Intel Mac OS X 10_15_7) AppleWebKit/605.1.15 (KHTML, like Gecko) Version/17.4 Safari/605.1.15"
54.230.123.44 - - [08/Nov/2024:11:16:10 +0000] "GET /blog/ HTTP/1.1" 200 8897 "-" "Mozilla/5.0 (X11; Linux x86_64; rv:125.0) Gecko/20100101 Firefox/125.0"
8.8.4.4 - - [08/Nov/2024:11:16:28 +0000] "GET /images/logo.png HTTP/1.1" 200 34434 "https://bing.com/" "Mozilla/5.0 (X11; Linux x86_64; rv:125.0) Gecko/20100101 Firefox/125.0"
185.220.101.9 - - [08/Nov/2024:11:16:43 +0000] "GET /profile.php HTTP/1.1" 200 6924 "-" "Mozilla/5.0 (X11; Linux x86_64; rv:125.0) Gecko/20100101 Firefox/125.0"
151.101.1.69 - - [08/Nov/2024:11:17:01 +0000] "GET /dashboard.php HTTP/1.1" 200 9851 "-" "Mozilla/5.0 (Windows NT 10.0; Win64; x64) AppleWebKit/537.36 (KHTML, like Gecko) Chrome/124.0.0.0 Safari/537.36"
157.240.22.35 - - [08/Nov/2024:11:17:13 +0000] "GET /search?q=linux HTTP/1.1" 200 7511 "https://corpx.local/" "Mozilla/5.0 (Windows NT 10.0; Win64; x64) AppleWebKit/537.36 (KHTML, like Gecko) Chrome/124.0.0.0 Safari/537.36 Edg/124.0.0.0"
2.56.57.100 - - [08/Nov/2024:11:17:27 +0000] "POST /login.php HTTP/1.1" 302 0 "-" "Mozilla/5.0 (Windows NT 10.0; Win64; x64) AppleWebKit/537.36 (KHTML, like Gecko) Chrome/124.0.0.0 Safari/537.36"
93.184.216.34 - - [08/Nov/2024:11:17:30 +0000] "POST /contact.php HTTP/1.1" 200 702 "https://bing.com/" "Mozilla/5.0 (Windows NT 10.0; Win64; x64) AppleWebKit/537.36 (KHTML, like Gecko) Chrome/124.0.0.0 Safari/537.36"
99.83.231.61 - - [08/Nov/2024:11:17:33 +0000] "GET /about.html HTTP/1.1" 200 4391 "https://corpx.local/" "Mozilla/5.0 (Linux; Android 14; Pixel 8) AppleWebKit/537.36 (KHTML, like Gecko) Chrome/124.0.0.0 Mobile Safari/537.36"
142.250.80.1 - - [08/Nov/2024:11:17:42 +0000] "GET /search?q=security HTTP/1.1" 200 7585 "https://corpx.local/" "Mozilla/5.0 (Windows NT 10.0; Win64; x64; rv:125.0) Gecko/20100101 Firefox/125.0"
194.165.16.11 - - [08/Nov/2024:11:17:43 +0000] "GET /blog/post-3 HTTP/1.1" 200 4977 "-" "Mozilla/5.0 (Windows NT 10.0; Win64; x64) AppleWebKit/537.36 (KHTML, like Gecko) Chrome/124.0.0.0 Safari/537.36 Edg/124.0.0.0"
52.26.198.20 - - [08/Nov/2024:11:17:47 +0000] "GET /wp-login.php HTTP/1.1" 404 0 "https://corpx.local/" "Mozilla/5.0 (iPhone; CPU iPhone OS 17_4 like Mac OS X) AppleWebKit/605.1.15 (KHTML, like Gecko) Version/17.4 Mobile/15E148 Safari/604.1"
40.77.167.80 - - [08/Nov/2024:11:18:06 +0000] "GET /contact.html HTTP/1.1" 200 3451 "https://corpx.local/" "Mozilla/5.0 (compatible; Googlebot/2.1; +http://www.google.com/bot.html)"
162.158.92.14 - - [08/Nov/2024:11:18:25 +0000] "GET /services.html HTTP/1.1" 200 5479 "-" "Mozilla/5.0 (iPhone; CPU iPhone OS 17_4 like Mac OS X) AppleWebKit/605.1.15 (KHTML, like Gecko) Version/17.4 Mobile/15E148 Safari/604.1"
