40.77.167.80 - - [08/Nov/2024:00:58:48 +0000] "GET /search?q=linux HTTP/1.1" 200 8079 "https://corpx.local/" "Mozilla/5.0 (compatible; Googlebot/2.1; +http://www.google.com/bot.html)"
216.58.214.46 - - [08/Nov/2024:00:59:13 +0000] "GET /search?q=security HTTP/1.1" 200 7514 "-" "Mozilla/5.0 (iPhone; CPU iPhone OS 17_4 like Mac OS X) AppleWebKit/605.1.15 (KHTML, like Gecko) Version/17.4 Mobile/15E148 Safari/604.1"
104.244.42.65 - - [08/Nov/2024:00:59:34 +0000] "GET /services.html HTTP/1.1" 200 5872 "https://google.com/" "Mozilla/5.0 (iPhone; CPU iPhone OS 17_4 like Mac OS X) AppleWebKit/605.1.15 (KHTML, like Gecko) Version/17.4 Mobile/15E148 Safari/604.1"
77.88.55.66 - - [08/Nov/2024:00:59:59 +0000] "GET /contact.html HTTP/1.1" 200 3635 "https://google.com/" "Mozilla/5.0 (Linux; Android 14; Pixel 8) AppleWebKit/537.36 (KHTML, like Gecko) Chrome/124.0.0.0 Mobile Safari/537.36"
203.0.113.45 - - [08/Nov/2024:01:00:20 +0000] "GET /search?q=security HTTP/1.1" 200 7605 "-" "Mozilla/5.0 (X11; Linux x86_64; rv:125.0) Gecko/20100101 Firefox/125.0"
185.107.56.90 - - [08/Nov/2024:01:00:39 +0000] "GET /blog/ HTTP/1.1" 200 8357 "https://corpx.local/" "Mozilla/5.0 (Linux; Android 14; Pixel 8) AppleWebKit/537.36 (KHTML, like Gecko) Chrome/124.0.0.0 Mobile Safari/537.36"
139.162.100.5 - - [08/Nov/2024:01:00:50 +0000] "GET /blog/post-2 HTTP/1.1" 200 5067 "https://google.com/" "Mozilla/5.0 (Macintosh; Intel Mac OS X 10_15_7) AppleWebKit/605.1.15 (KHTML, like Gecko) Version/17.4 Safari/605.1.15"
93.184.216.34 - - [08/Nov/2024:01:01:02 +0000] "GET /blog/post-1 HTTP/1.1" 200 6306 "https://corpx.local/" "Mozilla/5.0 (Windows NT 10.0; Win64; x64; rv:125.0) Gecko/20100101 Firefox/125.0"
162.158.92.14 - - [08/Nov/2024:01:01:28 +0000] "GET /docs/ HTTP/1.1" 200 5278 "-" "Mozilla/5.0 (Linux; Android 14; Pixel 8) AppleWebKit/537.36 (KHTML, like Gecko) Chrome/124.0.0.0 Mobile Safari/537.36"
192.0.2.88 - - [08/Nov/2024:01:01:43 +0000] "GET /feed/ HTTP/1.1" 200 12834 "-" "Mozilla/5.0 (Macintosh; Intel Mac OS X 10_15_7) AppleWebKit/605.1.15 (KHTML, like Gecko) Version/17.4 Safari/605.1.15"
46.101.45.200 - - [08/Nov/2024:01:02:11 +0000] "GET /search?q=security HTTP/1.1" 200 7724 "https://corpx.local/" "Mozilla/5.0 (Windows NT 10.0; Win64; x64; rv:125.0) Gecko/20100101 Firefox/125.0"
46.101.45.200 - - [08/Nov/2024:01:02:14 +0000] "GET /services.html HTTP/1.1" 200 5727 "-" "Mozilla/5.0 (Windows NT 10.0; Win64; x64) AppleWebKit/537.36 (KHTML, like Gecko) Chrome/124.0.0.0 Safari/537.36"
185.107.56.90 - - [08/Nov/2024:01:02:29 +0000] "GET /wp-login.php HTTP/1.1" 404 0 "https://google.com/" "Mozilla/5.0 (Linux; Android 14; Pixel 8) AppleWebKit/537.36 (KHTML, like Gecko) Chrome/124.0.0.0 Mobile Safari/537.36"
2.56.57.100 - - [08/Nov/2024:01:02:38 +0000] "GET /dashboard.php HTTP/1.1" 200 10338 "https://corpx.local/" "Mozilla/5.0 (Windows NT 10.0; Win64; x64; rv:125.0) Gecko/20100101 Firefox/125.0"
216.58.214.46 - - [08/Nov/2024:01:02:42 +0000] "GET / HTTP/1.1" 200 12677 "https://google.com/" "Mozilla/5.0 (Windows NT 10.0; Win64; x64) AppleWebKit/537.36 (KHTML, like Gecko) Chrome/124.0.0.0 Safari/537.36 Edg/124.0.0.0"
216.58.214.46 - - [08/Nov/2024:01:02:53 +0000] "GET /about.html HTTP/1.1" 200 4470 "https://corpx.local/" "Mozilla/5.0 (Linux; Android 14; Pixel 8) AppleWebKit/537.36 (KHTML, like Gecko) Chrome/124.0.0.0 Mobile Safari/537.36"
108.162.236.1 - - [08/Nov/2024:01:03:16 +0000] "GET /images/hero.jpg HTTP/1.1" 200 98384 "-" "Mozilla/5.0 (Linux; Android 14; Pixel 8) AppleWebKit/537.36 (KHTML, like Gecko) Chrome/124.0.0.0 Mobile Safari/537.36"
203.0.113.45 - - [08/Nov/2024:01:03:18 +0000] "GET /robots.txt HTTP/1.1" 200 0 "-" "Mozilla/5.0 (X11; Linux x86_64; rv:125.0) Gecko/20100101 Firefox/125.0"
77.88.55.66 - - [08/Nov/2024:01:03:26 +0000] "GET /favicon.ico HTTP/1.1" 200 1113 "https://google.com/" "Mozilla/5.0 (Windows NT 10.0; Win64; x64) AppleWebKit/537.36 (KHTML, like Gecko) Chrome/124.0.0.0 Safari/537.36 Edg/124.0.0.0"
139.162.100.5 - - [08/Nov/2024:01:03:50 +0000] "GET /wp-login.php HTTP/1.1" 404 0 "https://google.com/" "Mozilla/5.0 (iPhone; CPU iPhone OS 17_4 like Mac OS X) AppleWebKit/605.1.15 (KHTML, like Gecko) Version/17.4 Mobile/15E148 Safari/604.1"
139.162.100.5 - - [08/Nov/2024:01:03:55 +0000] "GET /contact.html HTTP/1.1" 200 3563 "https://corpx.local/" "Mozilla/5.0 (Linux; Android 14; Pixel 8) AppleWebKit/537.36 (KHTML, like Gecko) Chrome/124.0.0.0 Mobile Safari/537.36"
139.162.100.5 - - [08/Nov/2024:01:04:15 +0000] "GET /index.php HTTP/1.1" 200 12749 "https://corpx.local/" "Mozilla/5.0 (X11; Linux x86_64; rv:125.0) Gecko/20100101 Firefox/125.0"
66.249.66.1 - - [08/Nov/2024:01:04:22 +0000] "GET /favicon.ico HTTP/1.1" 200 1707 "-" "Mozilla/5.0 (compatible; Googlebot/2.1; +http://www.google.com/bot.html)"
185.107.56.90 - - [08/Nov/2024:01:04:50 +0000] "GET /profile.php HTTP/1.1" 200 6665 "https://google.com/" "Mozilla/5.0 (Windows NT 10.0; Win64; x64) AppleWebKit/537.36 (KHTML, like Gecko) Chrome/124.0.0.0 Safari/537.36"
54.230.123.44 - - [08/Nov/2024:01:05:11 +0000] "GET /images/logo.png HTTP/1.1" 200 34349 "-" "Mozilla/5.0 (Windows NT 10.0; Win64; x64) AppleWebKit/537.36 (KHTML, like Gecko) Chrome/124.0.0.0 Safari/537.36"
66.249.64.20 - - [08/Nov/2024:01:05:15 +0000] "GET /about.html HTTP/1.1" 200 4498 "-" "Mozilla/5.0 (compatible; Googlebot/2.1; +http://www.google.com/bot.html)"
198.51.100.23 - - [08/Nov/2024:01:05:36 +0000] "GET /search?q=security HTTP/1.1" 200 7495 "-" "Mozilla/5.0 (Windows NT 10.0; Win64; x64) AppleWebKit/537.36 (KHTML, like Gecko) Chrome/124.0.0.0 Safari/537.36"
151.101.1.69 - - [08/Nov/2024:01:05:41 +0000] "GET /search?q=linux HTTP/1.1" 200 7937 "https://google.com/" "Mozilla/5.0 (Windows NT 10.0; Win64; x64) AppleWebKit/537.36 (KHTML, like Gecko) Chrome/124.0.0.0 Safari/537.36"
151.101.1.69 - - [08/Nov/2024:01:05:48 +0000] "GET /docs/ HTTP/1.1" 200 5170 "https://corpx.local/" "Mozilla/5.0 (Windows NT 10.0; Win64; x64; rv:125.0) Gecko/20100101 Firefox/125.0"
142.250.80.1 - - [08/Nov/2024:01:06:13 +0000] "GET /api/status HTTP/1.1" 200 455 "-" "Mozilla/5.0 (Windows NT 10.0; Win64; x64; rv:125.0) Gecko/20100101 Firefox/125.0"
142.250.80.1 - - [08/Nov/2024:01:06:22 +0000] "POST /contact.php HTTP/1.1" 200 646 "-" "Mozilla/5.0 (Macintosh; Intel Mac OS X 10_15_7) AppleWebKit/605.1.15 (KHTML, like Gecko) Version/17.4 Safari/605.1.15"
198.51.100.23 - - [08/Nov/2024:01:06:26 +0000] "GET / HTTP/1.1" 200 12409 "-" "Mozilla/5.0 (Macintosh; Intel Mac OS X 10_15_7) AppleWebKit/605.1.15 (KHTML, like Gecko) Version/17.4 Safari/605.1.15"
172.67.13.249 - - [08/Nov/2024:01:06:45 +0000] "GET /blog/post-1 HTTP/1.1" 200 6314 "-" "Mozilla/5.0 (Windows NT 10.0; Win64; x64) AppleWebKit/537.36 (KHTML, like Gecko) Chrome/124.0.0.0 Safari/537.36"
139.162.100.5 - - [08/Nov/2024:01:06:50 +0000] "GET /contact.html HTTP/1.1" 200 3473 "-" "Mozilla/5.0 (iPhone; CPU iPhone OS 17_4 like Mac OS X) AppleWebKit/605.1.15 (KHTML, like Gecko) Version/17.4 Mobile/15E148 Safari/604.1"
66.249.66.1 - - [08/Nov/2024:01:07:06 +0000] "GET /feed/ HTTP/1.1" 200 12215 "https://google.com/" "Mozilla/5.0 (compatible; Googlebot/2.1; +http://www.google.com/bot.html)"
194.165.16.11 - - [08/Nov/2024:01:07:25 +0000] "GET /sitemap.xml HTTP/1.1" 200 4047 "https://google.com/" "Mozilla/5.0 (Windows NT 10.0; Win64; x64) AppleWebKit/537.36 (KHTML, like Gecko) Chrome/124.0.0.0 Safari/537.36 Edg/124.0.0.0"
108.162.236.1 - - [08/Nov/2024:01:07:27 +0000] "GET /dashboard.php HTTP/1.1" 200 10363 "-" "Mozilla/5.0 (Windows NT 10.0; Win64; x64) AppleWebKit/537.36 (KHTML, like Gecko) Chrome/124.0.0.0 Safari/537.36 Edg/124.0.0.0"
17.58.99.83 - - [08/Nov/2024:01:07:29 +0000] "GET /docs/ HTTP/1.1" 200 5343 "https://corpx.local/" "Mozilla/5.0 (compatible; Googlebot/2.1; +http://www.google.com/bot.html)"
194.165.16.11 - - [08/Nov/2024:01:07:51 +0000] "GET /404.html HTTP/1.1" 404 2776 "https://corpx.local/" "Mozilla/5.0 (Windows NT 10.0; Win64; x64) AppleWebKit/537.36 (KHTML, like Gecko) Chrome/124.0.0.0 Safari/537.36 Edg/124.0.0.0"
185.220.101.9 - - [08/Nov/2024:01:07:54 +0000] "POST /login.php HTTP/1.1" 302 0 "-" "Mozilla/5.0 (X11; Linux x86_64; rv:125.0) Gecko/20100101 Firefox/125.0"
77.88.55.66 - - [08/Nov/2024:01:07:57 +0000] "POST /login.php HTTP/1.1" 302 0 "https://google.com/" "Mozilla/5.0 (X11; Linux x86_64; rv:125.0) Gecko/20100101 Firefox/125.0"
172.67.13.249 - - [08/Nov/2024:01:08:16 +0000] "POST /login.php HTTP/1.1" 302 0 "https://google.com/" "Mozilla/5.0 (Windows NT 10.0; Win64; x64) AppleWebKit/537.36 (KHTML, like Gecko) Chrome/124.0.0.0 Safari/537.36 Edg/124.0.0.0"
66.249.64.20 - - [08/Nov/2024:01:08:26 +0000] "GET /sitemap.xml HTTP/1.1" 200 4440 "https://corpx.local/" "Mozilla/5.0 (compatible; Googlebot/2.1; +http://www.google.com/bot.html)"
91.108.4.22 - - [08/Nov/2024:01:08:30 +0000] "GET /dashboard.php HTTP/1.1" 200 10042 "https://google.com/" "Mozilla/5.0 (Windows NT 10.0; Win64; x64; rv:125.0) Gecko/20100101 Firefox/125.0"
151.101.1.69 - - [08/Nov/2024:01:08:54 +0000] "GET /favicon.ico HTTP/1.1" 200 1643 "-" "Mozilla/5.0 (Windows NT 10.0; Win64; x64) AppleWebKit/537.36 (KHTML, like Gecko) Chrome/124.0.0.0 Safari/537.36 Edg/124.0.0.0"
99.83.231.61 - - [08/Nov/2024:01:09:08 +0000] "GET /favicon.ico HTTP/1.1" 200 1142 "https://corpx.local/" "Mozilla/5.0 (Windows NT 10.0; Win64; x64; rv:125.0) Gecko/20100101 Firefox/125.0"
194.165.16.11 - - [08/Nov/2024:01:09:32 +0000] "GET /images/hero.jpg HTTP/1.1" 200 98585 "https://google.com/" "Mozilla/5.0 (X11; Linux x86_64; rv:125.0) Gecko/20100101 Firefox/125.0"
185.107.56.90 - - [08/Nov/2024:01:09:41 +0000] "GET /profile.php HTTP/1.1" 200 7234 "https://corpx.local/" "Mozilla/5.0 (Macintosh; Intel Mac OS X 10_15_7) AppleWebKit/605.1.15 (KHTML, like Gecko) Version/17.4 Safari/605.1.15"
185.220.101.9 - - [08/Nov/2024:01:09:44 +0000] "GET /about.html HTTP/1.1" 200 3915 "https://corpx.local/" "Mozilla/5.0 (Windows NT 10.0; Win64; x64; rv:125.0) Gecko/20100101 Firefox/125.0"
185.107.56.90 - - [08/Nov/2024:01:09:48 +0000] "GET /blog/ HTTP/1.1" 200 8834 "-" "Mozilla/5.0 (Windows NT 10.0; Win64; x64; rv:125.0) Gecko/20100101 Firefox/125.0"
99.83.231.61 - - [08/Nov/2024:01:10:07 +0000] "GET /contact.html HTTP/1.1" 200 3130 "https://corpx.local/" "Mozilla/5.0 (Linux; Android 14; Pixel 8) AppleWebKit/537.36 (KHTML, like Gecko) Chrome/124.0.0.0 Mobile Safari/537.36"
165.227.88.12 - - [08/Nov/2024:01:10:35 +0000] "GET /wp-login.php HTTP/1.1" 404 0 "-" "Mozilla/5.0 (Windows NT 10.0; Win64; x64; rv:125.0) Gecko/20100101 Firefox/125.0"
108.162.236.1 - - [08/Nov/2024:01:10:45 +0000] "GET /contact.html HTTP/1.1" 200 3301 "https://google.com/" "Mozilla/5.0 (X11; Linux x86_64; rv:125.0) Gecko/20100101 Firefox/125.0"
142.250.80.1 - - [08/Nov/2024:01:10:52 +0000] "GET /robots.txt HTTP/1.1" 200 0 "-" "Mozilla/5.0 (Linux; Android 14; Pixel 8) AppleWebKit/537.36 (KHTML, like Gecko) Chrome/124.0.0.0 Mobile Safari/537.36"
185.107.56.90 - - [08/Nov/2024:01:11:04 +0000] "GET /feed/ HTTP/1.1" 200 12130 "https://google.com/" "Mozilla/5.0 (Windows NT 10.0; Win64; x64) AppleWebKit/537.36 (KHTML, like Gecko) Chrome/124.0.0.0 Safari/537.36"
165.227.88.12 - - [08/Nov/2024:01:11:12 +0000] "POST /contact.php HTTP/1.1" 200 1387 "https://google.com/" "Mozilla/5.0 (Windows NT 10.0; Win64; x64; rv:125.0) Gecko/20100101 Firefox/125.0"
198.51.100.23 - - [08/Nov/2024:01:11:32 +0000] "GET /profile.php HTTP/1.1" 200 7138 "https://google.com/" "Mozilla/5.0 (iPhone; CPU iPhone OS 17_4 like Mac OS X) AppleWebKit/605.1.15 (KHTML, like Gecko) Version/17.4 Mobile/15E148 Safari/604.1"
198.51.100.23 - - [08/Nov/2024:01:11:41 +0000] "GET /services.html HTTP/1.1" 200 5897 "https://corpx.local/" "Mozilla/5.0 (Macintosh; Intel Mac OS X 10_15_7) AppleWebKit/605.1.15 (KHTML, like Gecko) Version/17.4 Safari/605.1.15"
54.230.123.44 - - [08/Nov/2024:01:11:52 +0000] "GET /blog/post-1 HTTP/1.1" 200 6933 "-" "Mozilla/5.0 (Windows NT 10.0; Win64; x64) AppleWebKit/537.36 (KHTML, like Gecko) Chrome/124.0.0.0 Safari/537.36"
46.101.45.200 - - [08/Nov/2024:01:12:11 +0000] "GET /blog/ HTTP/1.1" 200 9023 "https://google.com/" "Mozilla/5.0 (Windows NT 10.0; Win64; x64) AppleWebKit/537.36 (KHTML, like Gecko) Chrome/124.0.0.0 Safari/537.36"
185.220.101.9 - - [08/Nov/2024:01:12:12 +0000] "GET /sitemap.xml HTTP/1.1" 200 4041 "https://corpx.local/" "Mozilla/5.0 (Linux; Android 14; Pixel 8) AppleWebKit/537.36 (KHTML, like Gecko) Chrome/124.0.0.0 Mobile Safari/537.36"
66.249.64.20 - - [08/Nov/2024:01:12:26 +0000] "GET /css/style.css HTTP/1.1" 200 23117 "https://corpx.local/" "Mozilla/5.0 (compatible; Googlebot/2.1; +http://www.google.com/bot.html)"
172.67.13.249 - - [08/Nov/2024:01:12:36 +0000] "GET /login.php HTTP/1.1" 200 5542 "-" "Mozilla/5.0 (Windows NT 10.0; Win64; x64; rv:125.0) Gecko/20100101 Firefox/125.0"
142.250.80.1 - - [08/Nov/2024:01:12:38 +0000] "GET /feed/ HTTP/1.1" 200 12477 "-" "Mozilla/5.0 (Macintosh; Intel Mac OS X 10_15_7) AppleWebKit/605.1.15 (KHTML, like Gecko) Version/17.4 Safari/605.1.15"
185.220.101.9 - - [08/Nov/2024:01:13:00 +0000] "GET /favicon.ico HTTP/1.1" 200 1411 "https://corpx.local/" "Mozilla/5.0 (X11; Linux x86_64; rv:125.0) Gecko/20100101 Firefox/125.0"
66.249.66.1 - - [08/Nov/2024:01:13:16 +0000] "GET /images/hero.jpg HTTP/1.1" 200 98544 "-" "Mozilla/5.0 (compatible; Googlebot/2.1; +http://www.google.com/bot.html)"
91.108.4.22 - - [08/Nov/2024:01:13:41 +0000] "GET /images/hero.jpg HTTP/1.1" 200 98378 "https://corpx.local/" "Mozilla/5.0 (X11; Linux x86_64; rv:125.0) Gecko/20100101 Firefox/125.0"
40.77.167.80 - - [08/Nov/2024:01:14:03 +0000] "GET /sitemap.xml HTTP/1.1" 200 4504 "https://corpx.local/" "Mozilla/5.0 (compatible; Googlebot/2.1; +http://www.google.com/bot.html)"
216.58.214.46 - - [08/Nov/2024:01:14:05 +0000] "POST /login.php HTTP/1.1" 302 0 "-" "Mozilla/5.0 (Windows NT 10.0; Win64; x64) AppleWebKit/537.36 (KHTML, like Gecko) Chrome/124.0.0.0 Safari/537.36 Edg/124.0.0.0"
151.101.1.69 - - [08/Nov/2024:01:14:06 +0000] "GET /blog/post-2 HTTP/1.1" 200 5717 "-" "Mozilla/5.0 (X11; Linux x86_64; rv:125.0) Gecko/20100101 Firefox/125.0"
8.8.4.4 - - [08/Nov/2024:01:14:31 +0000] "GET /css/style.css HTTP/1.1" 200 23078 "-" "Mozilla/5.0 (X11; Linux x86_64; rv:125.0) Gecko/20100101 Firefox/125.0"
165.227.88.12 - - [08/Nov/2024:01:14:47 +0000] "GET /blog/ HTTP/1.1" 200 8654 "https://google.com/" "Mozilla/5.0 (Macintosh; Intel Mac OS X 10_15_7) AppleWebKit/605.1.15 (KHTML, like Gecko) Version/17.4 Safari/605.1.15"
216.58.214.46 - - [08/Nov/2024:01:15:10 +0000] "POST /contact.php HTTP/1.1" 200 1243 "https://google.com/" "Mozilla/5.0 (iPhone; CPU iPhone OS 17_4 like Mac OS X) AppleWebKit/605.1.15 (KHTML, like Gecko) Version/17.4 Mobile/15E148 Safari/604.1"
54.230.123.44 - - [08/Nov/2024:01:15:36 +0000] "GET /images/logo.png HTTP/1.1" 200 34949 "https://google.com/" "Mozilla/5.0 (Windows NT 10.0; Win64; x64) AppleWebKit/537.36 (KHTML, like Gecko) Chrome/124.0.0.0 Safari/537.36"
165.227.88.12 - - [08/Nov/2024:01:15:38 +0000] "GET /favicon.ico HTTP/1.1" 200 1677 "-" "Mozilla/5.0 (Windows NT 10.0; Win64; x64) AppleWebKit/537.36 (KHTML, like Gecko) Chrome/124.0.0.0 Safari/537.36"
172.67.13.249 - - [08/Nov/2024:01:16:06 +0000] "GET /images/hero.jpg HTTP/1.1" 200 98852 "https://corpx.local/" "Mozilla/5.0 (iPhone; CPU iPhone OS 17_4 like Mac OS X) AppleWebKit/605.1.15 (KHTML, like Gecko) Version/17.4 Mobile/15E148 Safari/604.1"
139.162.100.5 - - [08/Nov/2024:01:16:29 +0000] "GET /contact.html HTTP/1.1" 200 3124 "-" "Mozilla/5.0 (X11; Linux x86_64; rv:125.0) Gecko/20100101 Firefox/125.0"
157.240.22.35 - - [08/Nov/2024:01:16:40 +0000] "POST /login.php HTTP/1.1" 302 0 "https://corpx.local/" "Mozilla/5.0 (Windows NT 10.0; Win64; x64; rv:125.0) Gecko/20100101 Firefox/125.0"
185.107.56.90 - - [08/Nov/2024:01:17:07 +0000] "GET /images/hero.jpg HTTP/1.1" 200 99129 "-" "Mozilla/5.0 (Windows NT 10.0; Win64; x64) AppleWebKit/537.36 (KHTML, like Gecko) Chrome/124.0.0.0 Safari/537.36"
165.227.88.12 - - [08/Nov/2024:01:17:15 +0000] "GET /images/logo.png HTTP/1.1" 200 34603 "-" "Mozilla/5.0 (iPhone; CPU iPhone OS 17_4 like Mac OS X) AppleWebKit/605.1.15 (KHTML, like Gecko) Version/17.4 Mobile/15E148 Safari/604.1"
108.162.236.1 - - [08/Nov/2024:01:17:28 +0000] "GET /css/style.css HTTP/1.1" 200 23182 "https://corpx.local/" "Mozilla/5.0 (Linux; Android 14; Pixel 8) AppleWebKit/537.36 (KHTML, like Gecko) Chrome/124.0.0.0 Mobile Safari/537.36"
157.240.22.35 - - [08/Nov/2024:01:17:53 +0000] "GET /sitemap.xml HTTP/1.1" 200 4469 "-" "Mozilla/5.0 (Windows NT 10.0; Win64; x64) AppleWebKit/537.36 (KHTML, like Gecko) Chrome/124.0.0.0 Safari/537.36"
104.244.42.65 - - [08/Nov/2024:01:18:10 +0000] "GET /js/main.js HTTP/1.1" 200 15291 "https://google.com/" "Mozilla/5.0 (Windows NT 10.0; Win64; x64; rv:125.0) Gecko/20100101 Firefox/125.0"
142.250.80.1 - - [08/Nov/2024:01:18:37 +0000] "GET /contact.html HTTP/1.1" 200 2859 "https://corpx.local/" "Mozilla/5.0 (Macintosh; Intel Mac OS X 10_15_7) AppleWebKit/605.1.15 (KHTML, like Gecko) Version/17.4 Safari/605.1.15"
52.26.198.20 - - [08/Nov/2024:01:18:44 +0000] "GET /blog/ HTTP/1.1" 200 9043 "https://google.com/" "Mozilla/5.0 (iPhone; CPU iPhone OS 17_4 like Mac OS X) AppleWebKit/605.1.15 (KHTML, like Gecko) Version/17.4 Mobile/15E148 Safari/604.1"
52.26.198.20 - - [08/Nov/2024:01:18:47 +0000] "GET /dashboard.php HTTP/1.1" 200 9881 "https://corpx.local/" "Mozilla/5.0 (Windows NT 10.0; Win64; x64; rv:125.0) Gecko/20100101 Firefox/125.0"
66.249.66.1 - - [08/Nov/2024:01:19:12 +0000] "GET /profile.php HTTP/1.1" 200 7235 "https://google.com/" "Mozilla/5.0 (compatible; Googlebot/2.1; +http://www.google.com/bot.html)"
172.67.13.249 - - [08/Nov/2024:01:19:33 +0000] "GET /dashboard.php HTTP/1.1" 200 9699 "-" "Mozilla/5.0 (Windows NT 10.0; Win64; x64; rv:125.0) Gecko/20100101 Firefox/125.0"
192.0.2.88 - - [08/Nov/2024:01:19:48 +0000] "GET /favicon.ico HTTP/1.1" 200 1380 "https://corpx.local/" "Mozilla/5.0 (Windows NT 10.0; Win64; x64) AppleWebKit/537.36 (KHTML, like Gecko) Chrome/124.0.0.0 Safari/537.36 Edg/124.0.0.0"
93.184.216.34 - - [08/Nov/2024:01:20:14 +0000] "GET /index.php HTTP/1.1" 200 12403 "https://google.com/" "Mozilla/5.0 (iPhone; CPU iPhone OS 17_4 like Mac OS X) AppleWebKit/605.1.15 (KHTML, like Gecko) Version/17.4 Mobile/15E148 Safari/604.1"
108.162.236.1 - - [08/Nov/2024:01:20:17 +0000] "GET /favicon.ico HTTP/1.1" 200 772 "-" "Mozilla/5.0 (Windows NT 10.0; Win64; x64) AppleWebKit/537.36 (KHTML, like Gecko) Chrome/124.0.0.0 Safari/537.36 Edg/124.0.0.0"
162.158.92.14 - - [08/Nov/2024:01:20:29 +0000] "GET /dashboard.php HTTP/1.1" 200 10260 "-" "Mozilla/5.0 (Windows NT 10.0; Win64; x64) AppleWebKit/537.36 (KHTML, like Gecko) Chrome/124.0.0.0 Safari/537.36"
2.56.57.100 - - [08/Nov/2024:01:20:49 +0000] "GET /login.php HTTP/1.1" 200 5499 "https://google.com/" "Mozilla/5.0 (Windows NT 10.0; Win64; x64) AppleWebKit/537.36 (KHTML, like Gecko) Chrome/124.0.0.0 Safari/537.36 Edg/124.0.0.0"
66.249.66.1 - - [08/Nov/2024:01:20:51 +0000] "GET /search?q=security HTTP/1.1" 200 7739 "https://google.com/" "Mozilla/5.0 (compatible; Googlebot/2.1; +http://www.google.com/bot.html)"
172.67.13.249 - - [08/Nov/2024:01:20:58 +0000] "GET /robots.txt HTTP/1.1" 200 269 "-" "Mozilla/5.0 (iPhone; CPU iPhone OS 17_4 like Mac OS X) AppleWebKit/605.1.15 (KHTML, like Gecko) Version/17.4 Mobile/15E148 Safari/604.1"
66.249.66.1 - - [08/Nov/2024:01:21:00 +0000] "GET /contact.html HTTP/1.1" 200 3540 "https://corpx.local/" "Mozilla/5.0 (compatible; Googlebot/2.1; +http://www.google.com/bot.html)"
185.220.101.9 - - [08/Nov/2024:01:21:23 +0000] "GET /dashboard.php HTTP/1.1" 200 9552 "-" "Mozilla/5.0 (iPhone; CPU iPhone OS 17_4 like Mac OS X) AppleWebKit/605.1.15 (KHTML, like Gecko) Version/17.4 Mobile/15E148 Safari/604.1"
66.249.66.1 - - [08/Nov/2024:01:21:31 +0000] "GET /favicon.ico HTTP/1.1" 200 1270 "https://google.com/" "Mozilla/5.0 (compatible; Googlebot/2.1; +http://www.google.com/bot.html)"
157.240.22.35 - - [08/Nov/2024:01:21:51 +0000] "GET /js/main.js HTTP/1.1" 200 15871 "https://corpx.local/" "Mozilla/5.0 (X11; Linux x86_64; rv:125.0) Gecko/20100101 Firefox/125.0"
139.162.100.5 - - [08/Nov/2024:01:22:04 +0000] "GET /css/style.css HTTP/1.1" 200 23651 "https://google.com/" "Mozilla/5.0 (Windows NT 10.0; Win64; x64; rv:125.0) Gecko/20100101 Firefox/125.0"
99.83.231.61 - - [08/Nov/2024:01:22:06 +0000] "GET /css/style.css HTTP/1.1" 200 23052 "https://google.com/" "Mozilla/5.0 (Windows NT 10.0; Win64; x64) AppleWebKit/537.36 (KHTML, like Gecko) Chrome/124.0.0.0 Safari/537.36"
2.56.57.100 - - [08/Nov/2024:01:22:28 +0000] "GET /services.html HTTP/1.1" 200 5919 "https://google.com/" "Mozilla/5.0 (X11; Linux x86_64; rv:125.0) Gecko/20100101 Firefox/125.0"
142.250.80.1 - - [08/Nov/2024:01:22:48 +0000] "GET /about.html HTTP/1.1" 200 4416 "https://google.com/" "Mozilla/5.0 (X11; Linux x86_64; rv:125.0) Gecko/20100101 Firefox/125.0"
54.230.123.44 - - [08/Nov/2024:01:22:53 +0000] "GET /dashboard.php HTTP/1.1" 200 10091 "https://google.com/" "Mozilla/5.0 (X11; Linux x86_64; rv:125.0) Gecko/20100101 Firefox/125.0"
77.88.55.66 - - [08/Nov/2024:01:23:06 +0000] "GET /404.html HTTP/1.1" 404 2805 "-" "Mozilla/5.0 (iPhone; CPU iPhone OS 17_4 like Mac OS X) AppleWebKit/605.1.15 (KHTML, like Gecko) Version/17.4 Mobile/15E148 Safari/604.1"
2.56.57.100 - - [08/Nov/2024:01:23:16 +0000] "GET /search?q=security HTTP/1.1" 200 7490 "-" "Mozilla/5.0 (Linux; Android 14; Pixel 8) AppleWebKit/537.36 (KHTML, like Gecko) Chrome/124.0.0.0 Mobile Safari/537.36"
185.220.101.9 - - [08/Nov/2024:01:23:38 +0000] "GET /profile.php HTTP/1.1" 200 6722 "https://google.com/" "Mozilla/5.0 (Linux; Android 14; Pixel 8) AppleWebKit/537.36 (KHTML, like Gecko) Chrome/124.0.0.0 Mobile Safari/537.36"
198.51.100.23 - - [08/Nov/2024:01:23:50 +0000] "GET /team.html HTTP/1.1" 200 4251 "-" "Mozilla/5.0 (X11; Linux x86_64; rv:125.0) Gecko/20100101 Firefox/125.0"
40.77.167.80 - - [08/Nov/2024:01:24:01 +0000] "GET /blog/post-2 HTTP/1.1" 200 5163 "-" "Mozilla/5.0 (compatible; Googlebot/2.1; +http://www.google.com/bot.html)"
192.0.2.88 - - [08/Nov/2024:01:24:06 +0000] "GET /docs/ HTTP/1.1" 200 5739 "-" "Mozilla/5.0 (X11; Linux x86_64; rv:125.0) Gecko/20100101 Firefox/125.0"
203.0.113.45 - - [08/Nov/2024:01:24:23 +0000] "GET /css/style.css HTTP/1.1" 200 23853 "https://google.com/" "Mozilla/5.0 (Linux; Android 14; Pixel 8) AppleWebKit/537.36 (KHTML, like Gecko) Chrome/124.0.0.0 Mobile Safari/537.36"
2.56.57.100 - - [08/Nov/2024:01:24:28 +0000] "GET /blog/post-1 HTTP/1.1" 200 6228 "https://google.com/" "Mozilla/5.0 (Macintosh; Intel Mac OS X 10_15_7) AppleWebKit/605.1.15 (KHTML, like Gecko) Version/17.4 Safari/605.1.15"
157.240.22.35 - - [08/Nov/2024:01:24:53 +0000] "GET /favicon.ico HTTP/1.1" 200 778 "https://corpx.local/" "Mozilla/5.0 (Linux; Android 14; Pixel 8) AppleWebKit/537.36 (KHTML, like Gecko) Chrome/124.0.0.0 Mobile Safari/537.36"
13.107.42.14 - - [08/Nov/2024:01:25:05 +0000] "POST /login.php HTTP/1.1" 302 0 "https://corpx.local/" "Mozilla/5.0 (Windows NT 10.0; Win64; x64) AppleWebKit/537.36 (KHTML, like Gecko) Chrome/124.0.0.0 Safari/537.36 Edg/124.0.0.0"
66.249.66.1 - - [08/Nov/2024:01:25:30 +0000] "GET /blog/post-3 HTTP/1.1" 200 4936 "-" "Mozilla/5.0 (compatible; Googlebot/2.1; +http://www.google.com/bot.html)"
17.58.99.83 - - [08/Nov/2024:01:25:40 +0000] "GET /api/status HTTP/1.1" 200 700 "-" "Mozilla/5.0 (compatible; Googlebot/2.1; +http://www.google.com/bot.html)"
66.249.66.1 - - [08/Nov/2024:01:25:52 +0000] "GET /favicon.ico HTTP/1.1" 200 1521 "https://corpx.local/" "Mozilla/5.0 (compatible; Googlebot/2.1; +http://www.google.com/bot.html)"
2.56.57.100 - - [08/Nov/2024:01:26:17 +0000] "GET /sitemap.xml HTTP/1.1" 200 4249 "-" "Mozilla/5.0 (iPhone; CPU iPhone OS 17_4 like Mac OS X) AppleWebKit/605.1.15 (KHTML, like Gecko) Version/17.4 Mobile/15E148 Safari/604.1"
104.244.42.65 - - [08/Nov/2024:01:26:44 +0000] "POST /login.php HTTP/1.1" 302 0 "-" "Mozilla/5.0 (Windows NT 10.0; Win64; x64; rv:125.0) Gecko/20100101 Firefox/125.0"
8.8.4.4 - - [08/Nov/2024:01:27:12 +0000] "GET /dashboard.php HTTP/1.1" 200 9868 "https://corpx.local/" "Mozilla/5.0 (Windows NT 10.0; Win64; x64) AppleWebKit/537.36 (KHTML, like Gecko) Chrome/124.0.0.0 Safari/537.36"
194.165.16.11 - - [08/Nov/2024:01:27:30 +0000] "GET /docs/ HTTP/1.1" 200 5460 "-" "Mozilla/5.0 (Linux; Android 14; Pixel 8) AppleWebKit/537.36 (KHTML, like Gecko) Chrome/124.0.0.0 Mobile Safari/537.36"
185.220.101.9 - - [08/Nov/2024:01:27:40 +0000] "GET /blog/post-1 HTTP/1.1" 200 6322 "https://corpx.local/" "Mozilla/5.0 (Windows NT 10.0; Win64; x64; rv:125.0) Gecko/20100101 Firefox/125.0"
142.250.80.1 - - [08/Nov/2024:01:27:57 +0000] "GET /images/hero.jpg HTTP/1.1" 200 98358 "-" "Mozilla/5.0 (Windows NT 10.0; Win64; x64; rv:125.0) Gecko/20100101 Firefox/125.0"
66.249.66.1 - - [08/Nov/2024:01:28:24 +0000] "GET /api/status HTTP/1.1" 200 202 "-" "Mozilla/5.0 (compatible; Googlebot/2.1; +http://www.google.com/bot.html)"
172.16.254.1 - - [08/Nov/2024:01:28:38 +0000] "GET /sitemap.xml HTTP/1.1" 200 4203 "-" "Mozilla/5.0 (Windows NT 10.0; Win64; x64) AppleWebKit/537.36 (KHTML, like Gecko) Chrome/124.0.0.0 Safari/537.36 Edg/124.0.0.0"
185.220.101.9 - - [08/Nov/2024:01:28:51 +0000] "GET /blog/post-3 HTTP/1.1" 200 4418 "https://corpx.local/" "Mozilla/5.0 (X11; Linux x86_64; rv:125.0) Gecko/20100101 Firefox/125.0"
99.83.231.61 - - [08/Nov/2024:01:28:55 +0000] "GET /blog/ HTTP/1.1" 200 8405 "-" "Mozilla/5.0 (Windows NT 10.0; Win64; x64; rv:125.0) Gecko/20100101 Firefox/125.0"
17.58.99.83 - - [08/Nov/2024:01:29:05 +0000] "GET /404.html HTTP/1.1" 404 2696 "-" "Mozilla/5.0 (compatible; Googlebot/2.1; +http://www.google.com/bot.html)"
17.58.99.83 - - [08/Nov/2024:01:29:30 +0000] "GET /favicon.ico HTTP/1.1" 200 1364 "-" "Mozilla/5.0 (compatible; Googlebot/2.1; +http://www.google.com/bot.html)"
198.51.100.23 - - [08/Nov/2024:01:29:33 +0000] "GET /blog/post-2 HTTP/1.1" 200 5787 "-" "Mozilla/5.0 (X11; Linux x86_64; rv:125.0) Gecko/20100101 Firefox/125.0"
165.227.88.12 - - [08/Nov/2024:01:29:51 +0000] "GET /feed/ HTTP/1.1" 200 12140 "-" "Mozilla/5.0 (Windows NT 10.0; Win64; x64) AppleWebKit/537.36 (KHTML, like Gecko) Chrome/124.0.0.0 Safari/537.36"
91.108.4.22 - - [08/Nov/2024:01:30:01 +0000] "GET /blog/post-3 HTTP/1.1" 200 4819 "https://google.com/" "Mozilla/5.0 (Windows NT 10.0; Win64; x64) AppleWebKit/537.36 (KHTML, like Gecko) Chrome/124.0.0.0 Safari/537.36"
66.249.64.20 - - [08/Nov/2024:01:30:27 +0000] "GET /about.html HTTP/1.1" 200 3933 "https://corpx.local/" "Mozilla/5.0 (compatible; Googlebot/2.1; +http://www.google.com/bot.html)"
198.51.100.23 - - [08/Nov/2024:01:30:47 +0000] "GET /sitemap.xml HTTP/1.1" 200 4409 "-" "Mozilla/5.0 (Linux; Android 14; Pixel 8) AppleWebKit/537.36 (KHTML, like Gecko) Chrome/124.0.0.0 Mobile Safari/537.36"
142.250.80.1 - - [08/Nov/2024:01:31:10 +0000] "GET /images/hero.jpg HTTP/1.1" 200 98266 "https://google.com/" "Mozilla/5.0 (X11; Linux x86_64; rv:125.0) Gecko/20100101 Firefox/125.0"
13.107.42.14 - - [08/Nov/2024:01:31:22 +0000] "GET /images/hero.jpg HTTP/1.1" 200 98456 "https://google.com/" "Mozilla/5.0 (iPhone; CPU iPhone OS 17_4 like Mac OS X) AppleWebKit/605.1.15 (KHTML, like Gecko) Version/17.4 Mobile/15E148 Safari/604.1"
185.220.101.9 - - [08/Nov/2024:01:31:44 +0000] "GET /js/main.js HTTP/1.1" 200 15001 "https://google.com/" "Mozilla/5.0 (iPhone; CPU iPhone OS 17_4 like Mac OS X) AppleWebKit/605.1.15 (KHTML, like Gecko) Version/17.4 Mobile/15E148 Safari/604.1"
198.51.100.23 - - [08/Nov/2024:01:32:02 +0000] "GET /docs/ HTTP/1.1" 200 5413 "-" "Mozilla/5.0 (Windows NT 10.0; Win64; x64) AppleWebKit/537.36 (KHTML, like Gecko) Chrome/124.0.0.0 Safari/537.36 Edg/124.0.0.0"
2.56.57.100 - - [08/Nov/2024:01:32:23 +0000] "GET /services.html HTTP/1.1" 200 5943 "-" "Mozilla/5.0 (X11; Linux x86_64; rv:125.0) Gecko/20100101 Firefox/125.0"
192.0.2.88 - - [08/Nov/2024:01:32:35 +0000] "GET /blog/post-3 HTTP/1.1" 200 5140 "https://google.com/" "Mozilla/5.0 (X11; Linux x86_64; rv:125.0) Gecko/20100101 Firefox/125.0"
194.165.16.11 - - [08/Nov/2024:01:32:56 +0000] "GET /login.php HTTP/1.1" 200 5684 "https://corpx.local/" "Mozilla/5.0 (Windows NT 10.0; Win64; x64; rv:125.0) Gecko/20100101 Firefox/125.0"
203.0.113.45 - - [08/Nov/2024:01:33:01 +0000] "POST /contact.php HTTP/1.1" 200 736 "https://google.com/" "Mozilla/5.0 (X11; Linux x86_64; rv:125.0) Gecko/20100101 Firefox/125.0"
66.249.64.20 - - [08/Nov/2024:01:33:07 +0000] "GET /404.html HTTP/1.1" 404 2335 "https://google.com/" "Mozilla/5.0 (compatible; Googlebot/2.1; +http://www.google.com/bot.html)"
77.88.55.66 - - [08/Nov/2024:01:33:13 +0000] "GET /404.html HTTP/1.1" 404 2639 "https://corpx.local/" "Mozilla/5.0 (Windows NT 10.0; Win64; x64) AppleWebKit/537.36 (KHTML, like Gecko) Chrome/124.0.0.0 Safari/537.36"
162.158.92.14 - - [08/Nov/2024:01:33:15 +0000] "GET /index.php HTTP/1.1" 200 12853 "-" "Mozilla/5.0 (Macintosh; Intel Mac OS X 10_15_7) AppleWebKit/605.1.15 (KHTML, like Gecko) Version/17.4 Safari/605.1.15"
172.67.13.249 - - [08/Nov/2024:01:33:17 +0000] "GET /sitemap.xml HTTP/1.1" 200 4228 "https://google.com/" "Mozilla/5.0 (X11; Linux x86_64; rv:125.0) Gecko/20100101 Firefox/125.0"
8.8.4.4 - - [08/Nov/2024:01:33:33 +0000] "GET /feed/ HTTP/1.1" 200 12507 "-" "Mozilla/5.0 (Windows NT 10.0; Win64; x64) AppleWebKit/537.36 (KHTML, like Gecko) Chrome/124.0.0.0 Safari/537.36"
54.230.123.44 - - [08/Nov/2024:01:33:43 +0000] "GET /feed/ HTTP/1.1" 200 11893 "https://google.com/" "Mozilla/5.0 (Windows NT 10.0; Win64; x64; rv:125.0) Gecko/20100101 Firefox/125.0"
93.184.216.34 - - [08/Nov/2024:01:33:54 +0000] "GET /search?q=security HTTP/1.1" 200 7530 "https://corpx.local/" "Mozilla/5.0 (Windows NT 10.0; Win64; x64) AppleWebKit/537.36 (KHTML, like Gecko) Chrome/124.0.0.0 Safari/537.36"
66.249.66.1 - - [08/Nov/2024:01:34:07 +0000] "GET /api/status HTTP/1.1" 200 824 "https://corpx.local/" "Mozilla/5.0 (compatible; Googlebot/2.1; +http://www.google.com/bot.html)"
52.26.198.20 - - [08/Nov/2024:01:34:18 +0000] "GET /404.html HTTP/1.1" 404 2354 "https://corpx.local/" "Mozilla/5.0 (Windows NT 10.0; Win64; x64) AppleWebKit/537.36 (KHTML, like Gecko) Chrome/124.0.0.0 Safari/537.36 Edg/124.0.0.0"
93.184.216.34 - - [08/Nov/2024:01:34:44 +0000] "GET /about.html HTTP/1.1" 200 4564 "https://corpx.local/" "Mozilla/5.0 (Windows NT 10.0; Win64; x64; rv:125.0) Gecko/20100101 Firefox/125.0"
165.227.88.12 - - [08/Nov/2024:01:34:47 +0000] "GET /search?q=linux HTTP/1.1" 200 7338 "https://google.com/" "Mozilla/5.0 (iPhone; CPU iPhone OS 17_4 like Mac OS X) AppleWebKit/605.1.15 (KHTML, like Gecko) Version/17.4 Mobile/15E148 Safari/604.1"
172.67.13.249 - - [08/Nov/2024:01:34:57 +0000] "GET /about.html HTTP/1.1" 200 4155 "https://google.com/" "Mozilla/5.0 (Windows NT 10.0; Win64; x64) AppleWebKit/537.36 (KHTML, like Gecko) Chrome/124.0.0.0 Safari/537.36"
108.162.236.1 - - [08/Nov/2024:01:35:07 +0000] "POST /login.php HTTP/1.1" 302 0 "https://google.com/" "Mozilla/5.0 (Windows NT 10.0; Win64; x64) AppleWebKit/537.36 (KHTML, like Gecko) Chrome/124.0.0.0 Safari/537.36 Edg/124.0.0.0"
157.240.22.35 - - [08/Nov/2024:01:35:21 +0000] "GET /favicon.ico HTTP/1.1" 200 1093 "https://corpx.local/" "Mozilla/5.0 (Linux; Android 14; Pixel 8) AppleWebKit/537.36 (KHTML, like Gecko) Chrome/124.0.0.0 Mobile Safari/537.36"
54.230.123.44 - - [08/Nov/2024:01:35:23 +0000] "GET /images/hero.jpg HTTP/1.1" 200 98546 "https://google.com/" "Mozilla/5.0 (iPhone; CPU iPhone OS 17_4 like Mac OS X) AppleWebKit/605.1.15 (KHTML, like Gecko) Version/17.4 Mobile/15E148 Safari/604.1"
172.16.254.1 - - [08/Nov/2024:01:35:49 +0000] "GET /profile.php HTTP/1.1" 200 6941 "https://corpx.local/" "Mozilla/5.0 (Windows NT 10.0; Win64; x64) AppleWebKit/537.36 (KHTML, like Gecko) Chrome/124.0.0.0 Safari/537.36"
157.240.22.35 - - [08/Nov/2024:01:36:01 +0000] "GET /blog/ HTTP/1.1" 200 9134 "https://google.com/" "Mozilla/5.0 (Windows NT 10.0; Win64; x64) AppleWebKit/537.36 (KHTML, like Gecko) Chrome/124.0.0.0 Safari/537.36"
66.249.66.1 - - [08/Nov/2024:01:36:23 +0000] "GET /index.php HTTP/1.1" 200 12172 "-" "Mozilla/5.0 (compatible; Googlebot/2.1; +http://www.google.com/bot.html)"
185.107.56.90 - - [08/Nov/2024:01:36:31 +0000] "GET /images/logo.png HTTP/1.1" 200 35039 "https://google.com/" "Mozilla/5.0 (X11; Linux x86_64; rv:125.0) Gecko/20100101 Firefox/125.0"
142.250.80.1 - - [08/Nov/2024:01:36:33 +0000] "GET /favicon.ico HTTP/1.1" 200 1705 "https://corpx.local/" "Mozilla/5.0 (Linux; Android 14; Pixel 8) AppleWebKit/537.36 (KHTML, like Gecko) Chrome/124.0.0.0 Mobile Safari/537.36"
66.249.66.1 - - [08/Nov/2024:01:36:45 +0000] "GET /feed/ HTTP/1.1" 200 11923 "https://google.com/" "Mozilla/5.0 (compatible; Googlebot/2.1; +http://www.google.com/bot.html)"
185.107.56.90 - - [08/Nov/2024:01:36:50 +0000] "GET /css/style.css HTTP/1.1" 200 23621 "https://corpx.local/" "Mozilla/5.0 (Windows NT 10.0; Win64; x64) AppleWebKit/537.36 (KHTML, like Gecko) Chrome/124.0.0.0 Safari/537.36 Edg/124.0.0.0"
91.108.4.22 - - [08/Nov/2024:01:36:58 +0000] "GET /wp-login.php HTTP/1.1" 404 0 "-" "Mozilla/5.0 (Windows NT 10.0; Win64; x64) AppleWebKit/537.36 (KHTML, like Gecko) Chrome/124.0.0.0 Safari/537.36"
2.56.57.100 - - [08/Nov/2024:01:37:14 +0000] "GET /contact.html HTTP/1.1" 200 2978 "https://corpx.local/" "Mozilla/5.0 (iPhone; CPU iPhone OS 17_4 like Mac OS X) AppleWebKit/605.1.15 (KHTML, like Gecko) Version/17.4 Mobile/15E148 Safari/604.1"
66.249.66.1 - - [08/Nov/2024:01:37:37 +0000] "GET /blog/post-2 HTTP/1.1" 200 5558 "https://corpx.local/" "Mozilla/5.0 (compatible; Googlebot/2.1; +http://www.google.com/bot.html)"
40.77.167.80 - - [08/Nov/2024:01:38:00 +0000] "GET /blog/post-2 HTTP/1.1" 200 5057 "-" "Mozilla/5.0 (compatible; Googlebot/2.1; +http://www.google.com/bot.html)"
192.0.2.88 - - [08/Nov/2024:01:38:28 +0000] "GET /blog/post-1 HTTP/1.1" 200 6963 "https://google.com/" "Mozilla/5.0 (Windows NT 10.0; Win64; x64) AppleWebKit/537.36 (KHTML, like Gecko) Chrome/124.0.0.0 Safari/537.36 Edg/124.0.0.0"
185.220.101.9 - - [08/Nov/2024:01:38:43 +0000] "GET /profile.php HTTP/1.1" 200 7279 "https://corpx.local/" "Mozilla/5.0 (Windows NT 10.0; Win64; x64; rv:125.0) Gecko/20100101 Firefox/125.0"
54.230.123.44 - - [08/Nov/2024:01:39:05 +0000] "GET /about.html HTTP/1.1" 200 4383 "https://google.com/" "Mozilla/5.0 (Linux; Android 14; Pixel 8) AppleWebKit/537.36 (KHTML, like Gecko) Chrome/124.0.0.0 Mobile Safari/537.36"
108.162.236.1 - - [08/Nov/2024:01:39:15 +0000] "GET /blog/post-1 HTTP/1.1" 200 6771 "https://google.com/" "Mozilla/5.0 (Windows NT 10.0; Win64; x64; rv:125.0) Gecko/20100101 Firefox/125.0"
52.26.198.20 - - [08/Nov/2024:01:39:38 +0000] "GET /js/main.js HTTP/1.1" 200 15452 "-" "Mozilla/5.0 (Windows NT 10.0; Win64; x64; rv:125.0) Gecko/20100101 Firefox/125.0"
104.244.42.65 - - [08/Nov/2024:01:39:42 +0000] "GET /blog/ HTTP/1.1" 200 8507 "https://corpx.local/" "Mozilla/5.0 (Windows NT 10.0; Win64; x64; rv:125.0) Gecko/20100101 Firefox/125.0"
185.107.56.90 - - [08/Nov/2024:01:39:43 +0000] "GET /login.php HTTP/1.1" 200 5309 "https://corpx.local/" "Mozilla/5.0 (iPhone; CPU iPhone OS 17_4 like Mac OS X) AppleWebKit/605.1.15 (KHTML, like Gecko) Version/17.4 Mobile/15E148 Safari/604.1"
77.88.55.66 - - [08/Nov/2024:01:40:09 +0000] "GET /api/status HTTP/1.1" 200 0 "-" "Mozilla/5.0 (iPhone; CPU iPhone OS 17_4 like Mac OS X) AppleWebKit/605.1.15 (KHTML, like Gecko) Version/17.4 Mobile/15E148 Safari/604.1"
46.101.45.200 - - [08/Nov/2024:01:40:19 +0000] "GET /wp-login.php HTTP/1.1" 404 0 "https://corpx.local/" "Mozilla/5.0 (Linux; Android 14; Pixel 8) AppleWebKit/537.36 (KHTML, like Gecko) Chrome/124.0.0.0 Mobile Safari/537.36"
139.162.100.5 - - [08/Nov/2024:01:40:36 +0000] "GET /images/hero.jpg HTTP/1.1" 200 99108 "https://google.com/" "Mozilla/5.0 (Windows NT 10.0; Win64; x64; rv:125.0) Gecko/20100101 Firefox/125.0"
77.88.55.66 - - [08/Nov/2024:01:40:39 +0000] "GET /dashboard.php HTTP/1.1" 200 9451 "https://corpx.local/" "Mozilla/5.0 (X11; Linux x86_64; rv:125.0) Gecko/20100101 Firefox/125.0"
54.230.123.44 - - [08/Nov/2024:01:40:54 +0000] "GET /api/status HTTP/1.1" 200 693 "https://google.com/" "Mozilla/5.0 (Macintosh; Intel Mac OS X 10_15_7) AppleWebKit/605.1.15 (KHTML, like Gecko) Version/17.4 Safari/605.1.15"
52.26.198.20 - - [08/Nov/2024:01:41:15 +0000] "GET /blog/ HTTP/1.1" 200 8708 "https://google.com/" "Mozilla/5.0 (Windows NT 10.0; Win64; x64; rv:125.0) Gecko/20100101 Firefox/125.0"
172.16.254.1 - - [08/Nov/2024:01:41:43 +0000] "GET /contact.html HTTP/1.1" 200 3240 "-" "Mozilla/5.0 (Windows NT 10.0; Win64; x64; rv:125.0) Gecko/20100101 Firefox/125.0"
157.240.22.35 - - [08/Nov/2024:01:41:53 +0000] "GET /css/style.css HTTP/1.1" 200 23913 "https://google.com/" "Mozilla/5.0 (Macintosh; Intel Mac OS X 10_15_7) AppleWebKit/605.1.15 (KHTML, like Gecko) Version/17.4 Safari/605.1.15"
54.230.123.44 - - [08/Nov/2024:01:42:01 +0000] "GET /api/status HTTP/1.1" 200 135 "-" "Mozilla/5.0 (iPhone; CPU iPhone OS 17_4 like Mac OS X) AppleWebKit/605.1.15 (KHTML, like Gecko) Version/17.4 Mobile/15E148 Safari/604.1"
104.244.42.65 - - [08/Nov/2024:01:42:10 +0000] "POST /contact.php HTTP/1.1" 200 671 "-" "Mozilla/5.0 (Linux; Android 14; Pixel 8) AppleWebKit/537.36 (KHTML, like Gecko) Chrome/124.0.0.0 Mobile Safari/537.36"
108.162.236.1 - - [08/Nov/2024:01:42:31 +0000] "POST /contact.php HTTP/1.1" 200 485 "https://google.com/" "Mozilla/5.0 (iPhone; CPU iPhone OS 17_4 like Mac OS X) AppleWebKit/605.1.15 (KHTML, like Gecko) Version/17.4 Mobile/15E148 Safari/604.1"
157.240.22.35 - - [08/Nov/2024:01:42:52 +0000] "GET /login.php HTTP/1.1" 200 5089 "-" "Mozilla/5.0 (iPhone; CPU iPhone OS 17_4 like Mac OS X) AppleWebKit/605.1.15 (KHTML, like Gecko) Version/17.4 Mobile/15E148 Safari/604.1"
99.83.231.61 - - [08/Nov/2024:01:43:14 +0000] "GET /login.php HTTP/1.1" 200 4974 "-" "Mozilla/5.0 (Windows NT 10.0; Win64; x64; rv:125.0) Gecko/20100101 Firefox/125.0"
203.0.113.45 - - [08/Nov/2024:01:43:17 +0000] "GET /feed/ HTTP/1.1" 200 12435 "https://corpx.local/" "Mozilla/5.0 (Linux; Android 14; Pixel 8) AppleWebKit/537.36 (KHTML, like Gecko) Chrome/124.0.0.0 Mobile Safari/537.36"
151.101.1.69 - - [08/Nov/2024:01:43:38 +0000] "GET /login.php HTTP/1.1" 200 5358 "https://google.com/" "Mozilla/5.0 (Windows NT 10.0; Win64; x64; rv:125.0) Gecko/20100101 Firefox/125.0"
198.51.100.23 - - [08/Nov/2024:01:43:59 +0000] "GET /api/status HTTP/1.1" 200 487 "https://google.com/" "Mozilla/5.0 (Windows NT 10.0; Win64; x64) AppleWebKit/537.36 (KHTML, like Gecko) Chrome/124.0.0.0 Safari/537.36 Edg/124.0.0.0"
108.162.236.1 - - [08/Nov/2024:01:44:09 +0000] "GET /blog/post-3 HTTP/1.1" 200 5214 "https://google.com/" "Mozilla/5.0 (Windows NT 10.0; Win64; x64) AppleWebKit/537.36 (KHTML, like Gecko) Chrome/124.0.0.0 Safari/537.36 Edg/124.0.0.0"
108.162.236.1 - - [08/Nov/2024:01:44:22 +0000] "GET /about.html HTTP/1.1" 200 4525 "-" "Mozilla/5.0 (Windows NT 10.0; Win64; x64) AppleWebKit/537.36 (KHTML, like Gecko) Chrome/124.0.0.0 Safari/537.36 Edg/124.0.0.0"
66.249.66.1 - - [08/Nov/2024:01:44:28 +0000] "GET /images/hero.jpg HTTP/1.1" 200 98760 "https://corpx.local/" "Mozilla/5.0 (compatible; Googlebot/2.1; +http://www.google.com/bot.html)"
99.83.231.61 - - [08/Nov/2024:01:44:35 +0000] "GET /blog/ HTTP/1.1" 200 8585 "https://google.com/" "Mozilla/5.0 (iPhone; CPU iPhone OS 17_4 like Mac OS X) AppleWebKit/605.1.15 (KHTML, like Gecko) Version/17.4 Mobile/15E148 Safari/604.1"
54.230.123.44 - - [08/Nov/2024:01:44:46 +0000] "GET /blog/ HTTP/1.1" 200 9043 "https://corpx.local/" "Mozilla/5.0 (Windows NT 10.0; Win64; x64) AppleWebKit/537.36 (KHTML, like Gecko) Chrome/124.0.0.0 Safari/537.36 Edg/124.0.0.0"
194.165.16.11 - - [08/Nov/2024:01:45:03 +0000] "GET /blog/post-3 HTTP/1.1" 200 4867 "-" "Mozilla/5.0 (X11; Linux x86_64; rv:125.0) Gecko/20100101 Firefox/125.0"
66.249.66.1 - - [08/Nov/2024:01:45:12 +0000] "GET /blog/post-3 HTTP/1.1" 200 4534 "-" "Mozilla/5.0 (compatible; Googlebot/2.1; +http://www.google.com/bot.html)"
162.158.92.14 - - [08/Nov/2024:01:45:14 +0000] "GET /docs/ HTTP/1.1" 200 5562 "https://corpx.local/" "Mozilla/5.0 (Windows NT 10.0; Win64; x64) AppleWebKit/537.36 (KHTML, like Gecko) Chrome/124.0.0.0 Safari/537.36 Edg/124.0.0.0"
157.240.22.35 - - [08/Nov/2024:01:45:22 +0000] "GET /css/style.css HTTP/1.1" 200 23912 "https://google.com/" "Mozilla/5.0 (Windows NT 10.0; Win64; x64; rv:125.0) Gecko/20100101 Firefox/125.0"
172.67.13.249 - - [08/Nov/2024:01:45:46 +0000] "GET /feed/ HTTP/1.1" 200 12008 "https://corpx.local/" "Mozilla/5.0 (Macintosh; Intel Mac OS X 10_15_7) AppleWebKit/605.1.15 (KHTML, like Gecko) Version/17.4 Safari/605.1.15"
66.249.64.20 - - [08/Nov/2024:01:46:03 +0000] "GET /robots.txt HTTP/1.1" 200 656 "https://corpx.local/" "Mozilla/5.0 (compatible; Googlebot/2.1; +http://www.google.com/bot.html)"
198.51.100.23 - - [08/Nov/2024:01:46:19 +0000] "GET /images/logo.png HTTP/1.1" 200 34584 "https://corpx.local/" "Mozilla/5.0 (Windows NT 10.0; Win64; x64) AppleWebKit/537.36 (KHTML, like Gecko) Chrome/124.0.0.0 Safari/537.36"
151.101.1.69 - - [08/Nov/2024:01:46:27 +0000] "GET /js/main.js HTTP/1.1" 200 14981 "-" "Mozilla/5.0 (iPhone; CPU iPhone OS 17_4 like Mac OS X) AppleWebKit/605.1.15 (KHTML, like Gecko) Version/17.4 Mobile/15E148 Safari/604.1"
40.77.167.80 - - [08/Nov/2024:01:46:37 +0000] "POST /login.php HTTP/1.1" 302 0 "https://google.com/" "Mozilla/5.0 (compatible; Googlebot/2.1; +http://www.google.com/bot.html)"
17.58.99.83 - - [08/Nov/2024:01:46:59 +0000] "GET /team.html HTTP/1.1" 200 4616 "-" "Mozilla/5.0 (compatible; Googlebot/2.1; +http://www.google.com/bot.html)"
194.165.16.11 - - [08/Nov/2024:01:47:27 +0000] "GET /blog/ HTTP/1.1" 200 9168 "https://corpx.local/" "Mozilla/5.0 (Windows NT 10.0; Win64; x64) AppleWebKit/537.36 (KHTML, like Gecko) Chrome/124.0.0.0 Safari/537.36 Edg/124.0.0.0"
185.107.56.90 - - [08/Nov/2024:01:47:51 +0000] "GET /images/logo.png HTTP/1.1" 200 34441 "-" "Mozilla/5.0 (Windows NT 10.0; Win64; x64; rv:125.0) Gecko/20100101 Firefox/125.0"
172.16.254.1 - - [08/Nov/2024:01:48:04 +0000] "POST /contact.php HTTP/1.1" 200 589 "https://corpx.local/" "Mozilla/5.0 (iPhone; CPU iPhone OS 17_4 like Mac OS X) AppleWebKit/605.1.15 (KHTML, like Gecko) Version/17.4 Mobile/15E148 Safari/604.1"
162.158.92.14 - - [08/Nov/2024:01:48:22 +0000] "GET /images/logo.png HTTP/1.1" 200 34583 "https://corpx.local/" "Mozilla/5.0 (Windows NT 10.0; Win64; x64) AppleWebKit/537.36 (KHTML, like Gecko) Chrome/124.0.0.0 Safari/537.36"
93.184.216.34 - - [08/Nov/2024:01:48:47 +0000] "POST /login.php HTTP/1.1" 302 0 "https://google.com/" "Mozilla/5.0 (Windows NT 10.0; Win64; x64; rv:125.0) Gecko/20100101 Firefox/125.0"
91.108.4.22 - - [08/Nov/2024:01:49:07 +0000] "GET /contact.html HTTP/1.1" 200 3113 "https://corpx.local/" "Mozilla/5.0 (Macintosh; Intel Mac OS X 10_15_7) AppleWebKit/605.1.15 (KHTML, like Gecko) Version/17.4 Safari/605.1.15"
99.83.231.61 - - [08/Nov/2024:01:49:33 +0000] "GET /js/main.js HTTP/1.1" 200 15705 "-" "Mozilla/5.0 (iPhone; CPU iPhone OS 17_4 like Mac OS X) AppleWebKit/605.1.15 (KHTML, like Gecko) Version/17.4 Mobile/15E148 Safari/604.1"
46.101.45.200 - - [08/Nov/2024:01:49:40 +0000] "GET /index.php HTTP/1.1" 200 12089 "-" "Mozilla/5.0 (iPhone; CPU iPhone OS 17_4 like Mac OS X) AppleWebKit/605.1.15 (KHTML, like Gecko) Version/17.4 Mobile/15E148 Safari/604.1"
99.83.231.61 - - [08/Nov/2024:01:49:45 +0000] "GET /robots.txt HTTP/1.1" 200 287 "https://corpx.local/" "Mozilla/5.0 (Windows NT 10.0; Win64; x64; rv:125.0) Gecko/20100101 Firefox/125.0"
77.88.55.66 - - [08/Nov/2024:01:49:50 +0000] "POST /login.php HTTP/1.1" 302 0 "https://corpx.local/" "Mozilla/5.0 (X11; Linux x86_64; rv:125.0) Gecko/20100101 Firefox/125.0"
46.101.45.200 - - [08/Nov/2024:01:49:56 +0000] "GET /wp-login.php HTTP/1.1" 404 0 "https://corpx.local/" "Mozilla/5.0 (iPhone; CPU iPhone OS 17_4 like Mac OS X) AppleWebKit/605.1.15 (KHTML, like Gecko) Version/17.4 Mobile/15E148 Safari/604.1"
99.83.231.61 - - [08/Nov/2024:01:50:15 +0000] "GET /search?q=linux HTTP/1.1" 200 7675 "https://google.com/" "Mozilla/5.0 (iPhone; CPU iPhone OS 17_4 like Mac OS X) AppleWebKit/605.1.15 (KHTML, like Gecko) Version/17.4 Mobile/15E148 Safari/604.1"
108.162.236.1 - - [08/Nov/2024:01:50:31 +0000] "GET /search?q=linux HTTP/1.1" 200 7171 "https://corpx.local/" "Mozilla/5.0 (Windows NT 10.0; Win64; x64) AppleWebKit/537.36 (KHTML, like Gecko) Chrome/124.0.0.0 Safari/537.36 Edg/124.0.0.0"
91.108.4.22 - - [08/Nov/2024:01:50:42 +0000] "GET /login.php HTTP/1.1" 200 5247 "https://google.com/" "Mozilla/5.0 (Windows NT 10.0; Win64; x64) AppleWebKit/537.36 (KHTML, like Gecko) Chrome/124.0.0.0 Safari/537.36 Edg/124.0.0.0"
198.51.100.23 - - [08/Nov/2024:01:51:10 +0000] "GET /robots.txt HTTP/1.1" 200 27 "https://google.com/" "Mozilla/5.0 (iPhone; CPU iPhone OS 17_4 like Mac OS X) AppleWebKit/605.1.15 (KHTML, like Gecko) Version/17.4 Mobile/15E148 Safari/604.1"
216.58.214.46 - - [08/Nov/2024:01:51:36 +0000] "GET /index.php HTTP/1.1" 200 12640 "https://corpx.local/" "Mozilla/5.0 (Linux; Android 14; Pixel 8) AppleWebKit/537.36 (KHTML, like Gecko) Chrome/124.0.0.0 Mobile Safari/537.36"
2.56.57.100 - - [08/Nov/2024:01:51:42 +0000] "GET /search?q=linux HTTP/1.1" 200 7851 "-" "Mozilla/5.0 (Macintosh; Intel Mac OS X 10_15_7) AppleWebKit/605.1.15 (KHTML, like Gecko) Version/17.4 Safari/605.1.15"
91.108.4.22 - - [08/Nov/2024:01:51:44 +0000] "GET / HTTP/1.1" 200 12494 "https://corpx.local/" "Mozilla/5.0 (Macintosh; Intel Mac OS X 10_15_7) AppleWebKit/605.1.15 (KHTML, like Gecko) Version/17.4 Safari/605.1.15"
142.250.80.1 - - [08/Nov/2024:01:51:58 +0000] "GET /404.html HTTP/1.1" 404 2053 "https://corpx.local/" "Mozilla/5.0 (Windows NT 10.0; Win64; x64) AppleWebKit/537.36 (KHTML, like Gecko) Chrome/124.0.0.0 Safari/537.36 Edg/124.0.0.0"
17.58.99.83 - - [08/Nov/2024:01:52:15 +0000] "GET /docs/ HTTP/1.1" 200 5800 "https://google.com/" "Mozilla/5.0 (compatible; Googlebot/2.1; +http://www.google.com/bot.html)"
172.16.254.1 - - [08/Nov/2024:01:52:39 +0000] "GET /blog/ HTTP/1.1" 200 8796 "-" "Mozilla/5.0 (Linux; Android 14; Pixel 8) AppleWebKit/537.36 (KHTML, like Gecko) Chrome/124.0.0.0 Mobile Safari/537.36"
172.67.13.249 - - [08/Nov/2024:01:52:57 +0000] "GET /robots.txt HTTP/1.1" 200 294 "https://corpx.local/" "Mozilla/5.0 (Linux; Android 14; Pixel 8) AppleWebKit/537.36 (KHTML, like Gecko) Chrome/124.0.0.0 Mobile Safari/537.36"
52.26.198.20 - - [08/Nov/2024:01:53:08 +0000] "POST /contact.php HTTP/1.1" 200 740 "https://google.com/" "Mozilla/5.0 (Windows NT 10.0; Win64; x64) AppleWebKit/537.36 (KHTML, like Gecko) Chrome/124.0.0.0 Safari/537.36 Edg/124.0.0.0"
8.8.4.4 - - [08/Nov/2024:01:53:20 +0000] "GET /robots.txt HTTP/1.1" 200 0 "-" "Mozilla/5.0 (iPhone; CPU iPhone OS 17_4 like Mac OS X) AppleWebKit/605.1.15 (KHTML, like Gecko) Version/17.4 Mobile/15E148 Safari/604.1"
108.162.236.1 - - [08/Nov/2024:01:53:29 +0000] "GET /team.html HTTP/1.1" 200 4856 "https://corpx.local/" "Mozilla/5.0 (Macintosh; Intel Mac OS X 10_15_7) AppleWebKit/605.1.15 (KHTML, like Gecko) Version/17.4 Safari/605.1.15"
151.101.1.69 - - [08/Nov/2024:01:53:52 +0000] "GET /404.html HTTP/1.1" 404 2345 "https://corpx.local/" "Mozilla/5.0 (Linux; Android 14; Pixel 8) AppleWebKit/537.36 (KHTML, like Gecko) Chrome/124.0.0.0 Mobile Safari/537.36"
54.230.123.44 - - [08/Nov/2024:01:54:08 +0000] "GET /search?q=security HTTP/1.1" 200 7892 "https://corpx.local/" "Mozilla/5.0 (iPhone; CPU iPhone OS 17_4 like Mac OS X) AppleWebKit/605.1.15 (KHTML, like Gecko) Version/17.4 Mobile/15E148 Safari/604.1"
91.108.4.22 - - [08/Nov/2024:01:54:18 +0000] "GET /profile.php HTTP/1.1" 200 6845 "https://corpx.local/" "Mozilla/5.0 (iPhone; CPU iPhone OS 17_4 like Mac OS X) AppleWebKit/605.1.15 (KHTML, like Gecko) Version/17.4 Mobile/15E148 Safari/604.1"
54.230.123.44 - - [08/Nov/2024:01:54:31 +0000] "GET /search?q=security HTTP/1.1" 200 7303 "https://corpx.local/" "Mozilla/5.0 (Windows NT 10.0; Win64; x64; rv:125.0) Gecko/20100101 Firefox/125.0"
162.158.92.14 - - [08/Nov/2024:01:54:33 +0000] "GET /about.html HTTP/1.1" 200 4174 "https://corpx.local/" "Mozilla/5.0 (Linux; Android 14; Pixel 8) AppleWebKit/537.36 (KHTML, like Gecko) Chrome/124.0.0.0 Mobile Safari/537.36"
8.8.4.4 - - [08/Nov/2024:01:54:54 +0000] "GET /robots.txt HTTP/1.1" 200 0 "-" "Mozilla/5.0 (Linux; Android 14; Pixel 8) AppleWebKit/537.36 (KHTML, like Gecko) Chrome/124.0.0.0 Mobile Safari/537.36"
93.184.216.34 - - [08/Nov/2024:01:55:21 +0000] "GET /404.html HTTP/1.1" 404 2123 "-" "Mozilla/5.0 (iPhone; CPU iPhone OS 17_4 like Mac OS X) AppleWebKit/605.1.15 (KHTML, like Gecko) Version/17.4 Mobile/15E148 Safari/604.1"
13.107.42.14 - - [08/Nov/2024:01:55:25 +0000] "GET /index.php HTTP/1.1" 200 12728 "https://google.com/" "Mozilla/5.0 (Macintosh; Intel Mac OS X 10_15_7) AppleWebKit/605.1.15 (KHTML, like Gecko) Version/17.4 Safari/605.1.15"
216.58.214.46 - - [08/Nov/2024:01:55:33 +0000] "GET /contact.html HTTP/1.1" 200 3133 "https://corpx.local/" "Mozilla/5.0 (Windows NT 10.0; Win64; x64) AppleWebKit/537.36 (KHTML, like Gecko) Chrome/124.0.0.0 Safari/537.36"
17.58.99.83 - - [08/Nov/2024:01:55:56 +0000] "GET /contact.html HTTP/1.1" 200 3407 "-" "Mozilla/5.0 (compatible; Googlebot/2.1; +http://www.google.com/bot.html)"
157.240.22.35 - - [08/Nov/2024:01:55:57 +0000] "GET /dashboard.php HTTP/1.1" 200 10333 "https://corpx.local/" "Mozilla/5.0 (Windows NT 10.0; Win64; x64) AppleWebKit/537.36 (KHTML, like Gecko) Chrome/124.0.0.0 Safari/537.36 Edg/124.0.0.0"
104.244.42.65 - - [08/Nov/2024:01:56:13 +0000] "GET /team.html HTTP/1.1" 200 4395 "https://corpx.local/" "Mozilla/5.0 (Windows NT 10.0; Win64; x64; rv:125.0) Gecko/20100101 Firefox/125.0"
172.16.254.1 - - [08/Nov/2024:01:56:34 +0000] "GET /about.html HTTP/1.1" 200 4487 "https://google.com/" "Mozilla/5.0 (Windows NT 10.0; Win64; x64; rv:125.0) Gecko/20100101 Firefox/125.0"
203.0.113.45 - - [08/Nov/2024:01:56:42 +0000] "GET /images/hero.jpg HTTP/1.1" 200 99168 "-" "Mozilla/5.0 (Macintosh; Intel Mac OS X 10_15_7) AppleWebKit/605.1.15 (KHTML, like Gecko) Version/17.4 Safari/605.1.15"
